
> giropro-backend@1.0.0 build
> tsc

src/__tests__/controllers/vehiclesController.test.ts(2,17): error TS2307: Cannot find module '../../src/app_simple' or its corresponding type declarations.
src/__tests__/controllers/vehiclesController.test.ts(38,44): error TS2304: Cannot find name 'appConfig'.
src/__tests__/controllers/vehiclesController.test.ts(54,38): error TS2304: Cannot find name 'appConfig'.
src/__tests__/controllers/vehiclesController.test.ts(75,38): error TS2304: Cannot find name 'appConfig'.
src/__tests__/controllers/vehiclesController.test.ts(86,38): error TS2304: Cannot find name 'appConfig'.
src/__tests__/controllers/vehiclesController.test.ts(97,21): error TS2304: Cannot find name 'appConfig'.
src/__tests__/controllers/vehiclesController.test.ts(104,38): error TS2304: Cannot find name 'appConfig'.
src/__tests__/controllers/vehiclesController.test.ts(121,38): error TS2304: Cannot find name 'appConfig'.
src/__tests__/controllers/vehiclesController.test.ts(139,40): error TS2304: Cannot find name 'appConfig'.
src/__tests__/controllers/vehiclesController.test.ts(153,40): error TS2304: Cannot find name 'appConfig'.
src/__tests__/controllers/vehiclesController.test.ts(167,21): error TS2304: Cannot find name 'appConfig'.
src/__tests__/controllers/vehiclesController.test.ts(172,21): error TS2304: Cannot find name 'appConfig'.
src/__tests__/controllers/vehiclesController.test.ts(183,38): error TS2304: Cannot find name 'appConfig'.
src/__tests__/controllers/vehiclesController.test.ts(202,46): error TS2304: Cannot find name 'appConfig'.
src/__tests__/controllers/vehiclesController.test.ts(206,38): error TS2304: Cannot find name 'appConfig'.
src/__tests__/controllers/vehiclesController.test.ts(219,38): error TS2304: Cannot find name 'appConfig'.
src/__tests__/controllers/vehiclesController.test.ts(227,38): error TS2304: Cannot find name 'appConfig'.
src/__tests__/controllers/vehiclesController.test.ts(237,38): error TS2304: Cannot find name 'appConfig'.
src/__tests__/controllers/vehiclesController.test.ts(253,44): error TS2304: Cannot find name 'appConfig'.
src/__tests__/controllers/vehiclesController.test.ts(262,38): error TS2304: Cannot find name 'appConfig'.
src/__tests__/controllers/vehiclesController.test.ts(275,38): error TS2304: Cannot find name 'appConfig'.
src/__tests__/controllers/vehiclesController.test.ts(285,38): error TS2304: Cannot find name 'appConfig'.
src/__tests__/controllers/vehiclesController.test.ts(299,47): error TS2304: Cannot find name 'appConfig'.
src/__tests__/controllers/vehiclesController.test.ts(303,38): error TS2304: Cannot find name 'appConfig'.
src/__tests__/controllers/vehiclesController.test.ts(320,44): error TS2304: Cannot find name 'appConfig'.
src/__tests__/controllers/vehiclesController.test.ts(335,38): error TS2304: Cannot find name 'appConfig'.
src/__tests__/controllers/vehiclesController.test.ts(354,38): error TS2304: Cannot find name 'appConfig'.
src/__tests__/controllers/vehiclesController.test.ts(366,38): error TS2304: Cannot find name 'appConfig'.
src/__tests__/controllers/vehiclesController.test.ts(376,38): error TS2304: Cannot find name 'appConfig'.
src/__tests__/controllers/vehiclesController.test.ts(389,44): error TS2304: Cannot find name 'appConfig'.
src/__tests__/controllers/vehiclesController.test.ts(398,38): error TS2304: Cannot find name 'appConfig'.
src/__tests__/controllers/vehiclesController.test.ts(407,41): error TS2304: Cannot find name 'appConfig'.
src/__tests__/controllers/vehiclesController.test.ts(418,38): error TS2304: Cannot find name 'appConfig'.
src/__tests__/controllers/vehiclesController.test.ts(427,38): error TS2304: Cannot find name 'appConfig'.
src/__tests__/controllers/vehiclesController.test.ts(439,38): error TS2304: Cannot find name 'appConfig'.
src/__tests__/controllers/vehiclesController.test.ts(452,44): error TS2304: Cannot find name 'appConfig'.
src/__tests__/controllers/vehiclesController.test.ts(461,38): error TS2304: Cannot find name 'appConfig'.
src/__tests__/controllers/vehiclesController.test.ts(474,38): error TS2304: Cannot find name 'appConfig'.
src/__tests__/controllers/vehiclesController.test.ts(499,38): error TS2304: Cannot find name 'appConfig'.
src/__tests__/controllers/vehiclesController.test.ts(512,38): error TS2304: Cannot find name 'appConfig'.
src/__tests__/controllers/vehiclesController.test.ts(529,38): error TS2304: Cannot find name 'appConfig'.
src/controllers/authController.ts(6,10): error TS2305: Module '"../types/common"' has no exported member 'AuthenticatedRequest'.
src/controllers/authController.ts(41,17): error TS2339: Property 'email' does not exist on type '{}'.
src/controllers/authController.ts(41,24): error TS2339: Property 'senha' does not exist on type '{}'.
src/controllers/authController.ts(41,31): error TS2339: Property 'nome' does not exist on type '{}'.
src/controllers/authController.ts(42,17): error TS2339: Property 'userId' does not exist on type 'AuthResponse'.
src/controllers/authController.ts(88,17): error TS2339: Property 'email' does not exist on type '{}'.
src/controllers/authController.ts(88,24): error TS2339: Property 'senha' does not exist on type '{}'.
src/controllers/authController.ts(89,37): error TS2339: Property 'refreshToken' does not exist on type 'AuthResponse'.
src/controllers/authController.ts(133,17): error TS2339: Property 'email' does not exist on type '{}'.
src/controllers/authController.ts(134,27): error TS2339: Property 'requestPasswordReset' does not exist on type 'typeof AuthService'.
src/controllers/authController.ts(182,17): error TS2339: Property 'token' does not exist on type '{}'.
src/controllers/authController.ts(182,24): error TS2339: Property 'newPassword' does not exist on type '{}'.
src/controllers/authController.ts(183,27): error TS2339: Property 'resetPassword' does not exist on type 'typeof AuthService'.
src/controllers/authController.ts(224,17): error TS2339: Property 'refreshToken' does not exist on type '{}'.
src/controllers/authController.ts(242,23): error TS2339: Property 'authenticate' does not exist on type 'FastifyInstance<RawServerDefault, IncomingMessage, ServerResponse<IncomingMessage>, FastifyBaseLogger, ZodTypeProvider>'.
src/controllers/dashboardController.ts(190,7): error TS2769: No overload matches this call.
  Overload 1 of 3, '(left: SQLiteColumn<{ name: "dataFim"; tableName: "jornadas"; dataType: "date"; columnType: "SQLiteTimestamp"; data: Date; driverParam: number; notNull: false; hasDefault: false; isPrimaryKey: false; ... 5 more ...; generated: undefined; }, {}, {}> | SQLiteColumn<...> | SQLiteColumn<...>, right: Date | SQLWrapper): SQL<...>', gave the following error.
    Argument of type 'number' is not assignable to parameter of type 'Date | SQLWrapper'.
  Overload 2 of 3, '(left: Aliased<number>, right: number | SQLWrapper): SQL<unknown>', gave the following error.
    Argument of type 'SQLiteColumn<{ name: "dataFim"; tableName: "jornadas"; dataType: "date"; columnType: "SQLiteTimestamp"; data: Date; driverParam: number; notNull: false; hasDefault: false; isPrimaryKey: false; ... 5 more ...; generated: undefined; }, {}, {}> | SQLiteColumn<...> | SQLiteColumn<...>' is not assignable to parameter of type 'Aliased<number>'.
      Type 'SQLiteColumn<{ name: "dataFim"; tableName: "jornadas"; dataType: "date"; columnType: "SQLiteTimestamp"; data: Date; driverParam: number; notNull: false; hasDefault: false; isPrimaryKey: false; isAutoincrement: false; ... 4 more ...; generated: undefined; }, {}, {}>' is missing the following properties from type 'Aliased<number>': sql, fieldAlias
  Overload 3 of 3, '(left: never, right: unknown): SQL<unknown>', gave the following error.
    Argument of type 'SQLiteColumn<{ name: "dataFim"; tableName: "jornadas"; dataType: "date"; columnType: "SQLiteTimestamp"; data: Date; driverParam: number; notNull: false; hasDefault: false; isPrimaryKey: false; ... 5 more ...; generated: undefined; }, {}, {}> | SQLiteColumn<...> | SQLiteColumn<...>' is not assignable to parameter of type 'never'.
      Type 'SQLiteColumn<{ name: "dataFim"; tableName: "jornadas"; dataType: "date"; columnType: "SQLiteTimestamp"; data: Date; driverParam: number; notNull: false; hasDefault: false; isPrimaryKey: false; isAutoincrement: false; ... 4 more ...; generated: undefined; }, {}, {}>' is not assignable to type 'never'.
src/controllers/dashboardController.ts(191,7): error TS2769: No overload matches this call.
  Overload 1 of 3, '(left: SQLiteColumn<{ name: "dataFim"; tableName: "jornadas"; dataType: "date"; columnType: "SQLiteTimestamp"; data: Date; driverParam: number; notNull: false; hasDefault: false; isPrimaryKey: false; ... 5 more ...; generated: undefined; }, {}, {}> | SQLiteColumn<...> | SQLiteColumn<...>, right: Date | SQLWrapper): SQL<...>', gave the following error.
    Argument of type 'number' is not assignable to parameter of type 'Date | SQLWrapper'.
  Overload 2 of 3, '(left: Aliased<number>, right: number | SQLWrapper): SQL<unknown>', gave the following error.
    Argument of type 'SQLiteColumn<{ name: "dataFim"; tableName: "jornadas"; dataType: "date"; columnType: "SQLiteTimestamp"; data: Date; driverParam: number; notNull: false; hasDefault: false; isPrimaryKey: false; ... 5 more ...; generated: undefined; }, {}, {}> | SQLiteColumn<...> | SQLiteColumn<...>' is not assignable to parameter of type 'Aliased<number>'.
      Type 'SQLiteColumn<{ name: "dataFim"; tableName: "jornadas"; dataType: "date"; columnType: "SQLiteTimestamp"; data: Date; driverParam: number; notNull: false; hasDefault: false; isPrimaryKey: false; isAutoincrement: false; ... 4 more ...; generated: undefined; }, {}, {}>' is missing the following properties from type 'Aliased<number>': sql, fieldAlias
  Overload 3 of 3, '(left: never, right: unknown): SQL<unknown>', gave the following error.
    Argument of type 'SQLiteColumn<{ name: "dataFim"; tableName: "jornadas"; dataType: "date"; columnType: "SQLiteTimestamp"; data: Date; driverParam: number; notNull: false; hasDefault: false; isPrimaryKey: false; ... 5 more ...; generated: undefined; }, {}, {}> | SQLiteColumn<...> | SQLiteColumn<...>' is not assignable to parameter of type 'never'.
      Type 'SQLiteColumn<{ name: "dataFim"; tableName: "jornadas"; dataType: "date"; columnType: "SQLiteTimestamp"; data: Date; driverParam: number; notNull: false; hasDefault: false; isPrimaryKey: false; isAutoincrement: false; ... 4 more ...; generated: undefined; }, {}, {}>' is not assignable to type 'never'.
src/controllers/dashboardController.ts(474,6): error TS7030: Not all code paths return a value.
src/controllers/dashboardController.ts(495,21): error TS2698: Spread types may only be created from object types.
src/controllers/dashboardController.ts(495,93): error TS2339: Property 'cacheInfo' does not exist on type 'unknown'.
src/controllers/dashboardController.ts(530,144): error TS2341: Property 'TTL_CONFIG' is private and only accessible within class 'DashboardCache'.
src/controllers/dashboardController.ts(538,35): error TS2304: Cannot find name 'UnauthorizedError'.
src/controllers/dashboardController.ts(540,35): error TS2304: Cannot find name 'NotFoundError'.
src/controllers/dashboardController.ts(577,6): error TS7030: Not all code paths return a value.
src/controllers/dashboardController.ts(594,19): error TS2698: Spread types may only be created from object types.
src/controllers/dashboardController.ts(594,91): error TS2339: Property 'cacheInfo' does not exist on type 'unknown'.
src/controllers/dashboardController.ts(618,35): error TS2304: Cannot find name 'UnauthorizedError'.
src/controllers/dashboardController.ts(691,6): error TS7030: Not all code paths return a value.
src/controllers/dashboardController.ts(708,19): error TS2698: Spread types may only be created from object types.
src/controllers/dashboardController.ts(708,91): error TS2339: Property 'cacheInfo' does not exist on type 'unknown'.
src/controllers/dashboardController.ts(819,35): error TS2304: Cannot find name 'UnauthorizedError'.
src/controllers/expensesController.ts(3,10): error TS2305: Module '"../types/common"' has no exported member 'AuthenticatedRequest'.
src/controllers/expensesController.ts(107,84): error TS2304: Cannot find name 'CreateExpenseRequest'.
src/controllers/expensesController.ts(142,71): error TS2554: Expected 1 arguments, but got 2.
src/controllers/expensesController.ts(190,92): error TS2304: Cannot find name 'UpdateExpenseRequest'.
src/controllers/expensesController.ts(235,40): error TS2339: Property 'getExpenseStats' does not exist on type 'typeof ExpenseService'.
src/controllers/expensesController.ts(256,53): error TS2339: Property 'getExpensesByCategory' does not exist on type 'typeof ExpenseService'.
src/controllers/expensesController.ts(268,38): error TS7030: Not all code paths return a value.
src/controllers/expensesController.ts(277,38): error TS7030: Not all code paths return a value.
src/controllers/expensesController.ts(286,34): error TS7030: Not all code paths return a value.
src/controllers/fuelingsController.ts(117,26): error TS2304: Cannot find name 'AuthenticatedRequest'.
src/controllers/fuelingsController.ts(203,24): error TS2552: Cannot find name 'CacheService'. Did you mean 'cacheService'?
src/controllers/fuelingsController.ts(210,13): error TS2552: Cannot find name 'CacheService'. Did you mean 'cacheService'?
src/controllers/fuelingsController.ts(215,23): error TS2552: Cannot find name 'CacheService'. Did you mean 'cacheService'?
src/controllers/fuelingsController.ts(252,29): error TS2552: Cannot find name 'CacheService'. Did you mean 'cacheService'?
src/controllers/fuelingsController.ts(255,61): error TS2345: Argument of type 'PriceHistoryParams' is not assignable to parameter of type 'import("/home/ubuntu/GiroPro/backend/src/services/fuel_prices_service").PriceHistoryParams'.
  Property 'periodoDias' is missing in type 'PriceHistoryParams' but required in type 'import("/home/ubuntu/GiroPro/backend/src/services/fuel_prices_service").PriceHistoryParams'.
src/controllers/fuelingsController.ts(256,13): error TS2552: Cannot find name 'CacheService'. Did you mean 'cacheService'?
src/controllers/fuelingsController.ts(260,42): error TS2341: Property 'calculatePriceStatistics' is private and only accessible within class 'FuelPricesService'.
src/controllers/fuelingsController.ts(298,32): error TS2552: Cannot find name 'CacheService'. Did you mean 'cacheService'?
src/controllers/fuelingsController.ts(301,70): error TS2345: Argument of type 'RegionalComparisonParams' is not assignable to parameter of type 'import("/home/ubuntu/GiroPro/backend/src/services/fuel_prices_service").RegionalComparisonParams'.
  Property 'incluirTendencia' is missing in type 'RegionalComparisonParams' but required in type 'import("/home/ubuntu/GiroPro/backend/src/services/fuel_prices_service").RegionalComparisonParams'.
src/controllers/fuelingsController.ts(302,13): error TS2552: Cannot find name 'CacheService'. Did you mean 'cacheService'?
src/controllers/fuelingsController.ts(306,40): error TS2339: Property 'calculateRegionalRankings' does not exist on type 'typeof FuelPricesService'.
src/controllers/fuelingsController.ts(343,33): error TS2552: Cannot find name 'CacheService'. Did you mean 'cacheService'?
src/controllers/fuelingsController.ts(371,11): error TS2304: Cannot find name 'CacheService'.
src/controllers/fuelingsController.ts(374,11): error TS2304: Cannot find name 'CacheService'.
src/controllers/fuelingsController.ts(410,23): error TS2304: Cannot find name 'CacheService'.
src/controllers/fuelingsController.ts(414,13): error TS2304: Cannot find name 'CacheService'.
src/controllers/fuelingsController.ts(451,66): error TS2345: Argument of type '{ tipoCombustivel?: "Gasolina" | "Etanol" | "Diesel" | "GNV"; latitude?: number; longitude?: number; raio?: number; }' is not assignable to parameter of type 'NearbyPricesQuery'.
  Property 'latitude' is optional in type '{ tipoCombustivel?: "Gasolina" | "Etanol" | "Diesel" | "GNV"; latitude?: number; longitude?: number; raio?: number; }' but required in type 'NearbyPricesQuery'.
src/controllers/gamificationController.ts(62,44): error TS2551: Property 'tipo_conquista' does not exist on type 'SQLiteTableWithColumns<{ name: "conquistas"; schema: undefined; columns: { id: SQLiteColumn<{ name: "id"; tableName: "conquistas"; dataType: "string"; columnType: "SQLiteText"; data: string; driverParam: string; notNull: true; hasDefault: true; ... 6 more ...; generated: undefined; }, {}, { ...; }>; ... 12 more ...;...'. Did you mean 'tipoConquista'?
src/controllers/gamificationController.ts(91,34): error TS2551: Property 'id_conquista' does not exist on type 'SQLiteTableWithColumns<{ name: "usuario_conquistas"; schema: undefined; columns: { id: SQLiteColumn<{ name: "id"; tableName: "usuario_conquistas"; dataType: "string"; columnType: "SQLiteText"; data: string; driverParam: string; ... 8 more ...; generated: undefined; }, {}, { ...; }>; ... 5 more ...; createdAt: SQLite...'. Did you mean 'idConquista'?
src/controllers/gamificationController.ts(96,33): error TS2551: Property 'ordem_exibicao' does not exist on type 'SQLiteTableWithColumns<{ name: "conquistas"; schema: undefined; columns: { id: SQLiteColumn<{ name: "id"; tableName: "conquistas"; dataType: "string"; columnType: "SQLiteText"; data: string; driverParam: string; notNull: true; hasDefault: true; ... 6 more ...; generated: undefined; }, {}, { ...; }>; ... 12 more ...;...'. Did you mean 'ordemExibicao'?
src/controllers/gamificationController.ts(158,44): error TS2551: Property 'tipo_conquista' does not exist on type 'SQLiteTableWithColumns<{ name: "conquistas"; schema: undefined; columns: { id: SQLiteColumn<{ name: "id"; tableName: "conquistas"; dataType: "string"; columnType: "SQLiteText"; data: string; driverParam: string; notNull: true; hasDefault: true; ... 6 more ...; generated: undefined; }, {}, { ...; }>; ... 12 more ...;...'. Did you mean 'tipoConquista'?
src/controllers/gamificationController.ts(179,49): error TS2551: Property 'data_desbloqueio' does not exist on type 'SQLiteTableWithColumns<{ name: "usuario_conquistas"; schema: undefined; columns: { id: SQLiteColumn<{ name: "id"; tableName: "usuario_conquistas"; dataType: "string"; columnType: "SQLiteText"; data: string; driverParam: string; ... 8 more ...; generated: undefined; }, {}, { ...; }>; ... 5 more ...; createdAt: SQLite...'. Did you mean 'dataDesbloqueio'?
src/controllers/gamificationController.ts(180,47): error TS2551: Property 'valor_atingido' does not exist on type 'SQLiteTableWithColumns<{ name: "usuario_conquistas"; schema: undefined; columns: { id: SQLiteColumn<{ name: "id"; tableName: "usuario_conquistas"; dataType: "string"; columnType: "SQLiteText"; data: string; driverParam: string; ... 8 more ...; generated: undefined; }, {}, { ...; }>; ... 5 more ...; createdAt: SQLite...'. Did you mean 'valorAtingido'?
src/controllers/gamificationController.ts(183,70): error TS2551: Property 'id_conquista' does not exist on type 'SQLiteTableWithColumns<{ name: "usuario_conquistas"; schema: undefined; columns: { id: SQLiteColumn<{ name: "id"; tableName: "usuario_conquistas"; dataType: "string"; columnType: "SQLiteText"; data: string; driverParam: string; ... 8 more ...; generated: undefined; }, {}, { ...; }>; ... 5 more ...; createdAt: SQLite...'. Did you mean 'idConquista'?
src/controllers/gamificationController.ts(185,43): error TS2551: Property 'data_desbloqueio' does not exist on type 'SQLiteTableWithColumns<{ name: "usuario_conquistas"; schema: undefined; columns: { id: SQLiteColumn<{ name: "id"; tableName: "usuario_conquistas"; dataType: "string"; columnType: "SQLiteText"; data: string; driverParam: string; ... 8 more ...; generated: undefined; }, {}, { ...; }>; ... 5 more ...; createdAt: SQLite...'. Did you mean 'dataDesbloqueio'?
src/controllers/gamificationController.ts(192,70): error TS2551: Property 'id_conquista' does not exist on type 'SQLiteTableWithColumns<{ name: "usuario_conquistas"; schema: undefined; columns: { id: SQLiteColumn<{ name: "id"; tableName: "usuario_conquistas"; dataType: "string"; columnType: "SQLiteText"; data: string; driverParam: string; ... 8 more ...; generated: undefined; }, {}, { ...; }>; ... 5 more ...; createdAt: SQLite...'. Did you mean 'idConquista'?
src/controllers/gamificationController.ts(255,15): error TS2304: Cannot find name 'nivelUsuario'.
src/controllers/gamificationController.ts(256,19): error TS2304: Cannot find name 'nivelUsuario'.
src/controllers/gamificationController.ts(261,15): error TS2304: Cannot find name 'nivelUsuario'.
src/controllers/gamificationController.ts(262,20): error TS2304: Cannot find name 'nivelUsuario'.
src/controllers/gamificationController.ts(263,22): error TS2304: Cannot find name 'nivelUsuario'.
src/controllers/gamificationController.ts(277,34): error TS2551: Property 'id_conquista' does not exist on type 'SQLiteTableWithColumns<{ name: "usuario_conquistas"; schema: undefined; columns: { id: SQLiteColumn<{ name: "id"; tableName: "usuario_conquistas"; dataType: "string"; columnType: "SQLiteText"; data: string; driverParam: string; ... 8 more ...; generated: undefined; }, {}, { ...; }>; ... 5 more ...; createdAt: SQLite...'. Did you mean 'idConquista'?
src/controllers/gamificationController.ts(282,29): error TS2551: Property 'tipo_conquista' does not exist on type 'SQLiteTableWithColumns<{ name: "conquistas"; schema: undefined; columns: { id: SQLiteColumn<{ name: "id"; tableName: "conquistas"; dataType: "string"; columnType: "SQLiteText"; data: string; driverParam: string; notNull: true; hasDefault: true; ... 6 more ...; generated: undefined; }, {}, { ...; }>; ... 12 more ...;...'. Did you mean 'tipoConquista'?
src/controllers/gamificationController.ts(293,47): error TS2551: Property 'data_desbloqueio' does not exist on type 'SQLiteTableWithColumns<{ name: "usuario_conquistas"; schema: undefined; columns: { id: SQLiteColumn<{ name: "id"; tableName: "usuario_conquistas"; dataType: "string"; columnType: "SQLiteText"; data: string; driverParam: string; ... 8 more ...; generated: undefined; }, {}, { ...; }>; ... 5 more ...; createdAt: SQLite...'. Did you mean 'dataDesbloqueio'?
src/controllers/gamificationController.ts(296,68): error TS2551: Property 'id_conquista' does not exist on type 'SQLiteTableWithColumns<{ name: "usuario_conquistas"; schema: undefined; columns: { id: SQLiteColumn<{ name: "id"; tableName: "usuario_conquistas"; dataType: "string"; columnType: "SQLiteText"; data: string; driverParam: string; ... 8 more ...; generated: undefined; }, {}, { ...; }>; ... 5 more ...; createdAt: SQLite...'. Did you mean 'idConquista'?
src/controllers/gamificationController.ts(298,41): error TS2551: Property 'data_desbloqueio' does not exist on type 'SQLiteTableWithColumns<{ name: "usuario_conquistas"; schema: undefined; columns: { id: SQLiteColumn<{ name: "id"; tableName: "usuario_conquistas"; dataType: "string"; columnType: "SQLiteText"; data: string; driverParam: string; ... 8 more ...; generated: undefined; }, {}, { ...; }>; ... 5 more ...; createdAt: SQLite...'. Did you mean 'dataDesbloqueio'?
src/controllers/gamificationController.ts(346,34): error TS2551: Property 'id_conquista' does not exist on type 'SQLiteTableWithColumns<{ name: "usuario_conquistas"; schema: undefined; columns: { id: SQLiteColumn<{ name: "id"; tableName: "usuario_conquistas"; dataType: "string"; columnType: "SQLiteText"; data: string; driverParam: string; ... 8 more ...; generated: undefined; }, {}, { ...; }>; ... 5 more ...; createdAt: SQLite...'. Did you mean 'idConquista'?
src/controllers/gamificationController.ts(364,46): error TS2769: No overload matches this call.
  Overload 1 of 2, '(value: { idUsuario: string | SQL<unknown> | Placeholder<string, any>; idConquista: string | SQL<unknown> | Placeholder<string, any>; id?: string | SQL<unknown> | Placeholder<...>; createdAt?: SQL<...> | ... 1 more ... | Placeholder<...>; notificacaoEnviada?: boolean | ... 1 more ... | Placeholder<...>; dataDesbloqueio?: SQL<...> | ... 1 more ... | Placeholder<...>; valorAtingido?: number | ... 1 more ... | Placeholder<...>; }): SQLiteInsertBase<...>', gave the following error.
    Type 'string' is not assignable to type 'SQL<unknown> | Date | Placeholder<string, any>'.
  Overload 2 of 2, '(values: { idUsuario: string | SQL<unknown> | Placeholder<string, any>; idConquista: string | SQL<unknown> | Placeholder<string, any>; id?: string | SQL<unknown> | Placeholder<...>; createdAt?: SQL<...> | ... 1 more ... | Placeholder<...>; notificacaoEnviada?: boolean | ... 1 more ... | Placeholder<...>; dataDesbloqueio?: SQL<...> | ... 1 more ... | Placeholder<...>; valorAtingido?: number | ... 1 more ... | Placeholder<...>; }[]): SQLiteInsertBase<...>', gave the following error.
    Object literal may only specify known properties, and 'idUsuario' does not exist in type '{ idUsuario: string | SQL<unknown> | Placeholder<string, any>; idConquista: string | SQL<unknown> | Placeholder<string, any>; id?: string | SQL<unknown> | Placeholder<...>; createdAt?: SQL<...> | ... 1 more ... | Placeholder<...>; notificacaoEnviada?: boolean | ... 1 more ... | Placeholder<...>; dataDesbloqueio?: SQ...'.
src/controllers/gamificationController.ts(554,11): error TS2769: No overload matches this call.
  Overload 1 of 3, '(left: SQLiteColumn<{ name: "dataInicio"; tableName: "jornadas"; dataType: "date"; columnType: "SQLiteTimestamp"; data: Date; driverParam: number; notNull: true; hasDefault: false; isPrimaryKey: false; ... 5 more ...; generated: undefined; }, {}, {}>, right: Date | SQLWrapper): SQL<...>', gave the following error.
    Argument of type 'string' is not assignable to parameter of type 'Date | SQLWrapper'.
  Overload 2 of 3, '(left: Aliased<string>, right: string | SQLWrapper): SQL<unknown>', gave the following error.
    Argument of type 'SQLiteColumn<{ name: "dataInicio"; tableName: "jornadas"; dataType: "date"; columnType: "SQLiteTimestamp"; data: Date; driverParam: number; notNull: true; hasDefault: false; isPrimaryKey: false; ... 5 more ...; generated: undefined; }, {}, {}>' is not assignable to parameter of type 'Aliased<string>'.
      Type 'SQLiteColumn<{ name: "dataInicio"; tableName: "jornadas"; dataType: "date"; columnType: "SQLiteTimestamp"; data: Date; driverParam: number; notNull: true; hasDefault: false; isPrimaryKey: false; ... 5 more ...; generated: undefined; }, {}, {}>' is missing the following properties from type 'Aliased<string>': sql, fieldAlias
  Overload 3 of 3, '(left: never, right: unknown): SQL<unknown>', gave the following error.
    Argument of type 'SQLiteColumn<{ name: "dataInicio"; tableName: "jornadas"; dataType: "date"; columnType: "SQLiteTimestamp"; data: Date; driverParam: number; notNull: true; hasDefault: false; isPrimaryKey: false; ... 5 more ...; generated: undefined; }, {}, {}>' is not assignable to parameter of type 'never'.
src/controllers/gamificationController.ts(580,11): error TS2769: No overload matches this call.
  Overload 1 of 3, '(left: SQLiteColumn<{ name: "statusMeta"; tableName: "metas"; dataType: "string"; columnType: "SQLiteText"; data: "ativa" | "pausada" | "concluida" | "expirada"; driverParam: string; notNull: true; hasDefault: true; ... 6 more ...; generated: undefined; }, {}, { ...; }>, right: "ativa" | ... 3 more ... | SQLWrapper): SQL<...>', gave the following error.
    Argument of type '"Concluida"' is not assignable to parameter of type '"ativa" | "pausada" | "concluida" | "expirada" | SQLWrapper'.
  Overload 2 of 3, '(left: Aliased<string>, right: string | SQLWrapper): SQL<unknown>', gave the following error.
    Argument of type 'SQLiteColumn<{ name: "statusMeta"; tableName: "metas"; dataType: "string"; columnType: "SQLiteText"; data: "ativa" | "pausada" | "concluida" | "expirada"; driverParam: string; notNull: true; hasDefault: true; ... 6 more ...; generated: undefined; }, {}, { ...; }>' is not assignable to parameter of type 'Aliased<string>'.
      Type 'SQLiteColumn<{ name: "statusMeta"; tableName: "metas"; dataType: "string"; columnType: "SQLiteText"; data: "ativa" | "pausada" | "concluida" | "expirada"; driverParam: string; notNull: true; hasDefault: true; ... 6 more ...; generated: undefined; }, {}, { ...; }>' is missing the following properties from type 'Aliased<string>': sql, fieldAlias
  Overload 3 of 3, '(left: never, right: unknown): SQL<unknown>', gave the following error.
    Argument of type 'SQLiteColumn<{ name: "statusMeta"; tableName: "metas"; dataType: "string"; columnType: "SQLiteText"; data: "ativa" | "pausada" | "concluida" | "expirada"; driverParam: string; notNull: true; hasDefault: true; ... 6 more ...; generated: undefined; }, {}, { ...; }>' is not assignable to parameter of type 'never'.
src/controllers/gamificationController.ts(639,34): error TS2551: Property 'id_conquista' does not exist on type 'SQLiteTableWithColumns<{ name: "usuario_conquistas"; schema: undefined; columns: { id: SQLiteColumn<{ name: "id"; tableName: "usuario_conquistas"; dataType: "string"; columnType: "SQLiteText"; data: string; driverParam: string; ... 8 more ...; generated: undefined; }, {}, { ...; }>; ... 5 more ...; createdAt: SQLite...'. Did you mean 'idConquista'?
src/controllers/gamificationController.ts(651,42): error TS2769: No overload matches this call.
  Overload 1 of 2, '(value: { idUsuario: string | SQL<unknown> | Placeholder<string, any>; idConquista: string | SQL<unknown> | Placeholder<string, any>; id?: string | SQL<unknown> | Placeholder<...>; createdAt?: SQL<...> | ... 1 more ... | Placeholder<...>; notificacaoEnviada?: boolean | ... 1 more ... | Placeholder<...>; dataDesbloqueio?: SQL<...> | ... 1 more ... | Placeholder<...>; valorAtingido?: number | ... 1 more ... | Placeholder<...>; }): SQLiteInsertBase<...>', gave the following error.
    Type 'string' is not assignable to type 'SQL<unknown> | Date | Placeholder<string, any>'.
  Overload 2 of 2, '(values: { idUsuario: string | SQL<unknown> | Placeholder<string, any>; idConquista: string | SQL<unknown> | Placeholder<string, any>; id?: string | SQL<unknown> | Placeholder<...>; createdAt?: SQL<...> | ... 1 more ... | Placeholder<...>; notificacaoEnviada?: boolean | ... 1 more ... | Placeholder<...>; dataDesbloqueio?: SQL<...> | ... 1 more ... | Placeholder<...>; valorAtingido?: number | ... 1 more ... | Placeholder<...>; }[]): SQLiteInsertBase<...>', gave the following error.
    Object literal may only specify known properties, and 'idUsuario' does not exist in type '{ idUsuario: string | SQL<unknown> | Placeholder<string, any>; idConquista: string | SQL<unknown> | Placeholder<string, any>; id?: string | SQL<unknown> | Placeholder<...>; createdAt?: SQL<...> | ... 1 more ... | Placeholder<...>; notificacaoEnviada?: boolean | ... 1 more ... | Placeholder<...>; dataDesbloqueio?: SQ...'.
src/controllers/gamificationController.ts(706,15): error TS2304: Cannot find name 'nivelUsuario'.
src/controllers/gamificationController.ts(707,20): error TS2304: Cannot find name 'nivelUsuario'.
src/controllers/gamificationController.ts(708,22): error TS2304: Cannot find name 'nivelUsuario'.
src/controllers/goalsController.ts(104,17): error TS2339: Property 'success' does not exist on type 'CreateGoalResponse'.
src/controllers/goalsController.ts(105,64): error TS2339: Property 'error' does not exist on type 'CreateGoalResponse'.
src/controllers/goalsController.ts(108,41): error TS2339: Property 'data' does not exist on type 'CreateGoalResponse'.
src/controllers/goalsController.ts(143,17): error TS2339: Property 'success' does not exist on type 'CreateGoalCompletionResponse'.
src/controllers/goalsController.ts(144,33): error TS2339: Property 'error' does not exist on type 'CreateGoalCompletionResponse'.
src/controllers/goalsController.ts(145,71): error TS2339: Property 'error' does not exist on type 'CreateGoalCompletionResponse'.
src/controllers/goalsController.ts(148,41): error TS2339: Property 'data' does not exist on type 'CreateGoalCompletionResponse'.
src/controllers/insightsController.ts(74,53): error TS2339: Property 'generateInsights' does not exist on type 'typeof AdvancedAnalyticsService'.
src/controllers/insightsController.ts(148,53): error TS2339: Property 'generateInsights' does not exist on type 'typeof AdvancedAnalyticsService'.
src/controllers/journeysController.ts(5,23): error TS2307: Cannot find module '../utils/cache' or its corresponding type declarations.
src/controllers/journeysController.ts(166,11): error TS2741: Property 'km_inicio' is missing in type '{ idVeiculo?: string; dataInicio?: string; kmInicio?: number; observacoes?: string; }' but required in type 'CreateJourneyRequest'.
src/controllers/journeysController.ts(249,7): error TS2353: Object literal may only specify known properties, and 'page' does not exist in type 'JourneyFilters'.
src/controllers/journeysController.ts(261,17): error TS2339: Property 'success' does not exist on type '{ id: string; idUsuario: string; idVeiculo: string; dataInicio: Date; kmInicio: number; dataFim: Date; kmFim: number; ganhoBruto: number; kmTotal: number; tempoTotal: number; observacoes: string; createdAt: Date; updatedAt: Date; deletedAt: Date; }[]'.
src/controllers/journeysController.ts(262,62): error TS2339: Property 'error' does not exist on type '{ id: string; idUsuario: string; idVeiculo: string; dataInicio: Date; kmInicio: number; dataFim: Date; kmFim: number; ganhoBruto: number; kmTotal: number; tempoTotal: number; observacoes: string; createdAt: Date; updatedAt: Date; deletedAt: Date; }[]'.
src/controllers/journeysController.ts(270,14): error TS2339: Property 'data' does not exist on type '{ id: string; idUsuario: string; idVeiculo: string; dataInicio: Date; kmInicio: number; dataFim: Date; kmFim: number; ganhoBruto: number; kmTotal: number; tempoTotal: number; observacoes: string; createdAt: Date; updatedAt: Date; deletedAt: Date; }[]'.
src/controllers/journeysController.ts(273,28): error TS2339: Property 'meta' does not exist on type '{ id: string; idUsuario: string; idVeiculo: string; dataInicio: Date; kmInicio: number; dataFim: Date; kmFim: number; ganhoBruto: number; kmTotal: number; tempoTotal: number; observacoes: string; createdAt: Date; updatedAt: Date; deletedAt: Date; }[]'.
src/controllers/journeysController.ts(405,21): error TS2551: Property 'kmFim' does not exist on type 'UpdateJourneyRequest'. Did you mean 'km_fim'?
src/controllers/journeysController.ts(408,41): error TS2551: Property 'kmFim' does not exist on type 'UpdateJourneyRequest'. Did you mean 'km_fim'?
src/controllers/journeysController.ts(565,40): error TS2339: Property 'getJourneyStatistics' does not exist on type 'typeof JourneyService'.
src/controllers/journeysController.ts(623,76): error TS2345: Argument of type '{ kmFim?: number; ganhoBruto?: number; observacoes?: string; }' is not assignable to parameter of type 'number'.
src/controllers/multiVehicleController.ts(106,15): error TS2769: No overload matches this call.
  Overload 1 of 3, '(left: SQLiteColumn<{ name: "dataInicio"; tableName: "jornadas"; dataType: "date"; columnType: "SQLiteTimestamp"; data: Date; driverParam: number; notNull: true; hasDefault: false; isPrimaryKey: false; ... 5 more ...; generated: undefined; }, {}, {}>, right: Date | SQLWrapper): SQL<...>', gave the following error.
    Argument of type 'string' is not assignable to parameter of type 'Date | SQLWrapper'.
  Overload 2 of 3, '(left: Aliased<string>, right: string | SQLWrapper): SQL<unknown>', gave the following error.
    Argument of type 'SQLiteColumn<{ name: "dataInicio"; tableName: "jornadas"; dataType: "date"; columnType: "SQLiteTimestamp"; data: Date; driverParam: number; notNull: true; hasDefault: false; isPrimaryKey: false; ... 5 more ...; generated: undefined; }, {}, {}>' is not assignable to parameter of type 'Aliased<string>'.
      Type 'SQLiteColumn<{ name: "dataInicio"; tableName: "jornadas"; dataType: "date"; columnType: "SQLiteTimestamp"; data: Date; driverParam: number; notNull: true; hasDefault: false; isPrimaryKey: false; ... 5 more ...; generated: undefined; }, {}, {}>' is missing the following properties from type 'Aliased<string>': sql, fieldAlias
  Overload 3 of 3, '(left: never, right: unknown): SQL<unknown>', gave the following error.
    Argument of type 'SQLiteColumn<{ name: "dataInicio"; tableName: "jornadas"; dataType: "date"; columnType: "SQLiteTimestamp"; data: Date; driverParam: number; notNull: true; hasDefault: false; isPrimaryKey: false; ... 5 more ...; generated: undefined; }, {}, {}>' is not assignable to parameter of type 'never'.
src/controllers/multiVehicleController.ts(124,15): error TS2769: No overload matches this call.
  Overload 1 of 3, '(left: SQLiteColumn<{ name: "dataAbastecimento"; tableName: "abastecimentos"; dataType: "date"; columnType: "SQLiteTimestamp"; data: Date; driverParam: number; notNull: true; hasDefault: false; isPrimaryKey: false; ... 5 more ...; generated: undefined; }, {}, {}>, right: Date | SQLWrapper): SQL<...>', gave the following error.
    Argument of type 'string' is not assignable to parameter of type 'Date | SQLWrapper'.
  Overload 2 of 3, '(left: Aliased<string>, right: string | SQLWrapper): SQL<unknown>', gave the following error.
    Argument of type 'SQLiteColumn<{ name: "dataAbastecimento"; tableName: "abastecimentos"; dataType: "date"; columnType: "SQLiteTimestamp"; data: Date; driverParam: number; notNull: true; hasDefault: false; isPrimaryKey: false; ... 5 more ...; generated: undefined; }, {}, {}>' is not assignable to parameter of type 'Aliased<string>'.
      Type 'SQLiteColumn<{ name: "dataAbastecimento"; tableName: "abastecimentos"; dataType: "date"; columnType: "SQLiteTimestamp"; data: Date; driverParam: number; notNull: true; hasDefault: false; isPrimaryKey: false; ... 5 more ...; generated: undefined; }, {}, {}>' is missing the following properties from type 'Aliased<string>': sql, fieldAlias
  Overload 3 of 3, '(left: never, right: unknown): SQL<unknown>', gave the following error.
    Argument of type 'SQLiteColumn<{ name: "dataAbastecimento"; tableName: "abastecimentos"; dataType: "date"; columnType: "SQLiteTimestamp"; data: Date; driverParam: number; notNull: true; hasDefault: false; isPrimaryKey: false; ... 5 more ...; generated: undefined; }, {}, {}>' is not assignable to parameter of type 'never'.
src/controllers/multiVehicleController.ts(140,15): error TS2769: No overload matches this call.
  Overload 1 of 3, '(left: SQLiteColumn<{ name: "dataDespesa"; tableName: "despesas"; dataType: "date"; columnType: "SQLiteTimestamp"; data: Date; driverParam: number; notNull: true; hasDefault: false; isPrimaryKey: false; ... 5 more ...; generated: undefined; }, {}, {}>, right: Date | SQLWrapper): SQL<...>', gave the following error.
    Argument of type 'string' is not assignable to parameter of type 'Date | SQLWrapper'.
  Overload 2 of 3, '(left: Aliased<string>, right: string | SQLWrapper): SQL<unknown>', gave the following error.
    Argument of type 'SQLiteColumn<{ name: "dataDespesa"; tableName: "despesas"; dataType: "date"; columnType: "SQLiteTimestamp"; data: Date; driverParam: number; notNull: true; hasDefault: false; isPrimaryKey: false; ... 5 more ...; generated: undefined; }, {}, {}>' is not assignable to parameter of type 'Aliased<string>'.
      Type 'SQLiteColumn<{ name: "dataDespesa"; tableName: "despesas"; dataType: "date"; columnType: "SQLiteTimestamp"; data: Date; driverParam: number; notNull: true; hasDefault: false; isPrimaryKey: false; ... 5 more ...; generated: undefined; }, {}, {}>' is missing the following properties from type 'Aliased<string>': sql, fieldAlias
  Overload 3 of 3, '(left: never, right: unknown): SQL<unknown>', gave the following error.
    Argument of type 'SQLiteColumn<{ name: "dataDespesa"; tableName: "despesas"; dataType: "date"; columnType: "SQLiteTimestamp"; data: Date; driverParam: number; notNull: true; hasDefault: false; isPrimaryKey: false; ... 5 more ...; generated: undefined; }, {}, {}>' is not assignable to parameter of type 'never'.
src/controllers/multiVehicleController.ts(186,31): error TS2551: Property 'tipo_uso' does not exist on type '{ id: string; idUsuario: string; marca: string; modelo: string; ano: number; placa: string; tipoCombustivel: "gasolina" | "etanol" | "diesel" | "gnv" | "flex"; tipoUso: "proprio" | "alugado" | "financiado"; ... 5 more ...; deletedAt: Date; }'. Did you mean 'tipoUso'?
src/controllers/multiVehicleController.ts(187,36): error TS2551: Property 'data_cadastro' does not exist on type '{ id: string; idUsuario: string; marca: string; modelo: string; ano: number; placa: string; tipoCombustivel: "gasolina" | "etanol" | "diesel" | "gnv" | "flex"; tipoUso: "proprio" | "alugado" | "financiado"; ... 5 more ...; deletedAt: Date; }'. Did you mean 'dataCadastro'?
src/controllers/multiVehicleController.ts(362,13): error TS2769: No overload matches this call.
  Overload 1 of 3, '(left: SQLiteColumn<{ name: "dataInicio"; tableName: "jornadas"; dataType: "date"; columnType: "SQLiteTimestamp"; data: Date; driverParam: number; notNull: true; hasDefault: false; isPrimaryKey: false; ... 5 more ...; generated: undefined; }, {}, {}>, right: Date | SQLWrapper): SQL<...>', gave the following error.
    Argument of type 'string' is not assignable to parameter of type 'Date | SQLWrapper'.
  Overload 2 of 3, '(left: Aliased<string>, right: string | SQLWrapper): SQL<unknown>', gave the following error.
    Argument of type 'SQLiteColumn<{ name: "dataInicio"; tableName: "jornadas"; dataType: "date"; columnType: "SQLiteTimestamp"; data: Date; driverParam: number; notNull: true; hasDefault: false; isPrimaryKey: false; ... 5 more ...; generated: undefined; }, {}, {}>' is not assignable to parameter of type 'Aliased<string>'.
      Type 'SQLiteColumn<{ name: "dataInicio"; tableName: "jornadas"; dataType: "date"; columnType: "SQLiteTimestamp"; data: Date; driverParam: number; notNull: true; hasDefault: false; isPrimaryKey: false; ... 5 more ...; generated: undefined; }, {}, {}>' is missing the following properties from type 'Aliased<string>': sql, fieldAlias
  Overload 3 of 3, '(left: never, right: unknown): SQL<unknown>', gave the following error.
    Argument of type 'SQLiteColumn<{ name: "dataInicio"; tableName: "jornadas"; dataType: "date"; columnType: "SQLiteTimestamp"; data: Date; driverParam: number; notNull: true; hasDefault: false; isPrimaryKey: false; ... 5 more ...; generated: undefined; }, {}, {}>' is not assignable to parameter of type 'never'.
src/controllers/multiVehicleController.ts(439,27): error TS2551: Property 'tempo_total' does not exist on type 'SQLiteTableWithColumns<{ name: "jornadas"; schema: undefined; columns: { id: SQLiteColumn<{ name: "id"; tableName: "jornadas"; dataType: "string"; columnType: "SQLiteText"; data: string; driverParam: string; notNull: true; hasDefault: true; ... 6 more ...; generated: undefined; }, {}, { ...; }>; ... 12 more ...; del...'. Did you mean 'tempoTotal'?
src/controllers/multiVehicleController.ts(446,13): error TS2769: No overload matches this call.
  Overload 1 of 3, '(left: SQLiteColumn<{ name: "dataInicio"; tableName: "jornadas"; dataType: "date"; columnType: "SQLiteTimestamp"; data: Date; driverParam: number; notNull: true; hasDefault: false; isPrimaryKey: false; ... 5 more ...; generated: undefined; }, {}, {}>, right: Date | SQLWrapper): SQL<...>', gave the following error.
    Argument of type 'string' is not assignable to parameter of type 'Date | SQLWrapper'.
  Overload 2 of 3, '(left: Aliased<string>, right: string | SQLWrapper): SQL<unknown>', gave the following error.
    Argument of type 'SQLiteColumn<{ name: "dataInicio"; tableName: "jornadas"; dataType: "date"; columnType: "SQLiteTimestamp"; data: Date; driverParam: number; notNull: true; hasDefault: false; isPrimaryKey: false; ... 5 more ...; generated: undefined; }, {}, {}>' is not assignable to parameter of type 'Aliased<string>'.
      Type 'SQLiteColumn<{ name: "dataInicio"; tableName: "jornadas"; dataType: "date"; columnType: "SQLiteTimestamp"; data: Date; driverParam: number; notNull: true; hasDefault: false; isPrimaryKey: false; ... 5 more ...; generated: undefined; }, {}, {}>' is missing the following properties from type 'Aliased<string>': sql, fieldAlias
  Overload 3 of 3, '(left: never, right: unknown): SQL<unknown>', gave the following error.
    Argument of type 'SQLiteColumn<{ name: "dataInicio"; tableName: "jornadas"; dataType: "date"; columnType: "SQLiteTimestamp"; data: Date; driverParam: number; notNull: true; hasDefault: false; isPrimaryKey: false; ... 5 more ...; generated: undefined; }, {}, {}>' is not assignable to parameter of type 'never'.
src/controllers/multiVehicleController.ts(464,13): error TS2769: No overload matches this call.
  Overload 1 of 3, '(left: SQLiteColumn<{ name: "dataAbastecimento"; tableName: "abastecimentos"; dataType: "date"; columnType: "SQLiteTimestamp"; data: Date; driverParam: number; notNull: true; hasDefault: false; isPrimaryKey: false; ... 5 more ...; generated: undefined; }, {}, {}>, right: Date | SQLWrapper): SQL<...>', gave the following error.
    Argument of type 'string' is not assignable to parameter of type 'Date | SQLWrapper'.
  Overload 2 of 3, '(left: Aliased<string>, right: string | SQLWrapper): SQL<unknown>', gave the following error.
    Argument of type 'SQLiteColumn<{ name: "dataAbastecimento"; tableName: "abastecimentos"; dataType: "date"; columnType: "SQLiteTimestamp"; data: Date; driverParam: number; notNull: true; hasDefault: false; isPrimaryKey: false; ... 5 more ...; generated: undefined; }, {}, {}>' is not assignable to parameter of type 'Aliased<string>'.
      Type 'SQLiteColumn<{ name: "dataAbastecimento"; tableName: "abastecimentos"; dataType: "date"; columnType: "SQLiteTimestamp"; data: Date; driverParam: number; notNull: true; hasDefault: false; isPrimaryKey: false; ... 5 more ...; generated: undefined; }, {}, {}>' is missing the following properties from type 'Aliased<string>': sql, fieldAlias
  Overload 3 of 3, '(left: never, right: unknown): SQL<unknown>', gave the following error.
    Argument of type 'SQLiteColumn<{ name: "dataAbastecimento"; tableName: "abastecimentos"; dataType: "date"; columnType: "SQLiteTimestamp"; data: Date; driverParam: number; notNull: true; hasDefault: false; isPrimaryKey: false; ... 5 more ...; generated: undefined; }, {}, {}>' is not assignable to parameter of type 'never'.
src/controllers/multiVehicleController.ts(474,35): error TS2339: Property 'split' does not exist on type 'Date'.
src/controllers/multiVehicleController.ts(494,35): error TS2339: Property 'split' does not exist on type 'Date'.
src/controllers/notificationsController.ts(6,11): error TS2430: Interface 'AuthenticatedRequest' incorrectly extends interface 'Request<ParamsDictionary, any, any, ParsedQs, Record<string, any>>'.
  Types of property 'user' are incompatible.
    Property 'email' is missing in type '{ id: string; }' but required in type '{ id: string; email: string; }'.
src/controllers/reportsController.ts(208,9): error TS2769: No overload matches this call.
  Overload 1 of 3, '(left: SQLiteColumn<{ name: "dataInicio"; tableName: "jornadas"; dataType: "date"; columnType: "SQLiteTimestamp"; data: Date; driverParam: number; notNull: true; hasDefault: false; isPrimaryKey: false; ... 5 more ...; generated: undefined; }, {}, {}>, right: Date | SQLWrapper): SQL<...>', gave the following error.
    Argument of type 'number' is not assignable to parameter of type 'Date | SQLWrapper'.
  Overload 2 of 3, '(left: Aliased<number>, right: number | SQLWrapper): SQL<unknown>', gave the following error.
    Argument of type 'SQLiteColumn<{ name: "dataInicio"; tableName: "jornadas"; dataType: "date"; columnType: "SQLiteTimestamp"; data: Date; driverParam: number; notNull: true; hasDefault: false; isPrimaryKey: false; ... 5 more ...; generated: undefined; }, {}, {}>' is not assignable to parameter of type 'Aliased<number>'.
      Type 'SQLiteColumn<{ name: "dataInicio"; tableName: "jornadas"; dataType: "date"; columnType: "SQLiteTimestamp"; data: Date; driverParam: number; notNull: true; hasDefault: false; isPrimaryKey: false; ... 5 more ...; generated: undefined; }, {}, {}>' is missing the following properties from type 'Aliased<number>': sql, fieldAlias
  Overload 3 of 3, '(left: never, right: unknown): SQL<unknown>', gave the following error.
    Argument of type 'SQLiteColumn<{ name: "dataInicio"; tableName: "jornadas"; dataType: "date"; columnType: "SQLiteTimestamp"; data: Date; driverParam: number; notNull: true; hasDefault: false; isPrimaryKey: false; ... 5 more ...; generated: undefined; }, {}, {}>' is not assignable to parameter of type 'never'.
src/controllers/reportsController.ts(209,9): error TS2769: No overload matches this call.
  Overload 1 of 3, '(left: SQLiteColumn<{ name: "dataFim"; tableName: "jornadas"; dataType: "date"; columnType: "SQLiteTimestamp"; data: Date; driverParam: number; notNull: false; hasDefault: false; isPrimaryKey: false; ... 5 more ...; generated: undefined; }, {}, {}>, right: Date | SQLWrapper): SQL<...>', gave the following error.
    Argument of type 'number' is not assignable to parameter of type 'Date | SQLWrapper'.
  Overload 2 of 3, '(left: Aliased<number>, right: number | SQLWrapper): SQL<unknown>', gave the following error.
    Argument of type 'SQLiteColumn<{ name: "dataFim"; tableName: "jornadas"; dataType: "date"; columnType: "SQLiteTimestamp"; data: Date; driverParam: number; notNull: false; hasDefault: false; isPrimaryKey: false; isAutoincrement: false; ... 4 more ...; generated: undefined; }, {}, {}>' is not assignable to parameter of type 'Aliased<number>'.
      Type 'SQLiteColumn<{ name: "dataFim"; tableName: "jornadas"; dataType: "date"; columnType: "SQLiteTimestamp"; data: Date; driverParam: number; notNull: false; hasDefault: false; isPrimaryKey: false; isAutoincrement: false; ... 4 more ...; generated: undefined; }, {}, {}>' is missing the following properties from type 'Aliased<number>': sql, fieldAlias
  Overload 3 of 3, '(left: never, right: unknown): SQL<unknown>', gave the following error.
    Argument of type 'SQLiteColumn<{ name: "dataFim"; tableName: "jornadas"; dataType: "date"; columnType: "SQLiteTimestamp"; data: Date; driverParam: number; notNull: false; hasDefault: false; isPrimaryKey: false; isAutoincrement: false; ... 4 more ...; generated: undefined; }, {}, {}>' is not assignable to parameter of type 'never'.
src/controllers/reportsController.ts(547,11): error TS2769: No overload matches this call.
  Overload 1 of 3, '(left: SQLiteColumn<{ name: "dataDespesa"; tableName: "despesas"; dataType: "date"; columnType: "SQLiteTimestamp"; data: Date; driverParam: number; notNull: true; hasDefault: false; isPrimaryKey: false; ... 5 more ...; generated: undefined; }, {}, {}>, right: Date | SQLWrapper): SQL<...>', gave the following error.
    Argument of type 'number' is not assignable to parameter of type 'Date | SQLWrapper'.
  Overload 2 of 3, '(left: Aliased<number>, right: number | SQLWrapper): SQL<unknown>', gave the following error.
    Argument of type 'SQLiteColumn<{ name: "dataDespesa"; tableName: "despesas"; dataType: "date"; columnType: "SQLiteTimestamp"; data: Date; driverParam: number; notNull: true; hasDefault: false; isPrimaryKey: false; ... 5 more ...; generated: undefined; }, {}, {}>' is not assignable to parameter of type 'Aliased<number>'.
      Type 'SQLiteColumn<{ name: "dataDespesa"; tableName: "despesas"; dataType: "date"; columnType: "SQLiteTimestamp"; data: Date; driverParam: number; notNull: true; hasDefault: false; isPrimaryKey: false; ... 5 more ...; generated: undefined; }, {}, {}>' is missing the following properties from type 'Aliased<number>': sql, fieldAlias
  Overload 3 of 3, '(left: never, right: unknown): SQL<unknown>', gave the following error.
    Argument of type 'SQLiteColumn<{ name: "dataDespesa"; tableName: "despesas"; dataType: "date"; columnType: "SQLiteTimestamp"; data: Date; driverParam: number; notNull: true; hasDefault: false; isPrimaryKey: false; ... 5 more ...; generated: undefined; }, {}, {}>' is not assignable to parameter of type 'never'.
src/controllers/reportsController.ts(548,11): error TS2769: No overload matches this call.
  Overload 1 of 3, '(left: SQLiteColumn<{ name: "dataDespesa"; tableName: "despesas"; dataType: "date"; columnType: "SQLiteTimestamp"; data: Date; driverParam: number; notNull: true; hasDefault: false; isPrimaryKey: false; ... 5 more ...; generated: undefined; }, {}, {}>, right: Date | SQLWrapper): SQL<...>', gave the following error.
    Argument of type 'number' is not assignable to parameter of type 'Date | SQLWrapper'.
  Overload 2 of 3, '(left: Aliased<number>, right: number | SQLWrapper): SQL<unknown>', gave the following error.
    Argument of type 'SQLiteColumn<{ name: "dataDespesa"; tableName: "despesas"; dataType: "date"; columnType: "SQLiteTimestamp"; data: Date; driverParam: number; notNull: true; hasDefault: false; isPrimaryKey: false; ... 5 more ...; generated: undefined; }, {}, {}>' is not assignable to parameter of type 'Aliased<number>'.
      Type 'SQLiteColumn<{ name: "dataDespesa"; tableName: "despesas"; dataType: "date"; columnType: "SQLiteTimestamp"; data: Date; driverParam: number; notNull: true; hasDefault: false; isPrimaryKey: false; ... 5 more ...; generated: undefined; }, {}, {}>' is missing the following properties from type 'Aliased<number>': sql, fieldAlias
  Overload 3 of 3, '(left: never, right: unknown): SQL<unknown>', gave the following error.
    Argument of type 'SQLiteColumn<{ name: "dataDespesa"; tableName: "despesas"; dataType: "date"; columnType: "SQLiteTimestamp"; data: Date; driverParam: number; notNull: true; hasDefault: false; isPrimaryKey: false; ... 5 more ...; generated: undefined; }, {}, {}>' is not assignable to parameter of type 'never'.
src/controllers/reportsController.ts(549,11): error TS2304: Cannot find name 'ne'.
src/controllers/reportsController.ts(582,7): error TS2769: No overload matches this call.
  Overload 1 of 3, '(left: SQLiteColumn<{ name: "dataDespesa"; tableName: "despesas"; dataType: "date"; columnType: "SQLiteTimestamp"; data: Date; driverParam: number; notNull: true; hasDefault: false; isPrimaryKey: false; ... 5 more ...; generated: undefined; }, {}, {}>, right: Date | SQLWrapper): SQL<...>', gave the following error.
    Argument of type 'number' is not assignable to parameter of type 'Date | SQLWrapper'.
  Overload 2 of 3, '(left: Aliased<number>, right: number | SQLWrapper): SQL<unknown>', gave the following error.
    Argument of type 'SQLiteColumn<{ name: "dataDespesa"; tableName: "despesas"; dataType: "date"; columnType: "SQLiteTimestamp"; data: Date; driverParam: number; notNull: true; hasDefault: false; isPrimaryKey: false; ... 5 more ...; generated: undefined; }, {}, {}>' is not assignable to parameter of type 'Aliased<number>'.
      Type 'SQLiteColumn<{ name: "dataDespesa"; tableName: "despesas"; dataType: "date"; columnType: "SQLiteTimestamp"; data: Date; driverParam: number; notNull: true; hasDefault: false; isPrimaryKey: false; ... 5 more ...; generated: undefined; }, {}, {}>' is missing the following properties from type 'Aliased<number>': sql, fieldAlias
  Overload 3 of 3, '(left: never, right: unknown): SQL<unknown>', gave the following error.
    Argument of type 'SQLiteColumn<{ name: "dataDespesa"; tableName: "despesas"; dataType: "date"; columnType: "SQLiteTimestamp"; data: Date; driverParam: number; notNull: true; hasDefault: false; isPrimaryKey: false; ... 5 more ...; generated: undefined; }, {}, {}>' is not assignable to parameter of type 'never'.
src/controllers/reportsController.ts(583,7): error TS2769: No overload matches this call.
  Overload 1 of 3, '(left: SQLiteColumn<{ name: "dataDespesa"; tableName: "despesas"; dataType: "date"; columnType: "SQLiteTimestamp"; data: Date; driverParam: number; notNull: true; hasDefault: false; isPrimaryKey: false; ... 5 more ...; generated: undefined; }, {}, {}>, right: Date | SQLWrapper): SQL<...>', gave the following error.
    Argument of type 'number' is not assignable to parameter of type 'Date | SQLWrapper'.
  Overload 2 of 3, '(left: Aliased<number>, right: number | SQLWrapper): SQL<unknown>', gave the following error.
    Argument of type 'SQLiteColumn<{ name: "dataDespesa"; tableName: "despesas"; dataType: "date"; columnType: "SQLiteTimestamp"; data: Date; driverParam: number; notNull: true; hasDefault: false; isPrimaryKey: false; ... 5 more ...; generated: undefined; }, {}, {}>' is not assignable to parameter of type 'Aliased<number>'.
      Type 'SQLiteColumn<{ name: "dataDespesa"; tableName: "despesas"; dataType: "date"; columnType: "SQLiteTimestamp"; data: Date; driverParam: number; notNull: true; hasDefault: false; isPrimaryKey: false; ... 5 more ...; generated: undefined; }, {}, {}>' is missing the following properties from type 'Aliased<number>': sql, fieldAlias
  Overload 3 of 3, '(left: never, right: unknown): SQL<unknown>', gave the following error.
    Argument of type 'SQLiteColumn<{ name: "dataDespesa"; tableName: "despesas"; dataType: "date"; columnType: "SQLiteTimestamp"; data: Date; driverParam: number; notNull: true; hasDefault: false; isPrimaryKey: false; ... 5 more ...; generated: undefined; }, {}, {}>' is not assignable to parameter of type 'never'.
src/controllers/reportsController.ts(610,7): error TS2769: No overload matches this call.
  Overload 1 of 3, '(left: SQLiteColumn<{ name: "dataDespesa"; tableName: "despesas"; dataType: "date"; columnType: "SQLiteTimestamp"; data: Date; driverParam: number; notNull: true; hasDefault: false; isPrimaryKey: false; ... 5 more ...; generated: undefined; }, {}, {}>, right: Date | SQLWrapper): SQL<...>', gave the following error.
    Argument of type 'number' is not assignable to parameter of type 'Date | SQLWrapper'.
  Overload 2 of 3, '(left: Aliased<number>, right: number | SQLWrapper): SQL<unknown>', gave the following error.
    Argument of type 'SQLiteColumn<{ name: "dataDespesa"; tableName: "despesas"; dataType: "date"; columnType: "SQLiteTimestamp"; data: Date; driverParam: number; notNull: true; hasDefault: false; isPrimaryKey: false; ... 5 more ...; generated: undefined; }, {}, {}>' is not assignable to parameter of type 'Aliased<number>'.
      Type 'SQLiteColumn<{ name: "dataDespesa"; tableName: "despesas"; dataType: "date"; columnType: "SQLiteTimestamp"; data: Date; driverParam: number; notNull: true; hasDefault: false; isPrimaryKey: false; ... 5 more ...; generated: undefined; }, {}, {}>' is missing the following properties from type 'Aliased<number>': sql, fieldAlias
  Overload 3 of 3, '(left: never, right: unknown): SQL<unknown>', gave the following error.
    Argument of type 'SQLiteColumn<{ name: "dataDespesa"; tableName: "despesas"; dataType: "date"; columnType: "SQLiteTimestamp"; data: Date; driverParam: number; notNull: true; hasDefault: false; isPrimaryKey: false; ... 5 more ...; generated: undefined; }, {}, {}>' is not assignable to parameter of type 'never'.
src/controllers/reportsController.ts(611,7): error TS2769: No overload matches this call.
  Overload 1 of 3, '(left: SQLiteColumn<{ name: "dataDespesa"; tableName: "despesas"; dataType: "date"; columnType: "SQLiteTimestamp"; data: Date; driverParam: number; notNull: true; hasDefault: false; isPrimaryKey: false; ... 5 more ...; generated: undefined; }, {}, {}>, right: Date | SQLWrapper): SQL<...>', gave the following error.
    Argument of type 'number' is not assignable to parameter of type 'Date | SQLWrapper'.
  Overload 2 of 3, '(left: Aliased<number>, right: number | SQLWrapper): SQL<unknown>', gave the following error.
    Argument of type 'SQLiteColumn<{ name: "dataDespesa"; tableName: "despesas"; dataType: "date"; columnType: "SQLiteTimestamp"; data: Date; driverParam: number; notNull: true; hasDefault: false; isPrimaryKey: false; ... 5 more ...; generated: undefined; }, {}, {}>' is not assignable to parameter of type 'Aliased<number>'.
      Type 'SQLiteColumn<{ name: "dataDespesa"; tableName: "despesas"; dataType: "date"; columnType: "SQLiteTimestamp"; data: Date; driverParam: number; notNull: true; hasDefault: false; isPrimaryKey: false; ... 5 more ...; generated: undefined; }, {}, {}>' is missing the following properties from type 'Aliased<number>': sql, fieldAlias
  Overload 3 of 3, '(left: never, right: unknown): SQL<unknown>', gave the following error.
    Argument of type 'SQLiteColumn<{ name: "dataDespesa"; tableName: "despesas"; dataType: "date"; columnType: "SQLiteTimestamp"; data: Date; driverParam: number; notNull: true; hasDefault: false; isPrimaryKey: false; ... 5 more ...; generated: undefined; }, {}, {}>' is not assignable to parameter of type 'never'.
src/controllers/reportsController.ts(650,11): error TS2769: No overload matches this call.
  Overload 1 of 3, '(left: SQLiteColumn<{ name: "dataDespesa"; tableName: "despesas"; dataType: "date"; columnType: "SQLiteTimestamp"; data: Date; driverParam: number; notNull: true; hasDefault: false; isPrimaryKey: false; ... 5 more ...; generated: undefined; }, {}, {}>, right: Date | SQLWrapper): SQL<...>', gave the following error.
    Argument of type 'number' is not assignable to parameter of type 'Date | SQLWrapper'.
  Overload 2 of 3, '(left: Aliased<number>, right: number | SQLWrapper): SQL<unknown>', gave the following error.
    Argument of type 'SQLiteColumn<{ name: "dataDespesa"; tableName: "despesas"; dataType: "date"; columnType: "SQLiteTimestamp"; data: Date; driverParam: number; notNull: true; hasDefault: false; isPrimaryKey: false; ... 5 more ...; generated: undefined; }, {}, {}>' is not assignable to parameter of type 'Aliased<number>'.
      Type 'SQLiteColumn<{ name: "dataDespesa"; tableName: "despesas"; dataType: "date"; columnType: "SQLiteTimestamp"; data: Date; driverParam: number; notNull: true; hasDefault: false; isPrimaryKey: false; ... 5 more ...; generated: undefined; }, {}, {}>' is missing the following properties from type 'Aliased<number>': sql, fieldAlias
  Overload 3 of 3, '(left: never, right: unknown): SQL<unknown>', gave the following error.
    Argument of type 'SQLiteColumn<{ name: "dataDespesa"; tableName: "despesas"; dataType: "date"; columnType: "SQLiteTimestamp"; data: Date; driverParam: number; notNull: true; hasDefault: false; isPrimaryKey: false; ... 5 more ...; generated: undefined; }, {}, {}>' is not assignable to parameter of type 'never'.
src/controllers/reportsController.ts(651,11): error TS2769: No overload matches this call.
  Overload 1 of 3, '(left: SQLiteColumn<{ name: "dataDespesa"; tableName: "despesas"; dataType: "date"; columnType: "SQLiteTimestamp"; data: Date; driverParam: number; notNull: true; hasDefault: false; isPrimaryKey: false; ... 5 more ...; generated: undefined; }, {}, {}>, right: Date | SQLWrapper): SQL<...>', gave the following error.
    Argument of type 'number' is not assignable to parameter of type 'Date | SQLWrapper'.
  Overload 2 of 3, '(left: Aliased<number>, right: number | SQLWrapper): SQL<unknown>', gave the following error.
    Argument of type 'SQLiteColumn<{ name: "dataDespesa"; tableName: "despesas"; dataType: "date"; columnType: "SQLiteTimestamp"; data: Date; driverParam: number; notNull: true; hasDefault: false; isPrimaryKey: false; ... 5 more ...; generated: undefined; }, {}, {}>' is not assignable to parameter of type 'Aliased<number>'.
      Type 'SQLiteColumn<{ name: "dataDespesa"; tableName: "despesas"; dataType: "date"; columnType: "SQLiteTimestamp"; data: Date; driverParam: number; notNull: true; hasDefault: false; isPrimaryKey: false; ... 5 more ...; generated: undefined; }, {}, {}>' is missing the following properties from type 'Aliased<number>': sql, fieldAlias
  Overload 3 of 3, '(left: never, right: unknown): SQL<unknown>', gave the following error.
    Argument of type 'SQLiteColumn<{ name: "dataDespesa"; tableName: "despesas"; dataType: "date"; columnType: "SQLiteTimestamp"; data: Date; driverParam: number; notNull: true; hasDefault: false; isPrimaryKey: false; ... 5 more ...; generated: undefined; }, {}, {}>' is not assignable to parameter of type 'never'.
src/controllers/reportsController.ts(671,7): error TS2769: No overload matches this call.
  Overload 1 of 3, '(left: SQLiteColumn<{ name: "dataAbastecimento"; tableName: "abastecimentos"; dataType: "date"; columnType: "SQLiteTimestamp"; data: Date; driverParam: number; notNull: true; hasDefault: false; isPrimaryKey: false; ... 5 more ...; generated: undefined; }, {}, {}>, right: Date | SQLWrapper): SQL<...>', gave the following error.
    Argument of type 'number' is not assignable to parameter of type 'Date | SQLWrapper'.
  Overload 2 of 3, '(left: Aliased<number>, right: number | SQLWrapper): SQL<unknown>', gave the following error.
    Argument of type 'SQLiteColumn<{ name: "dataAbastecimento"; tableName: "abastecimentos"; dataType: "date"; columnType: "SQLiteTimestamp"; data: Date; driverParam: number; notNull: true; hasDefault: false; isPrimaryKey: false; ... 5 more ...; generated: undefined; }, {}, {}>' is not assignable to parameter of type 'Aliased<number>'.
      Type 'SQLiteColumn<{ name: "dataAbastecimento"; tableName: "abastecimentos"; dataType: "date"; columnType: "SQLiteTimestamp"; data: Date; driverParam: number; notNull: true; hasDefault: false; isPrimaryKey: false; ... 5 more ...; generated: undefined; }, {}, {}>' is missing the following properties from type 'Aliased<number>': sql, fieldAlias
  Overload 3 of 3, '(left: never, right: unknown): SQL<unknown>', gave the following error.
    Argument of type 'SQLiteColumn<{ name: "dataAbastecimento"; tableName: "abastecimentos"; dataType: "date"; columnType: "SQLiteTimestamp"; data: Date; driverParam: number; notNull: true; hasDefault: false; isPrimaryKey: false; ... 5 more ...; generated: undefined; }, {}, {}>' is not assignable to parameter of type 'never'.
src/controllers/reportsController.ts(672,7): error TS2769: No overload matches this call.
  Overload 1 of 3, '(left: SQLiteColumn<{ name: "dataAbastecimento"; tableName: "abastecimentos"; dataType: "date"; columnType: "SQLiteTimestamp"; data: Date; driverParam: number; notNull: true; hasDefault: false; isPrimaryKey: false; ... 5 more ...; generated: undefined; }, {}, {}>, right: Date | SQLWrapper): SQL<...>', gave the following error.
    Argument of type 'number' is not assignable to parameter of type 'Date | SQLWrapper'.
  Overload 2 of 3, '(left: Aliased<number>, right: number | SQLWrapper): SQL<unknown>', gave the following error.
    Argument of type 'SQLiteColumn<{ name: "dataAbastecimento"; tableName: "abastecimentos"; dataType: "date"; columnType: "SQLiteTimestamp"; data: Date; driverParam: number; notNull: true; hasDefault: false; isPrimaryKey: false; ... 5 more ...; generated: undefined; }, {}, {}>' is not assignable to parameter of type 'Aliased<number>'.
      Type 'SQLiteColumn<{ name: "dataAbastecimento"; tableName: "abastecimentos"; dataType: "date"; columnType: "SQLiteTimestamp"; data: Date; driverParam: number; notNull: true; hasDefault: false; isPrimaryKey: false; ... 5 more ...; generated: undefined; }, {}, {}>' is missing the following properties from type 'Aliased<number>': sql, fieldAlias
  Overload 3 of 3, '(left: never, right: unknown): SQL<unknown>', gave the following error.
    Argument of type 'SQLiteColumn<{ name: "dataAbastecimento"; tableName: "abastecimentos"; dataType: "date"; columnType: "SQLiteTimestamp"; data: Date; driverParam: number; notNull: true; hasDefault: false; isPrimaryKey: false; ... 5 more ...; generated: undefined; }, {}, {}>' is not assignable to parameter of type 'never'.
src/controllers/reportsController.ts(707,11): error TS2769: No overload matches this call.
  Overload 1 of 3, '(left: SQLiteColumn<{ name: "dataInicio"; tableName: "jornadas"; dataType: "date"; columnType: "SQLiteTimestamp"; data: Date; driverParam: number; notNull: true; hasDefault: false; isPrimaryKey: false; ... 5 more ...; generated: undefined; }, {}, {}>, right: Date | SQLWrapper): SQL<...>', gave the following error.
    Argument of type 'number' is not assignable to parameter of type 'Date | SQLWrapper'.
  Overload 2 of 3, '(left: Aliased<number>, right: number | SQLWrapper): SQL<unknown>', gave the following error.
    Argument of type 'SQLiteColumn<{ name: "dataInicio"; tableName: "jornadas"; dataType: "date"; columnType: "SQLiteTimestamp"; data: Date; driverParam: number; notNull: true; hasDefault: false; isPrimaryKey: false; ... 5 more ...; generated: undefined; }, {}, {}>' is not assignable to parameter of type 'Aliased<number>'.
      Type 'SQLiteColumn<{ name: "dataInicio"; tableName: "jornadas"; dataType: "date"; columnType: "SQLiteTimestamp"; data: Date; driverParam: number; notNull: true; hasDefault: false; isPrimaryKey: false; ... 5 more ...; generated: undefined; }, {}, {}>' is missing the following properties from type 'Aliased<number>': sql, fieldAlias
  Overload 3 of 3, '(left: never, right: unknown): SQL<unknown>', gave the following error.
    Argument of type 'SQLiteColumn<{ name: "dataInicio"; tableName: "jornadas"; dataType: "date"; columnType: "SQLiteTimestamp"; data: Date; driverParam: number; notNull: true; hasDefault: false; isPrimaryKey: false; ... 5 more ...; generated: undefined; }, {}, {}>' is not assignable to parameter of type 'never'.
src/controllers/reportsController.ts(708,11): error TS2769: No overload matches this call.
  Overload 1 of 3, '(left: SQLiteColumn<{ name: "dataFim"; tableName: "jornadas"; dataType: "date"; columnType: "SQLiteTimestamp"; data: Date; driverParam: number; notNull: false; hasDefault: false; isPrimaryKey: false; ... 5 more ...; generated: undefined; }, {}, {}>, right: Date | SQLWrapper): SQL<...>', gave the following error.
    Argument of type 'number' is not assignable to parameter of type 'Date | SQLWrapper'.
  Overload 2 of 3, '(left: Aliased<number>, right: number | SQLWrapper): SQL<unknown>', gave the following error.
    Argument of type 'SQLiteColumn<{ name: "dataFim"; tableName: "jornadas"; dataType: "date"; columnType: "SQLiteTimestamp"; data: Date; driverParam: number; notNull: false; hasDefault: false; isPrimaryKey: false; isAutoincrement: false; ... 4 more ...; generated: undefined; }, {}, {}>' is not assignable to parameter of type 'Aliased<number>'.
      Type 'SQLiteColumn<{ name: "dataFim"; tableName: "jornadas"; dataType: "date"; columnType: "SQLiteTimestamp"; data: Date; driverParam: number; notNull: false; hasDefault: false; isPrimaryKey: false; isAutoincrement: false; ... 4 more ...; generated: undefined; }, {}, {}>' is missing the following properties from type 'Aliased<number>': sql, fieldAlias
  Overload 3 of 3, '(left: never, right: unknown): SQL<unknown>', gave the following error.
    Argument of type 'SQLiteColumn<{ name: "dataFim"; tableName: "jornadas"; dataType: "date"; columnType: "SQLiteTimestamp"; data: Date; driverParam: number; notNull: false; hasDefault: false; isPrimaryKey: false; isAutoincrement: false; ... 4 more ...; generated: undefined; }, {}, {}>' is not assignable to parameter of type 'never'.
src/controllers/reportsController.ts(719,11): error TS2769: No overload matches this call.
  Overload 1 of 3, '(left: SQLiteColumn<{ name: "dataInicio"; tableName: "jornadas"; dataType: "date"; columnType: "SQLiteTimestamp"; data: Date; driverParam: number; notNull: true; hasDefault: false; isPrimaryKey: false; ... 5 more ...; generated: undefined; }, {}, {}>, right: Date | SQLWrapper): SQL<...>', gave the following error.
    Argument of type 'number' is not assignable to parameter of type 'Date | SQLWrapper'.
  Overload 2 of 3, '(left: Aliased<number>, right: number | SQLWrapper): SQL<unknown>', gave the following error.
    Argument of type 'SQLiteColumn<{ name: "dataInicio"; tableName: "jornadas"; dataType: "date"; columnType: "SQLiteTimestamp"; data: Date; driverParam: number; notNull: true; hasDefault: false; isPrimaryKey: false; ... 5 more ...; generated: undefined; }, {}, {}>' is not assignable to parameter of type 'Aliased<number>'.
      Type 'SQLiteColumn<{ name: "dataInicio"; tableName: "jornadas"; dataType: "date"; columnType: "SQLiteTimestamp"; data: Date; driverParam: number; notNull: true; hasDefault: false; isPrimaryKey: false; ... 5 more ...; generated: undefined; }, {}, {}>' is missing the following properties from type 'Aliased<number>': sql, fieldAlias
  Overload 3 of 3, '(left: never, right: unknown): SQL<unknown>', gave the following error.
    Argument of type 'SQLiteColumn<{ name: "dataInicio"; tableName: "jornadas"; dataType: "date"; columnType: "SQLiteTimestamp"; data: Date; driverParam: number; notNull: true; hasDefault: false; isPrimaryKey: false; ... 5 more ...; generated: undefined; }, {}, {}>' is not assignable to parameter of type 'never'.
src/controllers/reportsController.ts(720,11): error TS2769: No overload matches this call.
  Overload 1 of 3, '(left: SQLiteColumn<{ name: "dataFim"; tableName: "jornadas"; dataType: "date"; columnType: "SQLiteTimestamp"; data: Date; driverParam: number; notNull: false; hasDefault: false; isPrimaryKey: false; ... 5 more ...; generated: undefined; }, {}, {}>, right: Date | SQLWrapper): SQL<...>', gave the following error.
    Argument of type 'number' is not assignable to parameter of type 'Date | SQLWrapper'.
  Overload 2 of 3, '(left: Aliased<number>, right: number | SQLWrapper): SQL<unknown>', gave the following error.
    Argument of type 'SQLiteColumn<{ name: "dataFim"; tableName: "jornadas"; dataType: "date"; columnType: "SQLiteTimestamp"; data: Date; driverParam: number; notNull: false; hasDefault: false; isPrimaryKey: false; isAutoincrement: false; ... 4 more ...; generated: undefined; }, {}, {}>' is not assignable to parameter of type 'Aliased<number>'.
      Type 'SQLiteColumn<{ name: "dataFim"; tableName: "jornadas"; dataType: "date"; columnType: "SQLiteTimestamp"; data: Date; driverParam: number; notNull: false; hasDefault: false; isPrimaryKey: false; isAutoincrement: false; ... 4 more ...; generated: undefined; }, {}, {}>' is missing the following properties from type 'Aliased<number>': sql, fieldAlias
  Overload 3 of 3, '(left: never, right: unknown): SQL<unknown>', gave the following error.
    Argument of type 'SQLiteColumn<{ name: "dataFim"; tableName: "jornadas"; dataType: "date"; columnType: "SQLiteTimestamp"; data: Date; driverParam: number; notNull: false; hasDefault: false; isPrimaryKey: false; isAutoincrement: false; ... 4 more ...; generated: undefined; }, {}, {}>' is not assignable to parameter of type 'never'.
src/controllers/reportsController.ts(731,11): error TS2769: No overload matches this call.
  Overload 1 of 3, '(left: SQLiteColumn<{ name: "dataDespesa"; tableName: "despesas"; dataType: "date"; columnType: "SQLiteTimestamp"; data: Date; driverParam: number; notNull: true; hasDefault: false; isPrimaryKey: false; ... 5 more ...; generated: undefined; }, {}, {}>, right: Date | SQLWrapper): SQL<...>', gave the following error.
    Argument of type 'number' is not assignable to parameter of type 'Date | SQLWrapper'.
  Overload 2 of 3, '(left: Aliased<number>, right: number | SQLWrapper): SQL<unknown>', gave the following error.
    Argument of type 'SQLiteColumn<{ name: "dataDespesa"; tableName: "despesas"; dataType: "date"; columnType: "SQLiteTimestamp"; data: Date; driverParam: number; notNull: true; hasDefault: false; isPrimaryKey: false; ... 5 more ...; generated: undefined; }, {}, {}>' is not assignable to parameter of type 'Aliased<number>'.
      Type 'SQLiteColumn<{ name: "dataDespesa"; tableName: "despesas"; dataType: "date"; columnType: "SQLiteTimestamp"; data: Date; driverParam: number; notNull: true; hasDefault: false; isPrimaryKey: false; ... 5 more ...; generated: undefined; }, {}, {}>' is missing the following properties from type 'Aliased<number>': sql, fieldAlias
  Overload 3 of 3, '(left: never, right: unknown): SQL<unknown>', gave the following error.
    Argument of type 'SQLiteColumn<{ name: "dataDespesa"; tableName: "despesas"; dataType: "date"; columnType: "SQLiteTimestamp"; data: Date; driverParam: number; notNull: true; hasDefault: false; isPrimaryKey: false; ... 5 more ...; generated: undefined; }, {}, {}>' is not assignable to parameter of type 'never'.
src/controllers/reportsController.ts(732,11): error TS2769: No overload matches this call.
  Overload 1 of 3, '(left: SQLiteColumn<{ name: "dataDespesa"; tableName: "despesas"; dataType: "date"; columnType: "SQLiteTimestamp"; data: Date; driverParam: number; notNull: true; hasDefault: false; isPrimaryKey: false; ... 5 more ...; generated: undefined; }, {}, {}>, right: Date | SQLWrapper): SQL<...>', gave the following error.
    Argument of type 'number' is not assignable to parameter of type 'Date | SQLWrapper'.
  Overload 2 of 3, '(left: Aliased<number>, right: number | SQLWrapper): SQL<unknown>', gave the following error.
    Argument of type 'SQLiteColumn<{ name: "dataDespesa"; tableName: "despesas"; dataType: "date"; columnType: "SQLiteTimestamp"; data: Date; driverParam: number; notNull: true; hasDefault: false; isPrimaryKey: false; ... 5 more ...; generated: undefined; }, {}, {}>' is not assignable to parameter of type 'Aliased<number>'.
      Type 'SQLiteColumn<{ name: "dataDespesa"; tableName: "despesas"; dataType: "date"; columnType: "SQLiteTimestamp"; data: Date; driverParam: number; notNull: true; hasDefault: false; isPrimaryKey: false; ... 5 more ...; generated: undefined; }, {}, {}>' is missing the following properties from type 'Aliased<number>': sql, fieldAlias
  Overload 3 of 3, '(left: never, right: unknown): SQL<unknown>', gave the following error.
    Argument of type 'SQLiteColumn<{ name: "dataDespesa"; tableName: "despesas"; dataType: "date"; columnType: "SQLiteTimestamp"; data: Date; driverParam: number; notNull: true; hasDefault: false; isPrimaryKey: false; ... 5 more ...; generated: undefined; }, {}, {}>' is not assignable to parameter of type 'never'.
src/controllers/reportsController.ts(749,7): error TS2769: No overload matches this call.
  Overload 1 of 3, '(left: SQLiteColumn<{ name: "dataAbastecimento"; tableName: "abastecimentos"; dataType: "date"; columnType: "SQLiteTimestamp"; data: Date; driverParam: number; notNull: true; hasDefault: false; isPrimaryKey: false; ... 5 more ...; generated: undefined; }, {}, {}>, right: Date | SQLWrapper): SQL<...>', gave the following error.
    Argument of type 'number' is not assignable to parameter of type 'Date | SQLWrapper'.
  Overload 2 of 3, '(left: Aliased<number>, right: number | SQLWrapper): SQL<unknown>', gave the following error.
    Argument of type 'SQLiteColumn<{ name: "dataAbastecimento"; tableName: "abastecimentos"; dataType: "date"; columnType: "SQLiteTimestamp"; data: Date; driverParam: number; notNull: true; hasDefault: false; isPrimaryKey: false; ... 5 more ...; generated: undefined; }, {}, {}>' is not assignable to parameter of type 'Aliased<number>'.
      Type 'SQLiteColumn<{ name: "dataAbastecimento"; tableName: "abastecimentos"; dataType: "date"; columnType: "SQLiteTimestamp"; data: Date; driverParam: number; notNull: true; hasDefault: false; isPrimaryKey: false; ... 5 more ...; generated: undefined; }, {}, {}>' is missing the following properties from type 'Aliased<number>': sql, fieldAlias
  Overload 3 of 3, '(left: never, right: unknown): SQL<unknown>', gave the following error.
    Argument of type 'SQLiteColumn<{ name: "dataAbastecimento"; tableName: "abastecimentos"; dataType: "date"; columnType: "SQLiteTimestamp"; data: Date; driverParam: number; notNull: true; hasDefault: false; isPrimaryKey: false; ... 5 more ...; generated: undefined; }, {}, {}>' is not assignable to parameter of type 'never'.
src/controllers/reportsController.ts(750,7): error TS2769: No overload matches this call.
  Overload 1 of 3, '(left: SQLiteColumn<{ name: "dataAbastecimento"; tableName: "abastecimentos"; dataType: "date"; columnType: "SQLiteTimestamp"; data: Date; driverParam: number; notNull: true; hasDefault: false; isPrimaryKey: false; ... 5 more ...; generated: undefined; }, {}, {}>, right: Date | SQLWrapper): SQL<...>', gave the following error.
    Argument of type 'number' is not assignable to parameter of type 'Date | SQLWrapper'.
  Overload 2 of 3, '(left: Aliased<number>, right: number | SQLWrapper): SQL<unknown>', gave the following error.
    Argument of type 'SQLiteColumn<{ name: "dataAbastecimento"; tableName: "abastecimentos"; dataType: "date"; columnType: "SQLiteTimestamp"; data: Date; driverParam: number; notNull: true; hasDefault: false; isPrimaryKey: false; ... 5 more ...; generated: undefined; }, {}, {}>' is not assignable to parameter of type 'Aliased<number>'.
      Type 'SQLiteColumn<{ name: "dataAbastecimento"; tableName: "abastecimentos"; dataType: "date"; columnType: "SQLiteTimestamp"; data: Date; driverParam: number; notNull: true; hasDefault: false; isPrimaryKey: false; ... 5 more ...; generated: undefined; }, {}, {}>' is missing the following properties from type 'Aliased<number>': sql, fieldAlias
  Overload 3 of 3, '(left: never, right: unknown): SQL<unknown>', gave the following error.
    Argument of type 'SQLiteColumn<{ name: "dataAbastecimento"; tableName: "abastecimentos"; dataType: "date"; columnType: "SQLiteTimestamp"; data: Date; driverParam: number; notNull: true; hasDefault: false; isPrimaryKey: false; ... 5 more ...; generated: undefined; }, {}, {}>' is not assignable to parameter of type 'never'.
src/controllers/reportsController.ts(779,7): error TS2769: No overload matches this call.
  Overload 1 of 3, '(left: SQLiteColumn<{ name: "dataAbastecimento"; tableName: "abastecimentos"; dataType: "date"; columnType: "SQLiteTimestamp"; data: Date; driverParam: number; notNull: true; hasDefault: false; isPrimaryKey: false; ... 5 more ...; generated: undefined; }, {}, {}>, right: Date | SQLWrapper): SQL<...>', gave the following error.
    Argument of type 'number' is not assignable to parameter of type 'Date | SQLWrapper'.
  Overload 2 of 3, '(left: Aliased<number>, right: number | SQLWrapper): SQL<unknown>', gave the following error.
    Argument of type 'SQLiteColumn<{ name: "dataAbastecimento"; tableName: "abastecimentos"; dataType: "date"; columnType: "SQLiteTimestamp"; data: Date; driverParam: number; notNull: true; hasDefault: false; isPrimaryKey: false; ... 5 more ...; generated: undefined; }, {}, {}>' is not assignable to parameter of type 'Aliased<number>'.
      Type 'SQLiteColumn<{ name: "dataAbastecimento"; tableName: "abastecimentos"; dataType: "date"; columnType: "SQLiteTimestamp"; data: Date; driverParam: number; notNull: true; hasDefault: false; isPrimaryKey: false; ... 5 more ...; generated: undefined; }, {}, {}>' is missing the following properties from type 'Aliased<number>': sql, fieldAlias
  Overload 3 of 3, '(left: never, right: unknown): SQL<unknown>', gave the following error.
    Argument of type 'SQLiteColumn<{ name: "dataAbastecimento"; tableName: "abastecimentos"; dataType: "date"; columnType: "SQLiteTimestamp"; data: Date; driverParam: number; notNull: true; hasDefault: false; isPrimaryKey: false; ... 5 more ...; generated: undefined; }, {}, {}>' is not assignable to parameter of type 'never'.
src/controllers/reportsController.ts(780,7): error TS2769: No overload matches this call.
  Overload 1 of 3, '(left: SQLiteColumn<{ name: "dataAbastecimento"; tableName: "abastecimentos"; dataType: "date"; columnType: "SQLiteTimestamp"; data: Date; driverParam: number; notNull: true; hasDefault: false; isPrimaryKey: false; ... 5 more ...; generated: undefined; }, {}, {}>, right: Date | SQLWrapper): SQL<...>', gave the following error.
    Argument of type 'number' is not assignable to parameter of type 'Date | SQLWrapper'.
  Overload 2 of 3, '(left: Aliased<number>, right: number | SQLWrapper): SQL<unknown>', gave the following error.
    Argument of type 'SQLiteColumn<{ name: "dataAbastecimento"; tableName: "abastecimentos"; dataType: "date"; columnType: "SQLiteTimestamp"; data: Date; driverParam: number; notNull: true; hasDefault: false; isPrimaryKey: false; ... 5 more ...; generated: undefined; }, {}, {}>' is not assignable to parameter of type 'Aliased<number>'.
      Type 'SQLiteColumn<{ name: "dataAbastecimento"; tableName: "abastecimentos"; dataType: "date"; columnType: "SQLiteTimestamp"; data: Date; driverParam: number; notNull: true; hasDefault: false; isPrimaryKey: false; ... 5 more ...; generated: undefined; }, {}, {}>' is missing the following properties from type 'Aliased<number>': sql, fieldAlias
  Overload 3 of 3, '(left: never, right: unknown): SQL<unknown>', gave the following error.
    Argument of type 'SQLiteColumn<{ name: "dataAbastecimento"; tableName: "abastecimentos"; dataType: "date"; columnType: "SQLiteTimestamp"; data: Date; driverParam: number; notNull: true; hasDefault: false; isPrimaryKey: false; ... 5 more ...; generated: undefined; }, {}, {}>' is not assignable to parameter of type 'never'.
src/controllers/reportsController.ts(805,7): error TS2769: No overload matches this call.
  Overload 1 of 3, '(left: SQLiteColumn<{ name: "dataAbastecimento"; tableName: "abastecimentos"; dataType: "date"; columnType: "SQLiteTimestamp"; data: Date; driverParam: number; notNull: true; hasDefault: false; isPrimaryKey: false; ... 5 more ...; generated: undefined; }, {}, {}>, right: Date | SQLWrapper): SQL<...>', gave the following error.
    Argument of type 'number' is not assignable to parameter of type 'Date | SQLWrapper'.
  Overload 2 of 3, '(left: Aliased<number>, right: number | SQLWrapper): SQL<unknown>', gave the following error.
    Argument of type 'SQLiteColumn<{ name: "dataAbastecimento"; tableName: "abastecimentos"; dataType: "date"; columnType: "SQLiteTimestamp"; data: Date; driverParam: number; notNull: true; hasDefault: false; isPrimaryKey: false; ... 5 more ...; generated: undefined; }, {}, {}>' is not assignable to parameter of type 'Aliased<number>'.
      Type 'SQLiteColumn<{ name: "dataAbastecimento"; tableName: "abastecimentos"; dataType: "date"; columnType: "SQLiteTimestamp"; data: Date; driverParam: number; notNull: true; hasDefault: false; isPrimaryKey: false; ... 5 more ...; generated: undefined; }, {}, {}>' is missing the following properties from type 'Aliased<number>': sql, fieldAlias
  Overload 3 of 3, '(left: never, right: unknown): SQL<unknown>', gave the following error.
    Argument of type 'SQLiteColumn<{ name: "dataAbastecimento"; tableName: "abastecimentos"; dataType: "date"; columnType: "SQLiteTimestamp"; data: Date; driverParam: number; notNull: true; hasDefault: false; isPrimaryKey: false; ... 5 more ...; generated: undefined; }, {}, {}>' is not assignable to parameter of type 'never'.
src/controllers/reportsController.ts(806,7): error TS2769: No overload matches this call.
  Overload 1 of 3, '(left: SQLiteColumn<{ name: "dataAbastecimento"; tableName: "abastecimentos"; dataType: "date"; columnType: "SQLiteTimestamp"; data: Date; driverParam: number; notNull: true; hasDefault: false; isPrimaryKey: false; ... 5 more ...; generated: undefined; }, {}, {}>, right: Date | SQLWrapper): SQL<...>', gave the following error.
    Argument of type 'number' is not assignable to parameter of type 'Date | SQLWrapper'.
  Overload 2 of 3, '(left: Aliased<number>, right: number | SQLWrapper): SQL<unknown>', gave the following error.
    Argument of type 'SQLiteColumn<{ name: "dataAbastecimento"; tableName: "abastecimentos"; dataType: "date"; columnType: "SQLiteTimestamp"; data: Date; driverParam: number; notNull: true; hasDefault: false; isPrimaryKey: false; ... 5 more ...; generated: undefined; }, {}, {}>' is not assignable to parameter of type 'Aliased<number>'.
      Type 'SQLiteColumn<{ name: "dataAbastecimento"; tableName: "abastecimentos"; dataType: "date"; columnType: "SQLiteTimestamp"; data: Date; driverParam: number; notNull: true; hasDefault: false; isPrimaryKey: false; ... 5 more ...; generated: undefined; }, {}, {}>' is missing the following properties from type 'Aliased<number>': sql, fieldAlias
  Overload 3 of 3, '(left: never, right: unknown): SQL<unknown>', gave the following error.
    Argument of type 'SQLiteColumn<{ name: "dataAbastecimento"; tableName: "abastecimentos"; dataType: "date"; columnType: "SQLiteTimestamp"; data: Date; driverParam: number; notNull: true; hasDefault: false; isPrimaryKey: false; ... 5 more ...; generated: undefined; }, {}, {}>' is not assignable to parameter of type 'never'.
src/controllers/reportsController.ts(839,11): error TS2769: No overload matches this call.
  Overload 1 of 3, '(left: SQLiteColumn<{ name: "dataAbastecimento"; tableName: "abastecimentos"; dataType: "date"; columnType: "SQLiteTimestamp"; data: Date; driverParam: number; notNull: true; hasDefault: false; isPrimaryKey: false; ... 5 more ...; generated: undefined; }, {}, {}>, right: Date | SQLWrapper): SQL<...>', gave the following error.
    Argument of type 'number' is not assignable to parameter of type 'Date | SQLWrapper'.
  Overload 2 of 3, '(left: Aliased<number>, right: number | SQLWrapper): SQL<unknown>', gave the following error.
    Argument of type 'SQLiteColumn<{ name: "dataAbastecimento"; tableName: "abastecimentos"; dataType: "date"; columnType: "SQLiteTimestamp"; data: Date; driverParam: number; notNull: true; hasDefault: false; isPrimaryKey: false; ... 5 more ...; generated: undefined; }, {}, {}>' is not assignable to parameter of type 'Aliased<number>'.
      Type 'SQLiteColumn<{ name: "dataAbastecimento"; tableName: "abastecimentos"; dataType: "date"; columnType: "SQLiteTimestamp"; data: Date; driverParam: number; notNull: true; hasDefault: false; isPrimaryKey: false; ... 5 more ...; generated: undefined; }, {}, {}>' is missing the following properties from type 'Aliased<number>': sql, fieldAlias
  Overload 3 of 3, '(left: never, right: unknown): SQL<unknown>', gave the following error.
    Argument of type 'SQLiteColumn<{ name: "dataAbastecimento"; tableName: "abastecimentos"; dataType: "date"; columnType: "SQLiteTimestamp"; data: Date; driverParam: number; notNull: true; hasDefault: false; isPrimaryKey: false; ... 5 more ...; generated: undefined; }, {}, {}>' is not assignable to parameter of type 'never'.
src/controllers/reportsController.ts(840,11): error TS2769: No overload matches this call.
  Overload 1 of 3, '(left: SQLiteColumn<{ name: "dataAbastecimento"; tableName: "abastecimentos"; dataType: "date"; columnType: "SQLiteTimestamp"; data: Date; driverParam: number; notNull: true; hasDefault: false; isPrimaryKey: false; ... 5 more ...; generated: undefined; }, {}, {}>, right: Date | SQLWrapper): SQL<...>', gave the following error.
    Argument of type 'number' is not assignable to parameter of type 'Date | SQLWrapper'.
  Overload 2 of 3, '(left: Aliased<number>, right: number | SQLWrapper): SQL<unknown>', gave the following error.
    Argument of type 'SQLiteColumn<{ name: "dataAbastecimento"; tableName: "abastecimentos"; dataType: "date"; columnType: "SQLiteTimestamp"; data: Date; driverParam: number; notNull: true; hasDefault: false; isPrimaryKey: false; ... 5 more ...; generated: undefined; }, {}, {}>' is not assignable to parameter of type 'Aliased<number>'.
      Type 'SQLiteColumn<{ name: "dataAbastecimento"; tableName: "abastecimentos"; dataType: "date"; columnType: "SQLiteTimestamp"; data: Date; driverParam: number; notNull: true; hasDefault: false; isPrimaryKey: false; ... 5 more ...; generated: undefined; }, {}, {}>' is missing the following properties from type 'Aliased<number>': sql, fieldAlias
  Overload 3 of 3, '(left: never, right: unknown): SQL<unknown>', gave the following error.
    Argument of type 'SQLiteColumn<{ name: "dataAbastecimento"; tableName: "abastecimentos"; dataType: "date"; columnType: "SQLiteTimestamp"; data: Date; driverParam: number; notNull: true; hasDefault: false; isPrimaryKey: false; ... 5 more ...; generated: undefined; }, {}, {}>' is not assignable to parameter of type 'never'.
src/controllers/reportsController.ts(851,11): error TS2769: No overload matches this call.
  Overload 1 of 3, '(left: SQLiteColumn<{ name: "dataAbastecimento"; tableName: "abastecimentos"; dataType: "date"; columnType: "SQLiteTimestamp"; data: Date; driverParam: number; notNull: true; hasDefault: false; isPrimaryKey: false; ... 5 more ...; generated: undefined; }, {}, {}>, right: Date | SQLWrapper): SQL<...>', gave the following error.
    Argument of type 'number' is not assignable to parameter of type 'Date | SQLWrapper'.
  Overload 2 of 3, '(left: Aliased<number>, right: number | SQLWrapper): SQL<unknown>', gave the following error.
    Argument of type 'SQLiteColumn<{ name: "dataAbastecimento"; tableName: "abastecimentos"; dataType: "date"; columnType: "SQLiteTimestamp"; data: Date; driverParam: number; notNull: true; hasDefault: false; isPrimaryKey: false; ... 5 more ...; generated: undefined; }, {}, {}>' is not assignable to parameter of type 'Aliased<number>'.
      Type 'SQLiteColumn<{ name: "dataAbastecimento"; tableName: "abastecimentos"; dataType: "date"; columnType: "SQLiteTimestamp"; data: Date; driverParam: number; notNull: true; hasDefault: false; isPrimaryKey: false; ... 5 more ...; generated: undefined; }, {}, {}>' is missing the following properties from type 'Aliased<number>': sql, fieldAlias
  Overload 3 of 3, '(left: never, right: unknown): SQL<unknown>', gave the following error.
    Argument of type 'SQLiteColumn<{ name: "dataAbastecimento"; tableName: "abastecimentos"; dataType: "date"; columnType: "SQLiteTimestamp"; data: Date; driverParam: number; notNull: true; hasDefault: false; isPrimaryKey: false; ... 5 more ...; generated: undefined; }, {}, {}>' is not assignable to parameter of type 'never'.
src/controllers/reportsController.ts(852,11): error TS2769: No overload matches this call.
  Overload 1 of 3, '(left: SQLiteColumn<{ name: "dataAbastecimento"; tableName: "abastecimentos"; dataType: "date"; columnType: "SQLiteTimestamp"; data: Date; driverParam: number; notNull: true; hasDefault: false; isPrimaryKey: false; ... 5 more ...; generated: undefined; }, {}, {}>, right: Date | SQLWrapper): SQL<...>', gave the following error.
    Argument of type 'number' is not assignable to parameter of type 'Date | SQLWrapper'.
  Overload 2 of 3, '(left: Aliased<number>, right: number | SQLWrapper): SQL<unknown>', gave the following error.
    Argument of type 'SQLiteColumn<{ name: "dataAbastecimento"; tableName: "abastecimentos"; dataType: "date"; columnType: "SQLiteTimestamp"; data: Date; driverParam: number; notNull: true; hasDefault: false; isPrimaryKey: false; ... 5 more ...; generated: undefined; }, {}, {}>' is not assignable to parameter of type 'Aliased<number>'.
      Type 'SQLiteColumn<{ name: "dataAbastecimento"; tableName: "abastecimentos"; dataType: "date"; columnType: "SQLiteTimestamp"; data: Date; driverParam: number; notNull: true; hasDefault: false; isPrimaryKey: false; ... 5 more ...; generated: undefined; }, {}, {}>' is missing the following properties from type 'Aliased<number>': sql, fieldAlias
  Overload 3 of 3, '(left: never, right: unknown): SQL<unknown>', gave the following error.
    Argument of type 'SQLiteColumn<{ name: "dataAbastecimento"; tableName: "abastecimentos"; dataType: "date"; columnType: "SQLiteTimestamp"; data: Date; driverParam: number; notNull: true; hasDefault: false; isPrimaryKey: false; ... 5 more ...; generated: undefined; }, {}, {}>' is not assignable to parameter of type 'never'.
src/controllers/reportsController.ts(863,11): error TS2769: No overload matches this call.
  Overload 1 of 3, '(left: SQLiteColumn<{ name: "dataAbastecimento"; tableName: "abastecimentos"; dataType: "date"; columnType: "SQLiteTimestamp"; data: Date; driverParam: number; notNull: true; hasDefault: false; isPrimaryKey: false; ... 5 more ...; generated: undefined; }, {}, {}>, right: Date | SQLWrapper): SQL<...>', gave the following error.
    Argument of type 'number' is not assignable to parameter of type 'Date | SQLWrapper'.
  Overload 2 of 3, '(left: Aliased<number>, right: number | SQLWrapper): SQL<unknown>', gave the following error.
    Argument of type 'SQLiteColumn<{ name: "dataAbastecimento"; tableName: "abastecimentos"; dataType: "date"; columnType: "SQLiteTimestamp"; data: Date; driverParam: number; notNull: true; hasDefault: false; isPrimaryKey: false; ... 5 more ...; generated: undefined; }, {}, {}>' is not assignable to parameter of type 'Aliased<number>'.
      Type 'SQLiteColumn<{ name: "dataAbastecimento"; tableName: "abastecimentos"; dataType: "date"; columnType: "SQLiteTimestamp"; data: Date; driverParam: number; notNull: true; hasDefault: false; isPrimaryKey: false; ... 5 more ...; generated: undefined; }, {}, {}>' is missing the following properties from type 'Aliased<number>': sql, fieldAlias
  Overload 3 of 3, '(left: never, right: unknown): SQL<unknown>', gave the following error.
    Argument of type 'SQLiteColumn<{ name: "dataAbastecimento"; tableName: "abastecimentos"; dataType: "date"; columnType: "SQLiteTimestamp"; data: Date; driverParam: number; notNull: true; hasDefault: false; isPrimaryKey: false; ... 5 more ...; generated: undefined; }, {}, {}>' is not assignable to parameter of type 'never'.
src/controllers/reportsController.ts(864,11): error TS2769: No overload matches this call.
  Overload 1 of 3, '(left: SQLiteColumn<{ name: "dataAbastecimento"; tableName: "abastecimentos"; dataType: "date"; columnType: "SQLiteTimestamp"; data: Date; driverParam: number; notNull: true; hasDefault: false; isPrimaryKey: false; ... 5 more ...; generated: undefined; }, {}, {}>, right: Date | SQLWrapper): SQL<...>', gave the following error.
    Argument of type 'number' is not assignable to parameter of type 'Date | SQLWrapper'.
  Overload 2 of 3, '(left: Aliased<number>, right: number | SQLWrapper): SQL<unknown>', gave the following error.
    Argument of type 'SQLiteColumn<{ name: "dataAbastecimento"; tableName: "abastecimentos"; dataType: "date"; columnType: "SQLiteTimestamp"; data: Date; driverParam: number; notNull: true; hasDefault: false; isPrimaryKey: false; ... 5 more ...; generated: undefined; }, {}, {}>' is not assignable to parameter of type 'Aliased<number>'.
      Type 'SQLiteColumn<{ name: "dataAbastecimento"; tableName: "abastecimentos"; dataType: "date"; columnType: "SQLiteTimestamp"; data: Date; driverParam: number; notNull: true; hasDefault: false; isPrimaryKey: false; ... 5 more ...; generated: undefined; }, {}, {}>' is missing the following properties from type 'Aliased<number>': sql, fieldAlias
  Overload 3 of 3, '(left: never, right: unknown): SQL<unknown>', gave the following error.
    Argument of type 'SQLiteColumn<{ name: "dataAbastecimento"; tableName: "abastecimentos"; dataType: "date"; columnType: "SQLiteTimestamp"; data: Date; driverParam: number; notNull: true; hasDefault: false; isPrimaryKey: false; ... 5 more ...; generated: undefined; }, {}, {}>' is not assignable to parameter of type 'never'.
src/controllers/reportsController.ts(881,7): error TS2769: No overload matches this call.
  Overload 1 of 3, '(left: SQLiteColumn<{ name: "dataInicio"; tableName: "jornadas"; dataType: "date"; columnType: "SQLiteTimestamp"; data: Date; driverParam: number; notNull: true; hasDefault: false; isPrimaryKey: false; ... 5 more ...; generated: undefined; }, {}, {}>, right: Date | SQLWrapper): SQL<...>', gave the following error.
    Argument of type 'number' is not assignable to parameter of type 'Date | SQLWrapper'.
  Overload 2 of 3, '(left: Aliased<number>, right: number | SQLWrapper): SQL<unknown>', gave the following error.
    Argument of type 'SQLiteColumn<{ name: "dataInicio"; tableName: "jornadas"; dataType: "date"; columnType: "SQLiteTimestamp"; data: Date; driverParam: number; notNull: true; hasDefault: false; isPrimaryKey: false; ... 5 more ...; generated: undefined; }, {}, {}>' is not assignable to parameter of type 'Aliased<number>'.
      Type 'SQLiteColumn<{ name: "dataInicio"; tableName: "jornadas"; dataType: "date"; columnType: "SQLiteTimestamp"; data: Date; driverParam: number; notNull: true; hasDefault: false; isPrimaryKey: false; ... 5 more ...; generated: undefined; }, {}, {}>' is missing the following properties from type 'Aliased<number>': sql, fieldAlias
  Overload 3 of 3, '(left: never, right: unknown): SQL<unknown>', gave the following error.
    Argument of type 'SQLiteColumn<{ name: "dataInicio"; tableName: "jornadas"; dataType: "date"; columnType: "SQLiteTimestamp"; data: Date; driverParam: number; notNull: true; hasDefault: false; isPrimaryKey: false; ... 5 more ...; generated: undefined; }, {}, {}>' is not assignable to parameter of type 'never'.
src/controllers/reportsController.ts(882,7): error TS2769: No overload matches this call.
  Overload 1 of 3, '(left: SQLiteColumn<{ name: "dataFim"; tableName: "jornadas"; dataType: "date"; columnType: "SQLiteTimestamp"; data: Date; driverParam: number; notNull: false; hasDefault: false; isPrimaryKey: false; ... 5 more ...; generated: undefined; }, {}, {}>, right: Date | SQLWrapper): SQL<...>', gave the following error.
    Argument of type 'number' is not assignable to parameter of type 'Date | SQLWrapper'.
  Overload 2 of 3, '(left: Aliased<number>, right: number | SQLWrapper): SQL<unknown>', gave the following error.
    Argument of type 'SQLiteColumn<{ name: "dataFim"; tableName: "jornadas"; dataType: "date"; columnType: "SQLiteTimestamp"; data: Date; driverParam: number; notNull: false; hasDefault: false; isPrimaryKey: false; isAutoincrement: false; ... 4 more ...; generated: undefined; }, {}, {}>' is not assignable to parameter of type 'Aliased<number>'.
      Type 'SQLiteColumn<{ name: "dataFim"; tableName: "jornadas"; dataType: "date"; columnType: "SQLiteTimestamp"; data: Date; driverParam: number; notNull: false; hasDefault: false; isPrimaryKey: false; isAutoincrement: false; ... 4 more ...; generated: undefined; }, {}, {}>' is missing the following properties from type 'Aliased<number>': sql, fieldAlias
  Overload 3 of 3, '(left: never, right: unknown): SQL<unknown>', gave the following error.
    Argument of type 'SQLiteColumn<{ name: "dataFim"; tableName: "jornadas"; dataType: "date"; columnType: "SQLiteTimestamp"; data: Date; driverParam: number; notNull: false; hasDefault: false; isPrimaryKey: false; isAutoincrement: false; ... 4 more ...; generated: undefined; }, {}, {}>' is not assignable to parameter of type 'never'.
src/controllers/reportsController.ts(919,7): error TS2769: No overload matches this call.
  Overload 1 of 3, '(left: SQLiteColumn<{ name: "dataDespesa"; tableName: "despesas"; dataType: "date"; columnType: "SQLiteTimestamp"; data: Date; driverParam: number; notNull: true; hasDefault: false; isPrimaryKey: false; ... 5 more ...; generated: undefined; }, {}, {}>, right: Date | SQLWrapper): SQL<...>', gave the following error.
    Argument of type 'number' is not assignable to parameter of type 'Date | SQLWrapper'.
  Overload 2 of 3, '(left: Aliased<number>, right: number | SQLWrapper): SQL<unknown>', gave the following error.
    Argument of type 'SQLiteColumn<{ name: "dataDespesa"; tableName: "despesas"; dataType: "date"; columnType: "SQLiteTimestamp"; data: Date; driverParam: number; notNull: true; hasDefault: false; isPrimaryKey: false; ... 5 more ...; generated: undefined; }, {}, {}>' is not assignable to parameter of type 'Aliased<number>'.
      Type 'SQLiteColumn<{ name: "dataDespesa"; tableName: "despesas"; dataType: "date"; columnType: "SQLiteTimestamp"; data: Date; driverParam: number; notNull: true; hasDefault: false; isPrimaryKey: false; ... 5 more ...; generated: undefined; }, {}, {}>' is missing the following properties from type 'Aliased<number>': sql, fieldAlias
  Overload 3 of 3, '(left: never, right: unknown): SQL<unknown>', gave the following error.
    Argument of type 'SQLiteColumn<{ name: "dataDespesa"; tableName: "despesas"; dataType: "date"; columnType: "SQLiteTimestamp"; data: Date; driverParam: number; notNull: true; hasDefault: false; isPrimaryKey: false; ... 5 more ...; generated: undefined; }, {}, {}>' is not assignable to parameter of type 'never'.
src/controllers/reportsController.ts(920,7): error TS2769: No overload matches this call.
  Overload 1 of 3, '(left: SQLiteColumn<{ name: "dataDespesa"; tableName: "despesas"; dataType: "date"; columnType: "SQLiteTimestamp"; data: Date; driverParam: number; notNull: true; hasDefault: false; isPrimaryKey: false; ... 5 more ...; generated: undefined; }, {}, {}>, right: Date | SQLWrapper): SQL<...>', gave the following error.
    Argument of type 'number' is not assignable to parameter of type 'Date | SQLWrapper'.
  Overload 2 of 3, '(left: Aliased<number>, right: number | SQLWrapper): SQL<unknown>', gave the following error.
    Argument of type 'SQLiteColumn<{ name: "dataDespesa"; tableName: "despesas"; dataType: "date"; columnType: "SQLiteTimestamp"; data: Date; driverParam: number; notNull: true; hasDefault: false; isPrimaryKey: false; ... 5 more ...; generated: undefined; }, {}, {}>' is not assignable to parameter of type 'Aliased<number>'.
      Type 'SQLiteColumn<{ name: "dataDespesa"; tableName: "despesas"; dataType: "date"; columnType: "SQLiteTimestamp"; data: Date; driverParam: number; notNull: true; hasDefault: false; isPrimaryKey: false; ... 5 more ...; generated: undefined; }, {}, {}>' is missing the following properties from type 'Aliased<number>': sql, fieldAlias
  Overload 3 of 3, '(left: never, right: unknown): SQL<unknown>', gave the following error.
    Argument of type 'SQLiteColumn<{ name: "dataDespesa"; tableName: "despesas"; dataType: "date"; columnType: "SQLiteTimestamp"; data: Date; driverParam: number; notNull: true; hasDefault: false; isPrimaryKey: false; ... 5 more ...; generated: undefined; }, {}, {}>' is not assignable to parameter of type 'never'.
src/controllers/reportsController.ts(935,7): error TS2769: No overload matches this call.
  Overload 1 of 3, '(left: SQLiteColumn<{ name: "dataAbastecimento"; tableName: "abastecimentos"; dataType: "date"; columnType: "SQLiteTimestamp"; data: Date; driverParam: number; notNull: true; hasDefault: false; isPrimaryKey: false; ... 5 more ...; generated: undefined; }, {}, {}>, right: Date | SQLWrapper): SQL<...>', gave the following error.
    Argument of type 'number' is not assignable to parameter of type 'Date | SQLWrapper'.
  Overload 2 of 3, '(left: Aliased<number>, right: number | SQLWrapper): SQL<unknown>', gave the following error.
    Argument of type 'SQLiteColumn<{ name: "dataAbastecimento"; tableName: "abastecimentos"; dataType: "date"; columnType: "SQLiteTimestamp"; data: Date; driverParam: number; notNull: true; hasDefault: false; isPrimaryKey: false; ... 5 more ...; generated: undefined; }, {}, {}>' is not assignable to parameter of type 'Aliased<number>'.
      Type 'SQLiteColumn<{ name: "dataAbastecimento"; tableName: "abastecimentos"; dataType: "date"; columnType: "SQLiteTimestamp"; data: Date; driverParam: number; notNull: true; hasDefault: false; isPrimaryKey: false; ... 5 more ...; generated: undefined; }, {}, {}>' is missing the following properties from type 'Aliased<number>': sql, fieldAlias
  Overload 3 of 3, '(left: never, right: unknown): SQL<unknown>', gave the following error.
    Argument of type 'SQLiteColumn<{ name: "dataAbastecimento"; tableName: "abastecimentos"; dataType: "date"; columnType: "SQLiteTimestamp"; data: Date; driverParam: number; notNull: true; hasDefault: false; isPrimaryKey: false; ... 5 more ...; generated: undefined; }, {}, {}>' is not assignable to parameter of type 'never'.
src/controllers/reportsController.ts(936,7): error TS2769: No overload matches this call.
  Overload 1 of 3, '(left: SQLiteColumn<{ name: "dataAbastecimento"; tableName: "abastecimentos"; dataType: "date"; columnType: "SQLiteTimestamp"; data: Date; driverParam: number; notNull: true; hasDefault: false; isPrimaryKey: false; ... 5 more ...; generated: undefined; }, {}, {}>, right: Date | SQLWrapper): SQL<...>', gave the following error.
    Argument of type 'number' is not assignable to parameter of type 'Date | SQLWrapper'.
  Overload 2 of 3, '(left: Aliased<number>, right: number | SQLWrapper): SQL<unknown>', gave the following error.
    Argument of type 'SQLiteColumn<{ name: "dataAbastecimento"; tableName: "abastecimentos"; dataType: "date"; columnType: "SQLiteTimestamp"; data: Date; driverParam: number; notNull: true; hasDefault: false; isPrimaryKey: false; ... 5 more ...; generated: undefined; }, {}, {}>' is not assignable to parameter of type 'Aliased<number>'.
      Type 'SQLiteColumn<{ name: "dataAbastecimento"; tableName: "abastecimentos"; dataType: "date"; columnType: "SQLiteTimestamp"; data: Date; driverParam: number; notNull: true; hasDefault: false; isPrimaryKey: false; ... 5 more ...; generated: undefined; }, {}, {}>' is missing the following properties from type 'Aliased<number>': sql, fieldAlias
  Overload 3 of 3, '(left: never, right: unknown): SQL<unknown>', gave the following error.
    Argument of type 'SQLiteColumn<{ name: "dataAbastecimento"; tableName: "abastecimentos"; dataType: "date"; columnType: "SQLiteTimestamp"; data: Date; driverParam: number; notNull: true; hasDefault: false; isPrimaryKey: false; ... 5 more ...; generated: undefined; }, {}, {}>' is not assignable to parameter of type 'never'.
src/controllers/reportsController.ts(958,11): error TS2769: No overload matches this call.
  Overload 1 of 3, '(left: SQLiteColumn<{ name: "dataInicio"; tableName: "jornadas"; dataType: "date"; columnType: "SQLiteTimestamp"; data: Date; driverParam: number; notNull: true; hasDefault: false; isPrimaryKey: false; ... 5 more ...; generated: undefined; }, {}, {}>, right: Date | SQLWrapper): SQL<...>', gave the following error.
    Argument of type 'number' is not assignable to parameter of type 'Date | SQLWrapper'.
  Overload 2 of 3, '(left: Aliased<number>, right: number | SQLWrapper): SQL<unknown>', gave the following error.
    Argument of type 'SQLiteColumn<{ name: "dataInicio"; tableName: "jornadas"; dataType: "date"; columnType: "SQLiteTimestamp"; data: Date; driverParam: number; notNull: true; hasDefault: false; isPrimaryKey: false; ... 5 more ...; generated: undefined; }, {}, {}>' is not assignable to parameter of type 'Aliased<number>'.
      Type 'SQLiteColumn<{ name: "dataInicio"; tableName: "jornadas"; dataType: "date"; columnType: "SQLiteTimestamp"; data: Date; driverParam: number; notNull: true; hasDefault: false; isPrimaryKey: false; ... 5 more ...; generated: undefined; }, {}, {}>' is missing the following properties from type 'Aliased<number>': sql, fieldAlias
  Overload 3 of 3, '(left: never, right: unknown): SQL<unknown>', gave the following error.
    Argument of type 'SQLiteColumn<{ name: "dataInicio"; tableName: "jornadas"; dataType: "date"; columnType: "SQLiteTimestamp"; data: Date; driverParam: number; notNull: true; hasDefault: false; isPrimaryKey: false; ... 5 more ...; generated: undefined; }, {}, {}>' is not assignable to parameter of type 'never'.
src/controllers/reportsController.ts(959,11): error TS2769: No overload matches this call.
  Overload 1 of 3, '(left: SQLiteColumn<{ name: "dataFim"; tableName: "jornadas"; dataType: "date"; columnType: "SQLiteTimestamp"; data: Date; driverParam: number; notNull: false; hasDefault: false; isPrimaryKey: false; ... 5 more ...; generated: undefined; }, {}, {}>, right: Date | SQLWrapper): SQL<...>', gave the following error.
    Argument of type 'number' is not assignable to parameter of type 'Date | SQLWrapper'.
  Overload 2 of 3, '(left: Aliased<number>, right: number | SQLWrapper): SQL<unknown>', gave the following error.
    Argument of type 'SQLiteColumn<{ name: "dataFim"; tableName: "jornadas"; dataType: "date"; columnType: "SQLiteTimestamp"; data: Date; driverParam: number; notNull: false; hasDefault: false; isPrimaryKey: false; isAutoincrement: false; ... 4 more ...; generated: undefined; }, {}, {}>' is not assignable to parameter of type 'Aliased<number>'.
      Type 'SQLiteColumn<{ name: "dataFim"; tableName: "jornadas"; dataType: "date"; columnType: "SQLiteTimestamp"; data: Date; driverParam: number; notNull: false; hasDefault: false; isPrimaryKey: false; isAutoincrement: false; ... 4 more ...; generated: undefined; }, {}, {}>' is missing the following properties from type 'Aliased<number>': sql, fieldAlias
  Overload 3 of 3, '(left: never, right: unknown): SQL<unknown>', gave the following error.
    Argument of type 'SQLiteColumn<{ name: "dataFim"; tableName: "jornadas"; dataType: "date"; columnType: "SQLiteTimestamp"; data: Date; driverParam: number; notNull: false; hasDefault: false; isPrimaryKey: false; isAutoincrement: false; ... 4 more ...; generated: undefined; }, {}, {}>' is not assignable to parameter of type 'never'.
src/controllers/reportsController.ts(980,7): error TS2769: No overload matches this call.
  Overload 1 of 3, '(left: SQLiteColumn<{ name: "dataInicio"; tableName: "jornadas"; dataType: "date"; columnType: "SQLiteTimestamp"; data: Date; driverParam: number; notNull: true; hasDefault: false; isPrimaryKey: false; ... 5 more ...; generated: undefined; }, {}, {}>, right: Date | SQLWrapper): SQL<...>', gave the following error.
    Argument of type 'number' is not assignable to parameter of type 'Date | SQLWrapper'.
  Overload 2 of 3, '(left: Aliased<number>, right: number | SQLWrapper): SQL<unknown>', gave the following error.
    Argument of type 'SQLiteColumn<{ name: "dataInicio"; tableName: "jornadas"; dataType: "date"; columnType: "SQLiteTimestamp"; data: Date; driverParam: number; notNull: true; hasDefault: false; isPrimaryKey: false; ... 5 more ...; generated: undefined; }, {}, {}>' is not assignable to parameter of type 'Aliased<number>'.
      Type 'SQLiteColumn<{ name: "dataInicio"; tableName: "jornadas"; dataType: "date"; columnType: "SQLiteTimestamp"; data: Date; driverParam: number; notNull: true; hasDefault: false; isPrimaryKey: false; ... 5 more ...; generated: undefined; }, {}, {}>' is missing the following properties from type 'Aliased<number>': sql, fieldAlias
  Overload 3 of 3, '(left: never, right: unknown): SQL<unknown>', gave the following error.
    Argument of type 'SQLiteColumn<{ name: "dataInicio"; tableName: "jornadas"; dataType: "date"; columnType: "SQLiteTimestamp"; data: Date; driverParam: number; notNull: true; hasDefault: false; isPrimaryKey: false; ... 5 more ...; generated: undefined; }, {}, {}>' is not assignable to parameter of type 'never'.
src/controllers/reportsController.ts(981,7): error TS2769: No overload matches this call.
  Overload 1 of 3, '(left: SQLiteColumn<{ name: "dataFim"; tableName: "jornadas"; dataType: "date"; columnType: "SQLiteTimestamp"; data: Date; driverParam: number; notNull: false; hasDefault: false; isPrimaryKey: false; ... 5 more ...; generated: undefined; }, {}, {}>, right: Date | SQLWrapper): SQL<...>', gave the following error.
    Argument of type 'number' is not assignable to parameter of type 'Date | SQLWrapper'.
  Overload 2 of 3, '(left: Aliased<number>, right: number | SQLWrapper): SQL<unknown>', gave the following error.
    Argument of type 'SQLiteColumn<{ name: "dataFim"; tableName: "jornadas"; dataType: "date"; columnType: "SQLiteTimestamp"; data: Date; driverParam: number; notNull: false; hasDefault: false; isPrimaryKey: false; isAutoincrement: false; ... 4 more ...; generated: undefined; }, {}, {}>' is not assignable to parameter of type 'Aliased<number>'.
      Type 'SQLiteColumn<{ name: "dataFim"; tableName: "jornadas"; dataType: "date"; columnType: "SQLiteTimestamp"; data: Date; driverParam: number; notNull: false; hasDefault: false; isPrimaryKey: false; isAutoincrement: false; ... 4 more ...; generated: undefined; }, {}, {}>' is missing the following properties from type 'Aliased<number>': sql, fieldAlias
  Overload 3 of 3, '(left: never, right: unknown): SQL<unknown>', gave the following error.
    Argument of type 'SQLiteColumn<{ name: "dataFim"; tableName: "jornadas"; dataType: "date"; columnType: "SQLiteTimestamp"; data: Date; driverParam: number; notNull: false; hasDefault: false; isPrimaryKey: false; isAutoincrement: false; ... 4 more ...; generated: undefined; }, {}, {}>' is not assignable to parameter of type 'never'.
src/controllers/reportsController.ts(1002,61): error TS2341: Property 'calcularCustoCombustivelEstimado' is private and only accessible within class 'JourneyProcessor'.
src/controllers/reportsController.ts(1003,51): error TS2341: Property 'calcularOutrasDespesas' is private and only accessible within class 'JourneyProcessor'.
src/controllers/reportsController.ts(1003,96): error TS2339: Property 'idVeiculo' does not exist on type '{ idJornada: string; ganhoBruto: number; kmTotal: number; dataInicio: Date; }'.
src/controllers/reportsController.ts(1003,166): error TS2339: Property 'dataFim' does not exist on type '{ idJornada: string; ganhoBruto: number; kmTotal: number; dataInicio: Date; }'.
src/controllers/vehiclesController.ts(188,60): error TS2339: Property 'tipo_veiculo' does not exist on type 'SQLiteTableWithColumns<{ name: "veiculos"; schema: undefined; columns: { id: SQLiteColumn<{ name: "id"; tableName: "veiculos"; dataType: "string"; columnType: "SQLiteText"; data: string; driverParam: string; notNull: true; hasDefault: true; ... 6 more ...; generated: undefined; }, {}, { ...; }>; ... 12 more ...; del...'.
src/controllers/vehiclesController.ts(192,48): error TS2769: No overload matches this call.
  Overload 1 of 3, '(left: SQLiteColumn<{ name: "tipoCombustivel"; tableName: "veiculos"; dataType: "string"; columnType: "SQLiteText"; data: "gasolina" | "etanol" | "diesel" | "gnv" | "flex"; driverParam: string; notNull: true; ... 7 more ...; generated: undefined; }, {}, { ...; }>, right: "gasolina" | ... 4 more ... | SQLWrapper): SQL<...>', gave the following error.
    Argument of type 'TipoCombustivel' is not assignable to parameter of type '"gasolina" | "etanol" | "diesel" | "gnv" | "flex" | SQLWrapper'.
      Type 'TipoCombustivel.GASOLINA' is not assignable to type '"gasolina" | "etanol" | "diesel" | "gnv" | "flex" | SQLWrapper'. Did you mean '"gasolina"'?
  Overload 2 of 3, '(left: Aliased<TipoCombustivel>, right: SQLWrapper | TipoCombustivel): SQL<unknown>', gave the following error.
    Argument of type 'SQLiteColumn<{ name: "tipoCombustivel"; tableName: "veiculos"; dataType: "string"; columnType: "SQLiteText"; data: "gasolina" | "etanol" | "diesel" | "gnv" | "flex"; driverParam: string; notNull: true; ... 7 more ...; generated: undefined; }, {}, { ...; }>' is not assignable to parameter of type 'Aliased<TipoCombustivel>'.
      Type 'SQLiteColumn<{ name: "tipoCombustivel"; tableName: "veiculos"; dataType: "string"; columnType: "SQLiteText"; data: "gasolina" | "etanol" | "diesel" | "gnv" | "flex"; driverParam: string; notNull: true; ... 7 more ...; generated: undefined; }, {}, { ...; }>' is missing the following properties from type 'Aliased<TipoCombustivel>': sql, fieldAlias
  Overload 3 of 3, '(left: never, right: unknown): SQL<unknown>', gave the following error.
    Argument of type 'SQLiteColumn<{ name: "tipoCombustivel"; tableName: "veiculos"; dataType: "string"; columnType: "SQLiteText"; data: "gasolina" | "etanol" | "diesel" | "gnv" | "flex"; driverParam: string; notNull: true; ... 7 more ...; generated: undefined; }, {}, { ...; }>' is not assignable to parameter of type 'never'.
src/controllers/vehiclesController.ts(196,60): error TS2339: Property 'ativo' does not exist on type 'SQLiteTableWithColumns<{ name: "veiculos"; schema: undefined; columns: { id: SQLiteColumn<{ name: "id"; tableName: "veiculos"; dataType: "string"; columnType: "SQLiteText"; data: string; driverParam: string; notNull: true; hasDefault: true; ... 6 more ...; generated: undefined; }, {}, { ...; }>; ... 12 more ...; del...'.
src/controllers/vehiclesController.ts(207,29): error TS2339: Property 'createdAt' does not exist on type 'SQLiteTableWithColumns<{ name: "veiculos"; schema: undefined; columns: { id: SQLiteColumn<{ name: "id"; tableName: "veiculos"; dataType: "string"; columnType: "SQLiteText"; data: string; driverParam: string; notNull: true; hasDefault: true; ... 6 more ...; generated: undefined; }, {}, { ...; }>; ... 12 more ...; del...'.
src/controllers/vehiclesController.ts(289,17): error TS2769: No overload matches this call.
  Overload 1 of 2, '(value: { tipoCombustivel: "gasolina" | "etanol" | "diesel" | "gnv" | "flex" | SQL<unknown> | Placeholder<string, any>; tipoUso: "proprio" | "alugado" | "financiado" | SQL<...> | Placeholder<...>; ... 11 more ...; mediaConsumo?: number | ... 1 more ... | Placeholder<...>; }): SQLiteInsertBase<...>', gave the following error.
    Argument of type '{ idUsuario: string; ativo: boolean; createdAt: string; updatedAt: string; tipoCombustivel?: TipoCombustivel; marca?: string; modelo?: string; ano?: number; placa?: string; observacoes?: string; ... 4 more ...; capacidade_tanque?: number; }' is not assignable to parameter of type '{ tipoCombustivel: "gasolina" | "etanol" | "diesel" | "gnv" | "flex" | SQL<unknown> | Placeholder<string, any>; tipoUso: "proprio" | "alugado" | "financiado" | SQL<unknown> | Placeholder<...>; ... 11 more ...; mediaConsumo?: number | ... 1 more ... | Placeholder<...>; }'.
      Property 'tipoUso' is missing in type '{ idUsuario: string; ativo: boolean; createdAt: string; updatedAt: string; tipoCombustivel?: TipoCombustivel; marca?: string; modelo?: string; ano?: number; placa?: string; observacoes?: string; ... 4 more ...; capacidade_tanque?: number; }' but required in type '{ tipoCombustivel: "gasolina" | "etanol" | "diesel" | "gnv" | "flex" | SQL<unknown> | Placeholder<string, any>; tipoUso: "proprio" | "alugado" | "financiado" | SQL<unknown> | Placeholder<...>; ... 11 more ...; mediaConsumo?: number | ... 1 more ... | Placeholder<...>; }'.
  Overload 2 of 2, '(values: { tipoCombustivel: "gasolina" | "etanol" | "diesel" | "gnv" | "flex" | SQL<unknown> | Placeholder<string, any>; tipoUso: "proprio" | "alugado" | "financiado" | SQL<...> | Placeholder<...>; ... 11 more ...; mediaConsumo?: number | ... 1 more ... | Placeholder<...>; }[]): SQLiteInsertBase<...>', gave the following error.
    Argument of type '{ idUsuario: string; ativo: boolean; createdAt: string; updatedAt: string; tipoCombustivel?: TipoCombustivel; marca?: string; modelo?: string; ano?: number; placa?: string; observacoes?: string; ... 4 more ...; capacidade_tanque?: number; }' is not assignable to parameter of type '{ tipoCombustivel: "gasolina" | "etanol" | "diesel" | "gnv" | "flex" | SQL<unknown> | Placeholder<string, any>; tipoUso: "proprio" | "alugado" | "financiado" | SQL<unknown> | Placeholder<...>; ... 11 more ...; mediaConsumo?: number | ... 1 more ... | Placeholder<...>; }[]'.
      Type '{ idUsuario: string; ativo: boolean; createdAt: string; updatedAt: string; tipoCombustivel?: TipoCombustivel; marca?: string; modelo?: string; ano?: number; placa?: string; observacoes?: string; ... 4 more ...; capacidade_tanque?: number; }' is missing the following properties from type '{ tipoCombustivel: "gasolina" | "etanol" | "diesel" | "gnv" | "flex" | SQL<unknown> | Placeholder<string, any>; tipoUso: "proprio" | "alugado" | "financiado" | SQL<unknown> | Placeholder<...>; ... 11 more ...; mediaConsumo?: number | ... 1 more ... | Placeholder<...>; }[]': length, pop, push, concat, and 35 more.
src/controllers/vehiclesController.ts(403,14): error TS2345: Argument of type '{ updatedAt: string; tipoCombustivel?: TipoCombustivel; marca?: string; modelo?: string; ano?: number; placa?: string; observacoes?: string; kmAtual?: number; cor?: string; tipo_veiculo?: TipoVeiculo; consumo_medio?: number; capacidade_tanque?: number; }' is not assignable to parameter of type '{ tipoCombustivel?: "gasolina" | "etanol" | "diesel" | "gnv" | "flex" | SQL<unknown> | SQLiteColumn<ColumnBaseConfig<ColumnDataType, string>, {}, {}>; ... 12 more ...; mediaConsumo?: number | ... 1 more ... | SQLiteColumn<...>; }'.
  Types of property 'tipoCombustivel' are incompatible.
    Type 'TipoCombustivel' is not assignable to type '"gasolina" | "etanol" | "diesel" | "gnv" | "flex" | SQL<unknown> | SQLiteColumn<ColumnBaseConfig<ColumnDataType, string>, {}, {}>'.
      Type 'TipoCombustivel.GASOLINA' is not assignable to type '"gasolina" | "etanol" | "diesel" | "gnv" | "flex" | SQL<unknown> | SQLiteColumn<ColumnBaseConfig<ColumnDataType, string>, {}, {}>'. Did you mean '"gasolina"'?
src/controllers/vehiclesController.ts(461,11): error TS2322: Type 'string' is not assignable to type 'SQL<unknown> | Date | SQLiteColumn<ColumnBaseConfig<ColumnDataType, string>, {}, {}>'.
src/controllers/vehiclesController.ts(462,11): error TS2322: Type 'string' is not assignable to type 'SQL<unknown> | Date | SQLiteColumn<ColumnBaseConfig<ColumnDataType, string>, {}, {}>'.
src/controllers/vehiclesController.ts(505,11): error TS2322: Type 'string' is not assignable to type 'SQL<unknown> | Date | SQLiteColumn<ColumnBaseConfig<ColumnDataType, string>, {}, {}>'.
src/controllers/vehiclesController.ts(548,11): error TS2322: Type 'string' is not assignable to type 'SQL<unknown> | Date | SQLiteColumn<ColumnBaseConfig<ColumnDataType, string>, {}, {}>'.
src/controllers/vehiclesController.ts(579,27): error TS2339: Property 'ativo' does not exist on type 'SQLiteTableWithColumns<{ name: "veiculos"; schema: undefined; columns: { id: SQLiteColumn<{ name: "id"; tableName: "veiculos"; dataType: "string"; columnType: "SQLiteText"; data: string; driverParam: string; notNull: true; hasDefault: true; ... 6 more ...; generated: undefined; }, {}, { ...; }>; ... 12 more ...; del...'.
src/controllers/vehiclesController.ts(580,34): error TS2339: Property 'tipo_veiculo' does not exist on type 'SQLiteTableWithColumns<{ name: "veiculos"; schema: undefined; columns: { id: SQLiteColumn<{ name: "id"; tableName: "veiculos"; dataType: "string"; columnType: "SQLiteText"; data: string; driverParam: string; notNull: true; hasDefault: true; ... 6 more ...; generated: undefined; }, {}, { ...; }>; ... 12 more ...; del...'.
src/controllers/weeklyMonthlyReportsController.ts(3,38): error TS2307: Cannot find module '../types/auth' or its corresponding type declarations.
src/controllers/weeklyMonthlyReportsController.ts(4,26): error TS2307: Cannot find module '../utils/AppError' or its corresponding type declarations.
src/controllers/weeklyMonthlyReportsController.ts(5,30): error TS2307: Cannot find module '../utils/asyncHandler' or its corresponding type declarations.
src/controllers/weeklyMonthlyReportsController.ts(7,28): error TS2307: Cannot find module '../utils/dateHelper' or its corresponding type declarations.
src/controllers/weeklyMonthlyReportsController.ts(36,36): error TS2662: Cannot find name 'logger'. Did you mean the static member 'WeeklyMonthlyReportsController.logger'?
src/controllers/weeklyMonthlyReportsController.ts(49,27): error TS2304: Cannot find name 'cacheService'.
src/controllers/weeklyMonthlyReportsController.ts(64,13): error TS2304: Cannot find name 'cacheService'.
src/controllers/weeklyMonthlyReportsController.ts(79,23): error TS2304: Cannot find name 'cacheService'.
src/controllers/weeklyMonthlyReportsController.ts(93,27): error TS2304: Cannot find name 'cacheService'.
src/controllers/weeklyMonthlyReportsController.ts(107,13): error TS2304: Cannot find name 'cacheService'.
src/controllers/weeklyMonthlyReportsController.ts(122,23): error TS2304: Cannot find name 'cacheService'.
src/controllers/weeklyMonthlyReportsController.ts(136,29): error TS2304: Cannot find name 'cacheService'.
src/controllers/weeklyMonthlyReportsController.ts(149,13): error TS2304: Cannot find name 'cacheService'.
src/controllers/weeklyMonthlyReportsController.ts(176,29): error TS2304: Cannot find name 'cacheService'.
src/controllers/weeklyMonthlyReportsController.ts(189,13): error TS2304: Cannot find name 'cacheService'.
src/controllers/weeklyMonthlyReportsController.ts(222,27): error TS2304: Cannot find name 'cacheService'.
src/controllers/weeklyMonthlyReportsController.ts(232,49): error TS2339: Property 'generateAlerts' does not exist on type 'typeof ReportsService'.
src/controllers/weeklyMonthlyReportsController.ts(233,47): error TS2339: Property 'getGoalsProgress' does not exist on type 'typeof ReportsService'.
src/controllers/weeklyMonthlyReportsController.ts(247,46): error TS2341: Property 'getTopJourneys' is private and only accessible within class 'ReportsService'.
src/controllers/weeklyMonthlyReportsController.ts(252,13): error TS2304: Cannot find name 'cacheService'.
src/controllers/weeklyMonthlyReportsController.ts(277,10): error TS2304: Cannot find name 'analise'.
src/controllers/weeklyMonthlyReportsController.ts(280,7): error TS2304: Cannot find name 'analise'.
src/controllers/weeklyMonthlyReportsController.ts(280,38): error TS2341: Property 'getPerformanceMetrics' is private and only accessible within class 'ReportsService'.
src/controllers/weeklyMonthlyReportsController.ts(283,13): error TS2304: Cannot find name 'CacheService'.
src/controllers/weeklyMonthlyReportsController.ts(283,40): error TS2304: Cannot find name 'analise'.
src/controllers/weeklyMonthlyReportsController.ts(288,13): error TS2304: Cannot find name 'analise'.
src/controllers/weeklyMonthlyReportsController.ts(310,40): error TS2339: Property 'createBatchExportJob' does not exist on type 'typeof ReportsService'.
src/controllers/weeklyMonthlyReportsController.ts(342,41): error TS2339: Property 'getBatchExportStatus' does not exist on type 'typeof ReportsService'.
src/controllers/weeklyMonthlyReportsController.ts(389,27): error TS2304: Cannot find name 'CacheService'.
src/controllers/weeklyMonthlyReportsController.ts(425,25): error TS2339: Property 'received' does not exist on type 'ZodIssue'.
  Property 'received' does not exist on type 'ZodCustomIssue & { fatal?: boolean; message: string; }'.
src/controllers/weeklyMonthlyReportsController.ts(440,47): error TS2339: Property 'exportToFormat' does not exist on type 'typeof ReportsService'.
src/routes/analytics.ts(30,57): error TS2339: Property 'getProductivityAnalysis' does not exist on type 'typeof AdvancedAnalyticsController'.
src/routes/analytics.ts(41,53): error TS2339: Property 'getTemporalPatterns' does not exist on type 'typeof AdvancedAnalyticsController'.
src/routes/analytics.ts(51,63): error TS2339: Property 'getVehicleComparison' does not exist on type 'typeof AdvancedAnalyticsController'.
src/routes/auth.ts(2,10): error TS2305: Module '"../controllers/authController"' has no exported member 'AuthController'.
src/routes/dashboard.ts(4,10): error TS2305: Module '"../controllers/dashboardController"' has no exported member 'DashboardController'.
src/routes/fuelings.ts(2,10): error TS2305: Module '"../controllers/fuelingsController"' has no exported member 'createFueling'.
src/routes/fuelings.ts(2,25): error TS2305: Module '"../controllers/fuelingsController"' has no exported member 'getFuelings'.
src/routes/fuelings.ts(2,38): error TS2305: Module '"../controllers/fuelingsController"' has no exported member 'getFuelingById'.
src/routes/fuelings.ts(2,54): error TS2305: Module '"../controllers/fuelingsController"' has no exported member 'updateFueling'.
src/routes/fuelings.ts(2,69): error TS2305: Module '"../controllers/fuelingsController"' has no exported member 'deleteFueling'.
src/services/advancedAnalyticsService.ts(50,13): error TS2769: No overload matches this call.
  Overload 1 of 3, '(left: SQLiteColumn<{ name: "dataInicio"; tableName: "jornadas"; dataType: "date"; columnType: "SQLiteTimestamp"; data: Date; driverParam: number; notNull: true; hasDefault: false; isPrimaryKey: false; ... 5 more ...; generated: undefined; }, {}, {}>, right: Date | SQLWrapper): SQL<...>', gave the following error.
    Argument of type 'number' is not assignable to parameter of type 'Date | SQLWrapper'.
  Overload 2 of 3, '(left: Aliased<number>, right: number | SQLWrapper): SQL<unknown>', gave the following error.
    Argument of type 'SQLiteColumn<{ name: "dataInicio"; tableName: "jornadas"; dataType: "date"; columnType: "SQLiteTimestamp"; data: Date; driverParam: number; notNull: true; hasDefault: false; isPrimaryKey: false; ... 5 more ...; generated: undefined; }, {}, {}>' is not assignable to parameter of type 'Aliased<number>'.
      Type 'SQLiteColumn<{ name: "dataInicio"; tableName: "jornadas"; dataType: "date"; columnType: "SQLiteTimestamp"; data: Date; driverParam: number; notNull: true; hasDefault: false; isPrimaryKey: false; ... 5 more ...; generated: undefined; }, {}, {}>' is missing the following properties from type 'Aliased<number>': sql, fieldAlias
  Overload 3 of 3, '(left: never, right: unknown): SQL<unknown>', gave the following error.
    Argument of type 'SQLiteColumn<{ name: "dataInicio"; tableName: "jornadas"; dataType: "date"; columnType: "SQLiteTimestamp"; data: Date; driverParam: number; notNull: true; hasDefault: false; isPrimaryKey: false; ... 5 more ...; generated: undefined; }, {}, {}>' is not assignable to parameter of type 'never'.
src/services/advancedAnalyticsService.ts(51,13): error TS2769: No overload matches this call.
  Overload 1 of 3, '(left: SQLiteColumn<{ name: "dataInicio"; tableName: "jornadas"; dataType: "date"; columnType: "SQLiteTimestamp"; data: Date; driverParam: number; notNull: true; hasDefault: false; isPrimaryKey: false; ... 5 more ...; generated: undefined; }, {}, {}>, right: Date | SQLWrapper): SQL<...>', gave the following error.
    Argument of type 'number' is not assignable to parameter of type 'Date | SQLWrapper'.
  Overload 2 of 3, '(left: Aliased<number>, right: number | SQLWrapper): SQL<unknown>', gave the following error.
    Argument of type 'SQLiteColumn<{ name: "dataInicio"; tableName: "jornadas"; dataType: "date"; columnType: "SQLiteTimestamp"; data: Date; driverParam: number; notNull: true; hasDefault: false; isPrimaryKey: false; ... 5 more ...; generated: undefined; }, {}, {}>' is not assignable to parameter of type 'Aliased<number>'.
      Type 'SQLiteColumn<{ name: "dataInicio"; tableName: "jornadas"; dataType: "date"; columnType: "SQLiteTimestamp"; data: Date; driverParam: number; notNull: true; hasDefault: false; isPrimaryKey: false; ... 5 more ...; generated: undefined; }, {}, {}>' is missing the following properties from type 'Aliased<number>': sql, fieldAlias
  Overload 3 of 3, '(left: never, right: unknown): SQL<unknown>', gave the following error.
    Argument of type 'SQLiteColumn<{ name: "dataInicio"; tableName: "jornadas"; dataType: "date"; columnType: "SQLiteTimestamp"; data: Date; driverParam: number; notNull: true; hasDefault: false; isPrimaryKey: false; ... 5 more ...; generated: undefined; }, {}, {}>' is not assignable to parameter of type 'never'.
src/services/advancedAnalyticsService.ts(69,13): error TS2769: No overload matches this call.
  Overload 1 of 3, '(left: SQLiteColumn<{ name: "dataAbastecimento"; tableName: "abastecimentos"; dataType: "date"; columnType: "SQLiteTimestamp"; data: Date; driverParam: number; notNull: true; hasDefault: false; isPrimaryKey: false; ... 5 more ...; generated: undefined; }, {}, {}>, right: Date | SQLWrapper): SQL<...>', gave the following error.
    Argument of type 'number' is not assignable to parameter of type 'Date | SQLWrapper'.
  Overload 2 of 3, '(left: Aliased<number>, right: number | SQLWrapper): SQL<unknown>', gave the following error.
    Argument of type 'SQLiteColumn<{ name: "dataAbastecimento"; tableName: "abastecimentos"; dataType: "date"; columnType: "SQLiteTimestamp"; data: Date; driverParam: number; notNull: true; hasDefault: false; isPrimaryKey: false; ... 5 more ...; generated: undefined; }, {}, {}>' is not assignable to parameter of type 'Aliased<number>'.
      Type 'SQLiteColumn<{ name: "dataAbastecimento"; tableName: "abastecimentos"; dataType: "date"; columnType: "SQLiteTimestamp"; data: Date; driverParam: number; notNull: true; hasDefault: false; isPrimaryKey: false; ... 5 more ...; generated: undefined; }, {}, {}>' is missing the following properties from type 'Aliased<number>': sql, fieldAlias
  Overload 3 of 3, '(left: never, right: unknown): SQL<unknown>', gave the following error.
    Argument of type 'SQLiteColumn<{ name: "dataAbastecimento"; tableName: "abastecimentos"; dataType: "date"; columnType: "SQLiteTimestamp"; data: Date; driverParam: number; notNull: true; hasDefault: false; isPrimaryKey: false; ... 5 more ...; generated: undefined; }, {}, {}>' is not assignable to parameter of type 'never'.
src/services/advancedAnalyticsService.ts(70,13): error TS2769: No overload matches this call.
  Overload 1 of 3, '(left: SQLiteColumn<{ name: "dataAbastecimento"; tableName: "abastecimentos"; dataType: "date"; columnType: "SQLiteTimestamp"; data: Date; driverParam: number; notNull: true; hasDefault: false; isPrimaryKey: false; ... 5 more ...; generated: undefined; }, {}, {}>, right: Date | SQLWrapper): SQL<...>', gave the following error.
    Argument of type 'number' is not assignable to parameter of type 'Date | SQLWrapper'.
  Overload 2 of 3, '(left: Aliased<number>, right: number | SQLWrapper): SQL<unknown>', gave the following error.
    Argument of type 'SQLiteColumn<{ name: "dataAbastecimento"; tableName: "abastecimentos"; dataType: "date"; columnType: "SQLiteTimestamp"; data: Date; driverParam: number; notNull: true; hasDefault: false; isPrimaryKey: false; ... 5 more ...; generated: undefined; }, {}, {}>' is not assignable to parameter of type 'Aliased<number>'.
      Type 'SQLiteColumn<{ name: "dataAbastecimento"; tableName: "abastecimentos"; dataType: "date"; columnType: "SQLiteTimestamp"; data: Date; driverParam: number; notNull: true; hasDefault: false; isPrimaryKey: false; ... 5 more ...; generated: undefined; }, {}, {}>' is missing the following properties from type 'Aliased<number>': sql, fieldAlias
  Overload 3 of 3, '(left: never, right: unknown): SQL<unknown>', gave the following error.
    Argument of type 'SQLiteColumn<{ name: "dataAbastecimento"; tableName: "abastecimentos"; dataType: "date"; columnType: "SQLiteTimestamp"; data: Date; driverParam: number; notNull: true; hasDefault: false; isPrimaryKey: false; ... 5 more ...; generated: undefined; }, {}, {}>' is not assignable to parameter of type 'never'.
src/services/advancedAnalyticsService.ts(87,13): error TS2769: No overload matches this call.
  Overload 1 of 3, '(left: SQLiteColumn<{ name: "dataDespesa"; tableName: "despesas"; dataType: "date"; columnType: "SQLiteTimestamp"; data: Date; driverParam: number; notNull: true; hasDefault: false; isPrimaryKey: false; ... 5 more ...; generated: undefined; }, {}, {}>, right: Date | SQLWrapper): SQL<...>', gave the following error.
    Argument of type 'number' is not assignable to parameter of type 'Date | SQLWrapper'.
  Overload 2 of 3, '(left: Aliased<number>, right: number | SQLWrapper): SQL<unknown>', gave the following error.
    Argument of type 'SQLiteColumn<{ name: "dataDespesa"; tableName: "despesas"; dataType: "date"; columnType: "SQLiteTimestamp"; data: Date; driverParam: number; notNull: true; hasDefault: false; isPrimaryKey: false; ... 5 more ...; generated: undefined; }, {}, {}>' is not assignable to parameter of type 'Aliased<number>'.
      Type 'SQLiteColumn<{ name: "dataDespesa"; tableName: "despesas"; dataType: "date"; columnType: "SQLiteTimestamp"; data: Date; driverParam: number; notNull: true; hasDefault: false; isPrimaryKey: false; ... 5 more ...; generated: undefined; }, {}, {}>' is missing the following properties from type 'Aliased<number>': sql, fieldAlias
  Overload 3 of 3, '(left: never, right: unknown): SQL<unknown>', gave the following error.
    Argument of type 'SQLiteColumn<{ name: "dataDespesa"; tableName: "despesas"; dataType: "date"; columnType: "SQLiteTimestamp"; data: Date; driverParam: number; notNull: true; hasDefault: false; isPrimaryKey: false; ... 5 more ...; generated: undefined; }, {}, {}>' is not assignable to parameter of type 'never'.
src/services/advancedAnalyticsService.ts(88,13): error TS2769: No overload matches this call.
  Overload 1 of 3, '(left: SQLiteColumn<{ name: "dataDespesa"; tableName: "despesas"; dataType: "date"; columnType: "SQLiteTimestamp"; data: Date; driverParam: number; notNull: true; hasDefault: false; isPrimaryKey: false; ... 5 more ...; generated: undefined; }, {}, {}>, right: Date | SQLWrapper): SQL<...>', gave the following error.
    Argument of type 'number' is not assignable to parameter of type 'Date | SQLWrapper'.
  Overload 2 of 3, '(left: Aliased<number>, right: number | SQLWrapper): SQL<unknown>', gave the following error.
    Argument of type 'SQLiteColumn<{ name: "dataDespesa"; tableName: "despesas"; dataType: "date"; columnType: "SQLiteTimestamp"; data: Date; driverParam: number; notNull: true; hasDefault: false; isPrimaryKey: false; ... 5 more ...; generated: undefined; }, {}, {}>' is not assignable to parameter of type 'Aliased<number>'.
      Type 'SQLiteColumn<{ name: "dataDespesa"; tableName: "despesas"; dataType: "date"; columnType: "SQLiteTimestamp"; data: Date; driverParam: number; notNull: true; hasDefault: false; isPrimaryKey: false; ... 5 more ...; generated: undefined; }, {}, {}>' is missing the following properties from type 'Aliased<number>': sql, fieldAlias
  Overload 3 of 3, '(left: never, right: unknown): SQL<unknown>', gave the following error.
    Argument of type 'SQLiteColumn<{ name: "dataDespesa"; tableName: "despesas"; dataType: "date"; columnType: "SQLiteTimestamp"; data: Date; driverParam: number; notNull: true; hasDefault: false; isPrimaryKey: false; ... 5 more ...; generated: undefined; }, {}, {}>' is not assignable to parameter of type 'never'.
src/services/advancedAnalyticsService.ts(202,11): error TS2769: No overload matches this call.
  Overload 1 of 3, '(left: SQLiteColumn<{ name: "dataInicio"; tableName: "jornadas"; dataType: "date"; columnType: "SQLiteTimestamp"; data: Date; driverParam: number; notNull: true; hasDefault: false; isPrimaryKey: false; ... 5 more ...; generated: undefined; }, {}, {}>, right: Date | SQLWrapper): SQL<...>', gave the following error.
    Argument of type 'number' is not assignable to parameter of type 'Date | SQLWrapper'.
  Overload 2 of 3, '(left: Aliased<number>, right: number | SQLWrapper): SQL<unknown>', gave the following error.
    Argument of type 'SQLiteColumn<{ name: "dataInicio"; tableName: "jornadas"; dataType: "date"; columnType: "SQLiteTimestamp"; data: Date; driverParam: number; notNull: true; hasDefault: false; isPrimaryKey: false; ... 5 more ...; generated: undefined; }, {}, {}>' is not assignable to parameter of type 'Aliased<number>'.
      Type 'SQLiteColumn<{ name: "dataInicio"; tableName: "jornadas"; dataType: "date"; columnType: "SQLiteTimestamp"; data: Date; driverParam: number; notNull: true; hasDefault: false; isPrimaryKey: false; ... 5 more ...; generated: undefined; }, {}, {}>' is missing the following properties from type 'Aliased<number>': sql, fieldAlias
  Overload 3 of 3, '(left: never, right: unknown): SQL<unknown>', gave the following error.
    Argument of type 'SQLiteColumn<{ name: "dataInicio"; tableName: "jornadas"; dataType: "date"; columnType: "SQLiteTimestamp"; data: Date; driverParam: number; notNull: true; hasDefault: false; isPrimaryKey: false; ... 5 more ...; generated: undefined; }, {}, {}>' is not assignable to parameter of type 'never'.
src/services/advancedAnalyticsService.ts(203,11): error TS2769: No overload matches this call.
  Overload 1 of 3, '(left: SQLiteColumn<{ name: "dataInicio"; tableName: "jornadas"; dataType: "date"; columnType: "SQLiteTimestamp"; data: Date; driverParam: number; notNull: true; hasDefault: false; isPrimaryKey: false; ... 5 more ...; generated: undefined; }, {}, {}>, right: Date | SQLWrapper): SQL<...>', gave the following error.
    Argument of type 'number' is not assignable to parameter of type 'Date | SQLWrapper'.
  Overload 2 of 3, '(left: Aliased<number>, right: number | SQLWrapper): SQL<unknown>', gave the following error.
    Argument of type 'SQLiteColumn<{ name: "dataInicio"; tableName: "jornadas"; dataType: "date"; columnType: "SQLiteTimestamp"; data: Date; driverParam: number; notNull: true; hasDefault: false; isPrimaryKey: false; ... 5 more ...; generated: undefined; }, {}, {}>' is not assignable to parameter of type 'Aliased<number>'.
      Type 'SQLiteColumn<{ name: "dataInicio"; tableName: "jornadas"; dataType: "date"; columnType: "SQLiteTimestamp"; data: Date; driverParam: number; notNull: true; hasDefault: false; isPrimaryKey: false; ... 5 more ...; generated: undefined; }, {}, {}>' is missing the following properties from type 'Aliased<number>': sql, fieldAlias
  Overload 3 of 3, '(left: never, right: unknown): SQL<unknown>', gave the following error.
    Argument of type 'SQLiteColumn<{ name: "dataInicio"; tableName: "jornadas"; dataType: "date"; columnType: "SQLiteTimestamp"; data: Date; driverParam: number; notNull: true; hasDefault: false; isPrimaryKey: false; ... 5 more ...; generated: undefined; }, {}, {}>' is not assignable to parameter of type 'never'.
src/services/advancedAnalyticsService.ts(224,11): error TS2769: No overload matches this call.
  Overload 1 of 3, '(left: SQLiteColumn<{ name: "dataInicio"; tableName: "jornadas"; dataType: "date"; columnType: "SQLiteTimestamp"; data: Date; driverParam: number; notNull: true; hasDefault: false; isPrimaryKey: false; ... 5 more ...; generated: undefined; }, {}, {}>, right: Date | SQLWrapper): SQL<...>', gave the following error.
    Argument of type 'number' is not assignable to parameter of type 'Date | SQLWrapper'.
  Overload 2 of 3, '(left: Aliased<number>, right: number | SQLWrapper): SQL<unknown>', gave the following error.
    Argument of type 'SQLiteColumn<{ name: "dataInicio"; tableName: "jornadas"; dataType: "date"; columnType: "SQLiteTimestamp"; data: Date; driverParam: number; notNull: true; hasDefault: false; isPrimaryKey: false; ... 5 more ...; generated: undefined; }, {}, {}>' is not assignable to parameter of type 'Aliased<number>'.
      Type 'SQLiteColumn<{ name: "dataInicio"; tableName: "jornadas"; dataType: "date"; columnType: "SQLiteTimestamp"; data: Date; driverParam: number; notNull: true; hasDefault: false; isPrimaryKey: false; ... 5 more ...; generated: undefined; }, {}, {}>' is missing the following properties from type 'Aliased<number>': sql, fieldAlias
  Overload 3 of 3, '(left: never, right: unknown): SQL<unknown>', gave the following error.
    Argument of type 'SQLiteColumn<{ name: "dataInicio"; tableName: "jornadas"; dataType: "date"; columnType: "SQLiteTimestamp"; data: Date; driverParam: number; notNull: true; hasDefault: false; isPrimaryKey: false; ... 5 more ...; generated: undefined; }, {}, {}>' is not assignable to parameter of type 'never'.
src/services/advancedAnalyticsService.ts(225,11): error TS2769: No overload matches this call.
  Overload 1 of 3, '(left: SQLiteColumn<{ name: "dataInicio"; tableName: "jornadas"; dataType: "date"; columnType: "SQLiteTimestamp"; data: Date; driverParam: number; notNull: true; hasDefault: false; isPrimaryKey: false; ... 5 more ...; generated: undefined; }, {}, {}>, right: Date | SQLWrapper): SQL<...>', gave the following error.
    Argument of type 'number' is not assignable to parameter of type 'Date | SQLWrapper'.
  Overload 2 of 3, '(left: Aliased<number>, right: number | SQLWrapper): SQL<unknown>', gave the following error.
    Argument of type 'SQLiteColumn<{ name: "dataInicio"; tableName: "jornadas"; dataType: "date"; columnType: "SQLiteTimestamp"; data: Date; driverParam: number; notNull: true; hasDefault: false; isPrimaryKey: false; ... 5 more ...; generated: undefined; }, {}, {}>' is not assignable to parameter of type 'Aliased<number>'.
      Type 'SQLiteColumn<{ name: "dataInicio"; tableName: "jornadas"; dataType: "date"; columnType: "SQLiteTimestamp"; data: Date; driverParam: number; notNull: true; hasDefault: false; isPrimaryKey: false; ... 5 more ...; generated: undefined; }, {}, {}>' is missing the following properties from type 'Aliased<number>': sql, fieldAlias
  Overload 3 of 3, '(left: never, right: unknown): SQL<unknown>', gave the following error.
    Argument of type 'SQLiteColumn<{ name: "dataInicio"; tableName: "jornadas"; dataType: "date"; columnType: "SQLiteTimestamp"; data: Date; driverParam: number; notNull: true; hasDefault: false; isPrimaryKey: false; ... 5 more ...; generated: undefined; }, {}, {}>' is not assignable to parameter of type 'never'.
src/services/advancedAnalyticsService.ts(461,11): error TS2769: No overload matches this call.
  Overload 1 of 3, '(left: SQLiteColumn<{ name: "dataDespesa"; tableName: "despesas"; dataType: "date"; columnType: "SQLiteTimestamp"; data: Date; driverParam: number; notNull: true; hasDefault: false; isPrimaryKey: false; ... 5 more ...; generated: undefined; }, {}, {}>, right: Date | SQLWrapper): SQL<...>', gave the following error.
    Argument of type 'number' is not assignable to parameter of type 'Date | SQLWrapper'.
  Overload 2 of 3, '(left: Aliased<number>, right: number | SQLWrapper): SQL<unknown>', gave the following error.
    Argument of type 'SQLiteColumn<{ name: "dataDespesa"; tableName: "despesas"; dataType: "date"; columnType: "SQLiteTimestamp"; data: Date; driverParam: number; notNull: true; hasDefault: false; isPrimaryKey: false; ... 5 more ...; generated: undefined; }, {}, {}>' is not assignable to parameter of type 'Aliased<number>'.
      Type 'SQLiteColumn<{ name: "dataDespesa"; tableName: "despesas"; dataType: "date"; columnType: "SQLiteTimestamp"; data: Date; driverParam: number; notNull: true; hasDefault: false; isPrimaryKey: false; ... 5 more ...; generated: undefined; }, {}, {}>' is missing the following properties from type 'Aliased<number>': sql, fieldAlias
  Overload 3 of 3, '(left: never, right: unknown): SQL<unknown>', gave the following error.
    Argument of type 'SQLiteColumn<{ name: "dataDespesa"; tableName: "despesas"; dataType: "date"; columnType: "SQLiteTimestamp"; data: Date; driverParam: number; notNull: true; hasDefault: false; isPrimaryKey: false; ... 5 more ...; generated: undefined; }, {}, {}>' is not assignable to parameter of type 'never'.
src/services/advancedAnalyticsService.ts(462,11): error TS2769: No overload matches this call.
  Overload 1 of 3, '(left: SQLiteColumn<{ name: "dataDespesa"; tableName: "despesas"; dataType: "date"; columnType: "SQLiteTimestamp"; data: Date; driverParam: number; notNull: true; hasDefault: false; isPrimaryKey: false; ... 5 more ...; generated: undefined; }, {}, {}>, right: Date | SQLWrapper): SQL<...>', gave the following error.
    Argument of type 'number' is not assignable to parameter of type 'Date | SQLWrapper'.
  Overload 2 of 3, '(left: Aliased<number>, right: number | SQLWrapper): SQL<unknown>', gave the following error.
    Argument of type 'SQLiteColumn<{ name: "dataDespesa"; tableName: "despesas"; dataType: "date"; columnType: "SQLiteTimestamp"; data: Date; driverParam: number; notNull: true; hasDefault: false; isPrimaryKey: false; ... 5 more ...; generated: undefined; }, {}, {}>' is not assignable to parameter of type 'Aliased<number>'.
      Type 'SQLiteColumn<{ name: "dataDespesa"; tableName: "despesas"; dataType: "date"; columnType: "SQLiteTimestamp"; data: Date; driverParam: number; notNull: true; hasDefault: false; isPrimaryKey: false; ... 5 more ...; generated: undefined; }, {}, {}>' is missing the following properties from type 'Aliased<number>': sql, fieldAlias
  Overload 3 of 3, '(left: never, right: unknown): SQL<unknown>', gave the following error.
    Argument of type 'SQLiteColumn<{ name: "dataDespesa"; tableName: "despesas"; dataType: "date"; columnType: "SQLiteTimestamp"; data: Date; driverParam: number; notNull: true; hasDefault: false; isPrimaryKey: false; ... 5 more ...; generated: undefined; }, {}, {}>' is not assignable to parameter of type 'never'.
src/services/advancedAnalyticsService.ts(497,7): error TS2769: No overload matches this call.
  Overload 1 of 3, '(left: SQLiteColumn<{ name: "dataInicio"; tableName: "jornadas"; dataType: "date"; columnType: "SQLiteTimestamp"; data: Date; driverParam: number; notNull: true; hasDefault: false; isPrimaryKey: false; ... 5 more ...; generated: undefined; }, {}, {}>, right: Date | SQLWrapper): SQL<...>', gave the following error.
    Argument of type 'number' is not assignable to parameter of type 'Date | SQLWrapper'.
  Overload 2 of 3, '(left: Aliased<number>, right: number | SQLWrapper): SQL<unknown>', gave the following error.
    Argument of type 'SQLiteColumn<{ name: "dataInicio"; tableName: "jornadas"; dataType: "date"; columnType: "SQLiteTimestamp"; data: Date; driverParam: number; notNull: true; hasDefault: false; isPrimaryKey: false; ... 5 more ...; generated: undefined; }, {}, {}>' is not assignable to parameter of type 'Aliased<number>'.
      Type 'SQLiteColumn<{ name: "dataInicio"; tableName: "jornadas"; dataType: "date"; columnType: "SQLiteTimestamp"; data: Date; driverParam: number; notNull: true; hasDefault: false; isPrimaryKey: false; ... 5 more ...; generated: undefined; }, {}, {}>' is missing the following properties from type 'Aliased<number>': sql, fieldAlias
  Overload 3 of 3, '(left: never, right: unknown): SQL<unknown>', gave the following error.
    Argument of type 'SQLiteColumn<{ name: "dataInicio"; tableName: "jornadas"; dataType: "date"; columnType: "SQLiteTimestamp"; data: Date; driverParam: number; notNull: true; hasDefault: false; isPrimaryKey: false; ... 5 more ...; generated: undefined; }, {}, {}>' is not assignable to parameter of type 'never'.
src/services/advancedAnalyticsService.ts(498,7): error TS2769: No overload matches this call.
  Overload 1 of 3, '(left: SQLiteColumn<{ name: "dataInicio"; tableName: "jornadas"; dataType: "date"; columnType: "SQLiteTimestamp"; data: Date; driverParam: number; notNull: true; hasDefault: false; isPrimaryKey: false; ... 5 more ...; generated: undefined; }, {}, {}>, right: Date | SQLWrapper): SQL<...>', gave the following error.
    Argument of type 'number' is not assignable to parameter of type 'Date | SQLWrapper'.
  Overload 2 of 3, '(left: Aliased<number>, right: number | SQLWrapper): SQL<unknown>', gave the following error.
    Argument of type 'SQLiteColumn<{ name: "dataInicio"; tableName: "jornadas"; dataType: "date"; columnType: "SQLiteTimestamp"; data: Date; driverParam: number; notNull: true; hasDefault: false; isPrimaryKey: false; ... 5 more ...; generated: undefined; }, {}, {}>' is not assignable to parameter of type 'Aliased<number>'.
      Type 'SQLiteColumn<{ name: "dataInicio"; tableName: "jornadas"; dataType: "date"; columnType: "SQLiteTimestamp"; data: Date; driverParam: number; notNull: true; hasDefault: false; isPrimaryKey: false; ... 5 more ...; generated: undefined; }, {}, {}>' is missing the following properties from type 'Aliased<number>': sql, fieldAlias
  Overload 3 of 3, '(left: never, right: unknown): SQL<unknown>', gave the following error.
    Argument of type 'SQLiteColumn<{ name: "dataInicio"; tableName: "jornadas"; dataType: "date"; columnType: "SQLiteTimestamp"; data: Date; driverParam: number; notNull: true; hasDefault: false; isPrimaryKey: false; ... 5 more ...; generated: undefined; }, {}, {}>' is not assignable to parameter of type 'never'.
src/services/advancedAnalyticsService.ts(522,26): error TS2304: Cannot find name 'FUEL_PRICES'.
src/services/advancedAnalyticsService.ts(534,39): error TS2365: Operator '+' cannot be applied to types 'Date' and 'number'.
src/services/advancedAnalyticsService.ts(572,7): error TS2769: No overload matches this call.
  Overload 1 of 3, '(left: SQLiteColumn<{ name: "dataInicio"; tableName: "jornadas"; dataType: "date"; columnType: "SQLiteTimestamp"; data: Date; driverParam: number; notNull: true; hasDefault: false; isPrimaryKey: false; ... 5 more ...; generated: undefined; }, {}, {}>, right: Date | SQLWrapper): SQL<...>', gave the following error.
    Argument of type 'number' is not assignable to parameter of type 'Date | SQLWrapper'.
  Overload 2 of 3, '(left: Aliased<number>, right: number | SQLWrapper): SQL<unknown>', gave the following error.
    Argument of type 'SQLiteColumn<{ name: "dataInicio"; tableName: "jornadas"; dataType: "date"; columnType: "SQLiteTimestamp"; data: Date; driverParam: number; notNull: true; hasDefault: false; isPrimaryKey: false; ... 5 more ...; generated: undefined; }, {}, {}>' is not assignable to parameter of type 'Aliased<number>'.
      Type 'SQLiteColumn<{ name: "dataInicio"; tableName: "jornadas"; dataType: "date"; columnType: "SQLiteTimestamp"; data: Date; driverParam: number; notNull: true; hasDefault: false; isPrimaryKey: false; ... 5 more ...; generated: undefined; }, {}, {}>' is missing the following properties from type 'Aliased<number>': sql, fieldAlias
  Overload 3 of 3, '(left: never, right: unknown): SQL<unknown>', gave the following error.
    Argument of type 'SQLiteColumn<{ name: "dataInicio"; tableName: "jornadas"; dataType: "date"; columnType: "SQLiteTimestamp"; data: Date; driverParam: number; notNull: true; hasDefault: false; isPrimaryKey: false; ... 5 more ...; generated: undefined; }, {}, {}>' is not assignable to parameter of type 'never'.
src/services/advancedAnalyticsService.ts(573,7): error TS2769: No overload matches this call.
  Overload 1 of 3, '(left: SQLiteColumn<{ name: "dataInicio"; tableName: "jornadas"; dataType: "date"; columnType: "SQLiteTimestamp"; data: Date; driverParam: number; notNull: true; hasDefault: false; isPrimaryKey: false; ... 5 more ...; generated: undefined; }, {}, {}>, right: Date | SQLWrapper): SQL<...>', gave the following error.
    Argument of type 'number' is not assignable to parameter of type 'Date | SQLWrapper'.
  Overload 2 of 3, '(left: Aliased<number>, right: number | SQLWrapper): SQL<unknown>', gave the following error.
    Argument of type 'SQLiteColumn<{ name: "dataInicio"; tableName: "jornadas"; dataType: "date"; columnType: "SQLiteTimestamp"; data: Date; driverParam: number; notNull: true; hasDefault: false; isPrimaryKey: false; ... 5 more ...; generated: undefined; }, {}, {}>' is not assignable to parameter of type 'Aliased<number>'.
      Type 'SQLiteColumn<{ name: "dataInicio"; tableName: "jornadas"; dataType: "date"; columnType: "SQLiteTimestamp"; data: Date; driverParam: number; notNull: true; hasDefault: false; isPrimaryKey: false; ... 5 more ...; generated: undefined; }, {}, {}>' is missing the following properties from type 'Aliased<number>': sql, fieldAlias
  Overload 3 of 3, '(left: never, right: unknown): SQL<unknown>', gave the following error.
    Argument of type 'SQLiteColumn<{ name: "dataInicio"; tableName: "jornadas"; dataType: "date"; columnType: "SQLiteTimestamp"; data: Date; driverParam: number; notNull: true; hasDefault: false; isPrimaryKey: false; ... 5 more ...; generated: undefined; }, {}, {}>' is not assignable to parameter of type 'never'.
src/services/authService.ts(40,10): error TS2769: No overload matches this call.
  Overload 1 of 2, '(value: { nome: string | SQL<unknown> | Placeholder<string, any>; email: string | SQL<unknown> | Placeholder<string, any>; senhaHash: string | SQL<unknown> | Placeholder<...>; ... 7 more ...; deletedAt?: SQL<...> | ... 1 more ... | Placeholder<...>; }): SQLiteInsertBase<...>', gave the following error.
    Object literal may only specify known properties, but 'senha_hash' does not exist in type '{ nome: string | SQL<unknown> | Placeholder<string, any>; email: string | SQL<unknown> | Placeholder<string, any>; senhaHash: string | SQL<unknown> | Placeholder<...>; ... 7 more ...; deletedAt?: SQL<...> | ... 1 more ... | Placeholder<...>; }'. Did you mean to write 'senhaHash'?
  Overload 2 of 2, '(values: { nome: string | SQL<unknown> | Placeholder<string, any>; email: string | SQL<unknown> | Placeholder<string, any>; senhaHash: string | SQL<unknown> | Placeholder<...>; ... 7 more ...; deletedAt?: SQL<...> | ... 1 more ... | Placeholder<...>; }[]): SQLiteInsertBase<...>', gave the following error.
    Object literal may only specify known properties, and 'id' does not exist in type '{ nome: string | SQL<unknown> | Placeholder<string, any>; email: string | SQL<unknown> | Placeholder<string, any>; senhaHash: string | SQL<unknown> | Placeholder<...>; ... 7 more ...; deletedAt?: SQL<...> | ... 1 more ... | Placeholder<...>; }[]'.
src/services/authService.ts(54,34): error TS2551: Property 'status_conta' does not exist on type 'SQLiteTableWithColumns<{ name: "usuarios"; schema: undefined; columns: { id: SQLiteColumn<{ name: "id"; tableName: "usuarios"; dataType: "string"; columnType: "SQLiteText"; data: string; driverParam: string; notNull: true; hasDefault: true; ... 6 more ...; generated: undefined; }, {}, { ...; }>; ... 9 more ...; dele...'. Did you mean 'statusConta'?
src/services/authService.ts(68,11): error TS2353: Object literal may only specify known properties, and 'status_conta' does not exist in type '{ id: string; nome: string; email: string; }'.
src/services/authService.ts(96,16): error TS2551: Property 'status_conta' does not exist on type '{ id: string; nome: string; email: string; senhaHash: string; statusConta: "ativo" | "inativo" | "suspenso"; dataCadastro: Date; pontosTotal: number; nivelUsuario: "iniciante" | "novato" | ... 5 more ... | "lenda"; conquistasDesbloqueadas: number; updatedAt: Date; deletedAt: Date; }'. Did you mean 'statusConta'?
src/services/authService.ts(101,65): error TS2551: Property 'senha_hash' does not exist on type '{ id: string; nome: string; email: string; senhaHash: string; statusConta: "ativo" | "inativo" | "suspenso"; dataCadastro: Date; pontosTotal: number; nivelUsuario: "iniciante" | "novato" | ... 5 more ... | "lenda"; conquistasDesbloqueadas: number; updatedAt: Date; deletedAt: Date; }'. Did you mean 'senhaHash'?
src/services/authService.ts(126,11): error TS2353: Object literal may only specify known properties, and 'status_conta' does not exist in type '{ id: string; nome: string; email: string; }'.
src/services/authService.ts(126,30): error TS2551: Property 'status_conta' does not exist on type '{ id: string; nome: string; email: string; senhaHash: string; statusConta: "ativo" | "inativo" | "suspenso"; dataCadastro: Date; pontosTotal: number; nivelUsuario: "iniciante" | "novato" | ... 5 more ... | "lenda"; conquistasDesbloqueadas: number; updatedAt: Date; deletedAt: Date; }'. Did you mean 'statusConta'?
src/services/authService.ts(165,34): error TS2551: Property 'status_conta' does not exist on type 'SQLiteTableWithColumns<{ name: "usuarios"; schema: undefined; columns: { id: SQLiteColumn<{ name: "id"; tableName: "usuarios"; dataType: "string"; columnType: "SQLiteText"; data: string; driverParam: string; notNull: true; hasDefault: true; ... 6 more ...; generated: undefined; }, {}, { ...; }>; ... 9 more ...; dele...'. Did you mean 'statusConta'?
src/services/authService.ts(166,35): error TS2551: Property 'data_cadastro' does not exist on type 'SQLiteTableWithColumns<{ name: "usuarios"; schema: undefined; columns: { id: SQLiteColumn<{ name: "id"; tableName: "usuarios"; dataType: "string"; columnType: "SQLiteText"; data: string; driverParam: string; notNull: true; hasDefault: true; ... 6 more ...; generated: undefined; }, {}, { ...; }>; ... 9 more ...; dele...'. Did you mean 'dataCadastro'?
src/services/authService.ts(167,38): error TS2339: Property 'ultima_atividade' does not exist on type 'SQLiteTableWithColumns<{ name: "usuarios"; schema: undefined; columns: { id: SQLiteColumn<{ name: "id"; tableName: "usuarios"; dataType: "string"; columnType: "SQLiteText"; data: string; driverParam: string; notNull: true; hasDefault: true; ... 6 more ...; generated: undefined; }, {}, { ...; }>; ... 9 more ...; dele...'.
src/services/authService.ts(188,40): error TS2551: Property 'senha_hash' does not exist on type 'SQLiteTableWithColumns<{ name: "usuarios"; schema: undefined; columns: { id: SQLiteColumn<{ name: "id"; tableName: "usuarios"; dataType: "string"; columnType: "SQLiteText"; data: string; driverParam: string; notNull: true; hasDefault: true; ... 6 more ...; generated: undefined; }, {}, { ...; }>; ... 9 more ...; dele...'. Did you mean 'senhaHash'?
src/services/authService.ts(213,11): error TS2561: Object literal may only specify known properties, but 'senha_hash' does not exist in type '{ nome?: string | SQL<unknown> | SQLiteColumn<ColumnBaseConfig<ColumnDataType, string>, {}, {}>; email?: string | SQL<unknown> | SQLiteColumn<...>; ... 8 more ...; deletedAt?: SQL<...> | ... 1 more ... | SQLiteColumn<...>; }'. Did you mean to write 'senhaHash'?
src/services/authService.ts(229,11): error TS2561: Object literal may only specify known properties, but 'status_conta' does not exist in type '{ nome?: string | SQL<unknown> | SQLiteColumn<ColumnBaseConfig<ColumnDataType, string>, {}, {}>; email?: string | SQL<unknown> | SQLiteColumn<...>; ... 8 more ...; deletedAt?: SQL<...> | ... 1 more ... | SQLiteColumn<...>; }'. Did you mean to write 'statusConta'?
src/services/authService.ts(311,9): error TS2353: Object literal may only specify known properties, and 'tentativas_login' does not exist in type '{ nome?: string | SQL<unknown> | SQLiteColumn<ColumnBaseConfig<ColumnDataType, string>, {}, {}>; email?: string | SQL<unknown> | SQLiteColumn<...>; ... 8 more ...; deletedAt?: SQL<...> | ... 1 more ... | SQLiteColumn<...>; }'.
src/services/authService.ts(311,36): error TS2339: Property 'tentativas_login' does not exist on type 'SQLiteTableWithColumns<{ name: "usuarios"; schema: undefined; columns: { id: SQLiteColumn<{ name: "id"; tableName: "usuarios"; dataType: "string"; columnType: "SQLiteText"; data: string; driverParam: string; notNull: true; hasDefault: true; ... 6 more ...; generated: undefined; }, {}, { ...; }>; ... 9 more ...; dele...'.
src/services/authService.ts(321,9): error TS2353: Object literal may only specify known properties, and 'tentativas_login' does not exist in type '{ nome?: string | SQL<unknown> | SQLiteColumn<ColumnBaseConfig<ColumnDataType, string>, {}, {}>; email?: string | SQL<unknown> | SQLiteColumn<...>; ... 8 more ...; deletedAt?: SQL<...> | ... 1 more ... | SQLiteColumn<...>; }'.
src/services/authService.ts(330,14): error TS2353: Object literal may only specify known properties, and 'ultima_atividade' does not exist in type '{ nome?: string | SQL<unknown> | SQLiteColumn<ColumnBaseConfig<ColumnDataType, string>, {}, {}>; email?: string | SQL<unknown> | SQLiteColumn<...>; ... 8 more ...; deletedAt?: SQL<...> | ... 1 more ... | SQLiteColumn<...>; }'.
src/services/cache_service.ts(1,47): error TS2307: Cannot find module 'redis' or its corresponding type declarations.
src/services/create_goal_completion_service.ts(23,31): error TS2551: Property 'valor_atual' does not exist on type '{ id: string; idUsuario: string; idVeiculo: string; titulo: string; descricao: string; tipoMeta: "faturamento" | "quilometragem" | "jornadas" | "economia" | "lucro"; periodo: "semanal" | "mensal" | "trimestral" | "anual"; ... 10 more ...; deletedAt: Date; }'. Did you mean 'valorAtual'?
src/services/create_goal_completion_service.ts(26,28): error TS2551: Property 'valor_objetivo' does not exist on type '{ id: string; idUsuario: string; idVeiculo: string; titulo: string; descricao: string; tipoMeta: "faturamento" | "quilometragem" | "jornadas" | "economia" | "lucro"; periodo: "semanal" | "mensal" | "trimestral" | "anual"; ... 10 more ...; deletedAt: Date; }'. Did you mean 'valorObjetivo'?
src/services/create_goal_completion_service.ts(35,7): error TS2322: Type 'string' is not assignable to type 'SQL<unknown> | Date | SQLiteColumn<ColumnBaseConfig<ColumnDataType, string>, {}, {}>'.
src/services/create_goal_completion_service.ts(48,7): error TS2769: No overload matches this call.
  Overload 1 of 2, '(value: { valorAtual: number | SQL<unknown> | Placeholder<string, any>; idMeta: string | SQL<unknown> | Placeholder<string, any>; valorAnterior: number | SQL<...> | Placeholder<...>; ... 6 more ...; dataRegistro?: SQL<...> | ... 1 more ... | Placeholder<...>; }): SQLiteInsertBase<...>', gave the following error.
    Object literal may only specify known properties, but 'id_meta' does not exist in type '{ valorAtual: number | SQL<unknown> | Placeholder<string, any>; idMeta: string | SQL<unknown> | Placeholder<string, any>; valorAnterior: number | SQL<unknown> | Placeholder<...>; ... 6 more ...; dataRegistro?: SQL<...> | ... 1 more ... | Placeholder<...>; }'. Did you mean to write 'idMeta'?
  Overload 2 of 2, '(values: { valorAtual: number | SQL<unknown> | Placeholder<string, any>; idMeta: string | SQL<unknown> | Placeholder<string, any>; valorAnterior: number | SQL<...> | Placeholder<...>; ... 6 more ...; dataRegistro?: SQL<...> | ... 1 more ... | Placeholder<...>; }[]): SQLiteInsertBase<...>', gave the following error.
    Object literal may only specify known properties, and 'id_meta' does not exist in type '{ valorAtual: number | SQL<unknown> | Placeholder<string, any>; idMeta: string | SQL<unknown> | Placeholder<string, any>; valorAnterior: number | SQL<unknown> | Placeholder<...>; ... 6 more ...; dataRegistro?: SQL<...> | ... 1 more ... | Placeholder<...>; }[]'.
src/services/create_goal_completion_service.ts(49,28): error TS2551: Property 'valor_atual' does not exist on type '{ id: string; idUsuario: string; idVeiculo: string; titulo: string; descricao: string; tipoMeta: "faturamento" | "quilometragem" | "jornadas" | "economia" | "lucro"; periodo: "semanal" | "mensal" | "trimestral" | "anual"; ... 10 more ...; deletedAt: Date; }'. Did you mean 'valorAtual'?
src/services/create_goal_completion_service.ts(52,33): error TS2551: Property 'percentual_concluido' does not exist on type '{ id: string; idUsuario: string; idVeiculo: string; titulo: string; descricao: string; tipoMeta: "faturamento" | "quilometragem" | "jornadas" | "economia" | "lucro"; periodo: "semanal" | "mensal" | "trimestral" | "anual"; ... 10 more ...; deletedAt: Date; }'. Did you mean 'percentualConcluido'?
src/services/create_goal_completion_service.ts(64,23): error TS2551: Property 'id_meta' does not exist on type '{ id: string; observacoes: string; createdAt: Date; dataRegistro: Date; valorAtual: number; idMeta: string; valorAnterior: number; incremento: number; percentualAnterior: number; percentualAtual: number; }'. Did you mean 'idMeta'?
src/services/create_goal_service.ts(19,7): error TS2769: No overload matches this call.
  Overload 2 of 2, '(values: { tipoMeta: "faturamento" | "quilometragem" | "jornadas" | "economia" | "lucro" | SQL<unknown> | Placeholder<string, any>; idUsuario: string | SQL<unknown> | Placeholder<string, any>; ... 15 more ...; notificacaoEnviada?: boolean | ... 1 more ... | Placeholder<...>; }[]): SQLiteInsertBase<...>', gave the following error.
    Object literal may only specify known properties, and 'titulo' does not exist in type '{ tipoMeta: "faturamento" | "quilometragem" | "jornadas" | "economia" | "lucro" | SQL<unknown> | Placeholder<string, any>; idUsuario: string | SQL<unknown> | Placeholder<string, any>; ... 15 more ...; notificacaoEnviada?: boolean | ... 1 more ... | Placeholder<...>; }[]'.
src/services/create_goal_service.ts(34,34): error TS2551: Property 'valor_objetivo' does not exist on type '{ tipoMeta: "faturamento" | "quilometragem" | "jornadas" | "economia" | "lucro"; id: string; updatedAt: Date; deletedAt: Date; idUsuario: string; idVeiculo: string; dataInicio: Date; ... 10 more ...; notificacaoEnviada: boolean; }'. Did you mean 'valorObjetivo'?
src/services/fuel_prices_service.ts(152,25): error TS2769: No overload matches this call.
  Overload 1 of 3, '(left: SQLiteColumn<{ name: "tipoCombustivel"; tableName: "historico_preco_combustivel"; dataType: "string"; columnType: "SQLiteText"; data: "gasolina" | "etanol" | "diesel" | "gnv" | "flex"; driverParam: string; ... 8 more ...; generated: undefined; }, {}, { ...; }>, right: "gasolina" | ... 4 more ... | SQLWrapper): SQL<...>', gave the following error.
    Argument of type 'string' is not assignable to parameter of type '"gasolina" | "etanol" | "diesel" | "gnv" | "flex" | SQLWrapper'.
  Overload 2 of 3, '(left: Aliased<string>, right: string | SQLWrapper): SQL<unknown>', gave the following error.
    Argument of type 'SQLiteColumn<{ name: "tipoCombustivel"; tableName: "historico_preco_combustivel"; dataType: "string"; columnType: "SQLiteText"; data: "gasolina" | "etanol" | "diesel" | "gnv" | "flex"; driverParam: string; ... 8 more ...; generated: undefined; }, {}, { ...; }>' is not assignable to parameter of type 'Aliased<string>'.
      Type 'SQLiteColumn<{ name: "tipoCombustivel"; tableName: "historico_preco_combustivel"; dataType: "string"; columnType: "SQLiteText"; data: "gasolina" | "etanol" | "diesel" | "gnv" | "flex"; driverParam: string; ... 8 more ...; generated: undefined; }, {}, { ...; }>' is missing the following properties from type 'Aliased<string>': sql, fieldAlias
  Overload 3 of 3, '(left: never, right: unknown): SQL<unknown>', gave the following error.
    Argument of type 'SQLiteColumn<{ name: "tipoCombustivel"; tableName: "historico_preco_combustivel"; dataType: "string"; columnType: "SQLiteText"; data: "gasolina" | "etanol" | "diesel" | "gnv" | "flex"; driverParam: string; ... 8 more ...; generated: undefined; }, {}, { ...; }>' is not assignable to parameter of type 'never'.
src/services/fuel_prices_service.ts(156,9): error TS2740: Type 'Omit<SQLiteSelectBase<"historico_preco_combustivel", "sync", RunResult, { id: SQLiteColumn<{ name: "id"; tableName: "historico_preco_combustivel"; dataType: "string"; columnType: "SQLiteText"; data: string; ... 9 more ...; generated: undefined; }, {}, { ...; }>; ... 7 more ...; deletedAt: SQLiteColumn<...>; }, ... 5...' is missing the following properties from type 'SQLiteSelectBase<"historico_preco_combustivel", "sync", RunResult, { id: SQLiteColumn<{ name: "id"; tableName: "historico_preco_combustivel"; dataType: "string"; columnType: "SQLiteText"; data: string; ... 9 more ...; generated: undefined; }, {}, { ...; }>; ... 7 more ...; deletedAt: SQLiteColumn<...>; }, ... 5 more...': joinsNotNullableMap, tableName, isPartialSelect, session, and 5 more.
src/services/fuel_prices_service.ts(197,13): error TS2769: No overload matches this call.
  Overload 1 of 3, '(left: SQLiteColumn<{ name: "tipoCombustivel"; tableName: "historico_preco_combustivel"; dataType: "string"; columnType: "SQLiteText"; data: "gasolina" | "etanol" | "diesel" | "gnv" | "flex"; driverParam: string; ... 8 more ...; generated: undefined; }, {}, { ...; }>, right: "gasolina" | ... 4 more ... | SQLWrapper): SQL<...>', gave the following error.
    Argument of type 'string' is not assignable to parameter of type '"gasolina" | "etanol" | "diesel" | "gnv" | "flex" | SQLWrapper'.
  Overload 2 of 3, '(left: Aliased<string>, right: string | SQLWrapper): SQL<unknown>', gave the following error.
    Argument of type 'SQLiteColumn<{ name: "tipoCombustivel"; tableName: "historico_preco_combustivel"; dataType: "string"; columnType: "SQLiteText"; data: "gasolina" | "etanol" | "diesel" | "gnv" | "flex"; driverParam: string; ... 8 more ...; generated: undefined; }, {}, { ...; }>' is not assignable to parameter of type 'Aliased<string>'.
      Type 'SQLiteColumn<{ name: "tipoCombustivel"; tableName: "historico_preco_combustivel"; dataType: "string"; columnType: "SQLiteText"; data: "gasolina" | "etanol" | "diesel" | "gnv" | "flex"; driverParam: string; ... 8 more ...; generated: undefined; }, {}, { ...; }>' is missing the following properties from type 'Aliased<string>': sql, fieldAlias
  Overload 3 of 3, '(left: never, right: unknown): SQL<unknown>', gave the following error.
    Argument of type 'SQLiteColumn<{ name: "tipoCombustivel"; tableName: "historico_preco_combustivel"; dataType: "string"; columnType: "SQLiteText"; data: "gasolina" | "etanol" | "diesel" | "gnv" | "flex"; driverParam: string; ... 8 more ...; generated: undefined; }, {}, { ...; }>' is not assignable to parameter of type 'never'.
src/services/fuel_prices_service.ts(198,13): error TS2769: No overload matches this call.
  Overload 1 of 3, '(left: SQLiteColumn<{ name: "dataRegistro"; tableName: "historico_preco_combustivel"; dataType: "date"; columnType: "SQLiteTimestamp"; data: Date; driverParam: number; notNull: true; hasDefault: true; ... 6 more ...; generated: undefined; }, {}, {}>, right: Date | SQLWrapper): SQL<...>', gave the following error.
    Argument of type 'number' is not assignable to parameter of type 'Date | SQLWrapper'.
  Overload 2 of 3, '(left: Aliased<number>, right: number | SQLWrapper): SQL<unknown>', gave the following error.
    Argument of type 'SQLiteColumn<{ name: "dataRegistro"; tableName: "historico_preco_combustivel"; dataType: "date"; columnType: "SQLiteTimestamp"; data: Date; driverParam: number; notNull: true; hasDefault: true; ... 6 more ...; generated: undefined; }, {}, {}>' is not assignable to parameter of type 'Aliased<number>'.
      Type 'SQLiteColumn<{ name: "dataRegistro"; tableName: "historico_preco_combustivel"; dataType: "date"; columnType: "SQLiteTimestamp"; data: Date; driverParam: number; notNull: true; hasDefault: true; ... 6 more ...; generated: undefined; }, {}, {}>' is missing the following properties from type 'Aliased<number>': sql, fieldAlias
  Overload 3 of 3, '(left: never, right: unknown): SQL<unknown>', gave the following error.
    Argument of type 'SQLiteColumn<{ name: "dataRegistro"; tableName: "historico_preco_combustivel"; dataType: "date"; columnType: "SQLiteTimestamp"; data: Date; driverParam: number; notNull: true; hasDefault: true; ... 6 more ...; generated: undefined; }, {}, {}>' is not assignable to parameter of type 'never'.
src/services/fuel_prices_service.ts(259,13): error TS2769: No overload matches this call.
  Overload 1 of 3, '(left: SQLiteColumn<{ name: "tipoCombustivel"; tableName: "historico_preco_combustivel"; dataType: "string"; columnType: "SQLiteText"; data: "gasolina" | "etanol" | "diesel" | "gnv" | "flex"; driverParam: string; ... 8 more ...; generated: undefined; }, {}, { ...; }>, right: "gasolina" | ... 4 more ... | SQLWrapper): SQL<...>', gave the following error.
    Argument of type 'string' is not assignable to parameter of type '"gasolina" | "etanol" | "diesel" | "gnv" | "flex" | SQLWrapper'.
  Overload 2 of 3, '(left: Aliased<string>, right: string | SQLWrapper): SQL<unknown>', gave the following error.
    Argument of type 'SQLiteColumn<{ name: "tipoCombustivel"; tableName: "historico_preco_combustivel"; dataType: "string"; columnType: "SQLiteText"; data: "gasolina" | "etanol" | "diesel" | "gnv" | "flex"; driverParam: string; ... 8 more ...; generated: undefined; }, {}, { ...; }>' is not assignable to parameter of type 'Aliased<string>'.
      Type 'SQLiteColumn<{ name: "tipoCombustivel"; tableName: "historico_preco_combustivel"; dataType: "string"; columnType: "SQLiteText"; data: "gasolina" | "etanol" | "diesel" | "gnv" | "flex"; driverParam: string; ... 8 more ...; generated: undefined; }, {}, { ...; }>' is missing the following properties from type 'Aliased<string>': sql, fieldAlias
  Overload 3 of 3, '(left: never, right: unknown): SQL<unknown>', gave the following error.
    Argument of type 'SQLiteColumn<{ name: "tipoCombustivel"; tableName: "historico_preco_combustivel"; dataType: "string"; columnType: "SQLiteText"; data: "gasolina" | "etanol" | "diesel" | "gnv" | "flex"; driverParam: string; ... 8 more ...; generated: undefined; }, {}, { ...; }>' is not assignable to parameter of type 'never'.
src/services/fuel_prices_service.ts(411,9): error TS2769: No overload matches this call.
  Overload 2 of 2, '(values: { tipoCombustivel: "gasolina" | "etanol" | "diesel" | "gnv" | "flex" | SQL<unknown> | Placeholder<string, any>; cidade: string | SQL<unknown> | Placeholder<string, any>; ... 6 more ...; fonte?: string | ... 1 more ... | Placeholder<...>; }[]): SQLiteInsertBase<...>', gave the following error.
    Object literal may only specify known properties, and 'id' does not exist in type '{ tipoCombustivel: "gasolina" | "etanol" | "diesel" | "gnv" | "flex" | SQL<unknown> | Placeholder<string, any>; cidade: string | SQL<unknown> | Placeholder<string, any>; ... 6 more ...; fonte?: string | ... 1 more ... | Placeholder<...>; }[]'.
src/services/fuel_prices_service.ts(481,16): error TS2769: No overload matches this call.
  Overload 1 of 3, '(left: SQLiteColumn<{ name: "dataRegistro"; tableName: "historico_preco_combustivel"; dataType: "date"; columnType: "SQLiteTimestamp"; data: Date; driverParam: number; notNull: true; hasDefault: true; ... 6 more ...; generated: undefined; }, {}, {}>, right: Date | SQLWrapper): SQL<...>', gave the following error.
    Argument of type 'number' is not assignable to parameter of type 'Date | SQLWrapper'.
  Overload 2 of 3, '(left: Aliased<number>, right: number | SQLWrapper): SQL<unknown>', gave the following error.
    Argument of type 'SQLiteColumn<{ name: "dataRegistro"; tableName: "historico_preco_combustivel"; dataType: "date"; columnType: "SQLiteTimestamp"; data: Date; driverParam: number; notNull: true; hasDefault: true; ... 6 more ...; generated: undefined; }, {}, {}>' is not assignable to parameter of type 'Aliased<number>'.
      Type 'SQLiteColumn<{ name: "dataRegistro"; tableName: "historico_preco_combustivel"; dataType: "date"; columnType: "SQLiteTimestamp"; data: Date; driverParam: number; notNull: true; hasDefault: true; ... 6 more ...; generated: undefined; }, {}, {}>' is missing the following properties from type 'Aliased<number>': sql, fieldAlias
  Overload 3 of 3, '(left: never, right: unknown): SQL<unknown>', gave the following error.
    Argument of type 'SQLiteColumn<{ name: "dataRegistro"; tableName: "historico_preco_combustivel"; dataType: "date"; columnType: "SQLiteTimestamp"; data: Date; driverParam: number; notNull: true; hasDefault: true; ... 6 more ...; generated: undefined; }, {}, {}>' is not assignable to parameter of type 'never'.
src/services/fuel_prices_service.ts(484,23): error TS2339: Property 'where' does not exist on type 'Omit<SQLiteSelectBase<"historico_preco_combustivel", "sync", RunResult, { id: SQLiteColumn<{ name: "id"; tableName: "historico_preco_combustivel"; dataType: "string"; columnType: "SQLiteText"; data: string; ... 9 more ...; generated: undefined; }, {}, { ...; }>; ... 7 more ...; deletedAt: SQLiteColumn<...>; }, ... 5...'.
src/services/fuel_prices_service.ts(706,48): error TS2345: Argument of type '{ data: string; preco: number; }[]' is not assignable to parameter of type 'PriceHistoryEntry[]'.
  Property 'fonte' is missing in type '{ data: string; preco: number; }' but required in type 'PriceHistoryEntry'.
src/services/fuel_prices_service.ts(748,49): error TS2345: Argument of type '{ data: string; preco: any; }[]' is not assignable to parameter of type 'PriceHistoryEntry[]'.
  Property 'fonte' is missing in type '{ data: string; preco: any; }' but required in type 'PriceHistoryEntry'.
src/services/fuelingService.ts(6,15): error TS2305: Module '"../types/common"' has no exported member 'FuelingFilters'.
src/services/fuelingService.ts(6,31): error TS2305: Module '"../types/common"' has no exported member 'PaginationParams'.
src/services/fuelingService.ts(226,43): error TS2739: Type '{}' is missing the following properties from type '{ fuelings: FuelingData[]; total: number; hasMore: boolean; }': fuelings, total, hasMore
src/services/fuelingService.ts(253,21): error TS2339: Property 'where' does not exist on type 'Omit<SQLiteSelectBase<"abastecimentos", "sync", RunResult, { id: SQLiteColumn<{ name: "id"; tableName: "abastecimentos"; dataType: "string"; columnType: "SQLiteText"; data: string; driverParam: string; ... 8 more ...; generated: undefined; }, {}, { ...; }>; ... 11 more ...; deletedAt: SQLiteColumn<...>; }, ... 5 mor...'.
src/services/fuelingService.ts(258,11): error TS2741: Property 'orderBy' is missing in type 'Omit<import("/home/ubuntu/GiroPro/backend/node_modules/drizzle-orm/sqlite-core/query-builders/select").SQLiteSelectBase<"abastecimentos", "sync", import("/home/ubuntu/GiroPro/backend/node_modules/@types/better-sqlite3/index").RunResult, { id: import("/home/ubuntu/GiroPro/backend/node_modules/drizzle-orm/sqlite-core/...' but required in type 'Omit<import("/home/ubuntu/GiroPro/backend/node_modules/drizzle-orm/sqlite-core/query-builders/select").SQLiteSelectBase<"abastecimentos", "sync", import("/home/ubuntu/GiroPro/backend/node_modules/@types/better-sqlite3/index").RunResult, { id: import("/home/ubuntu/GiroPro/backend/node_modules/drizzle-orm/sqlite-core/...'.
src/services/fuelingService.ts(261,11): error TS2741: Property 'orderBy' is missing in type 'Omit<import("/home/ubuntu/GiroPro/backend/node_modules/drizzle-orm/sqlite-core/query-builders/select").SQLiteSelectBase<"abastecimentos", "sync", import("/home/ubuntu/GiroPro/backend/node_modules/@types/better-sqlite3/index").RunResult, { id: import("/home/ubuntu/GiroPro/backend/node_modules/drizzle-orm/sqlite-core/...' but required in type 'Omit<import("/home/ubuntu/GiroPro/backend/node_modules/drizzle-orm/sqlite-core/query-builders/select").SQLiteSelectBase<"abastecimentos", "sync", import("/home/ubuntu/GiroPro/backend/node_modules/@types/better-sqlite3/index").RunResult, { id: import("/home/ubuntu/GiroPro/backend/node_modules/drizzle-orm/sqlite-core/...'.
src/services/fuelingService.ts(264,11): error TS2741: Property 'orderBy' is missing in type 'Omit<import("/home/ubuntu/GiroPro/backend/node_modules/drizzle-orm/sqlite-core/query-builders/select").SQLiteSelectBase<"abastecimentos", "sync", import("/home/ubuntu/GiroPro/backend/node_modules/@types/better-sqlite3/index").RunResult, { id: import("/home/ubuntu/GiroPro/backend/node_modules/drizzle-orm/sqlite-core/...' but required in type 'Omit<import("/home/ubuntu/GiroPro/backend/node_modules/drizzle-orm/sqlite-core/query-builders/select").SQLiteSelectBase<"abastecimentos", "sync", import("/home/ubuntu/GiroPro/backend/node_modules/@types/better-sqlite3/index").RunResult, { id: import("/home/ubuntu/GiroPro/backend/node_modules/drizzle-orm/sqlite-core/...'.
src/services/fuelingService.ts(267,11): error TS2741: Property 'orderBy' is missing in type 'Omit<import("/home/ubuntu/GiroPro/backend/node_modules/drizzle-orm/sqlite-core/query-builders/select").SQLiteSelectBase<"abastecimentos", "sync", import("/home/ubuntu/GiroPro/backend/node_modules/@types/better-sqlite3/index").RunResult, { id: import("/home/ubuntu/GiroPro/backend/node_modules/drizzle-orm/sqlite-core/...' but required in type 'Omit<import("/home/ubuntu/GiroPro/backend/node_modules/drizzle-orm/sqlite-core/query-builders/select").SQLiteSelectBase<"abastecimentos", "sync", import("/home/ubuntu/GiroPro/backend/node_modules/@types/better-sqlite3/index").RunResult, { id: import("/home/ubuntu/GiroPro/backend/node_modules/drizzle-orm/sqlite-core/...'.
src/services/fuelingService.ts(273,7): error TS2739: Type 'Omit<SQLiteSelectBase<"abastecimentos", "sync", RunResult, { id: SQLiteColumn<{ name: "id"; tableName: "abastecimentos"; dataType: "string"; columnType: "SQLiteText"; data: string; driverParam: string; ... 8 more ...; generated: undefined; }, {}, { ...; }>; ... 11 more ...; deletedAt: SQLiteColumn<...>; }, ... 5 mor...' is missing the following properties from type 'Omit<SQLiteSelectBase<"abastecimentos", "sync", RunResult, { id: SQLiteColumn<{ name: "id"; tableName: "abastecimentos"; dataType: "string"; columnType: "SQLiteText"; data: string; driverParam: string; ... 8 more ...; generated: undefined; }, {}, { ...; }>; ... 11 more ...; deletedAt: SQLiteColumn<...>; }, ... 5 mor...': limit, offset
src/services/fuelingService.ts(391,23): error TS2339: Property 'quantidadeLitros' does not exist on type 'UpdateFuelingRequest'.
src/services/fuelingService.ts(392,42): error TS2339: Property 'quantidadeLitros' does not exist on type 'UpdateFuelingRequest'.
src/services/fuelingService.ts(392,75): error TS2339: Property 'quantidadeLitros' does not exist on type 'UpdateFuelingRequest'.
src/services/fuelingService.ts(395,51): error TS2339: Property 'quantidadeLitros' does not exist on type 'UpdateFuelingRequest'.
src/services/fuelingService.ts(400,25): error TS2339: Property 'quantidadeLitros' does not exist on type 'UpdateFuelingRequest'.
src/services/fuelingService.ts(412,36): error TS2339: Property 'quantidadeLitros' does not exist on type 'UpdateFuelingRequest'.
src/services/fuelingService.ts(525,43): error TS2739: Type '{}' is missing the following properties from type '{ totalFuelings: number; totalSpent: number; totalLiters: number; averagePrice: number; lastFueling?: Date; }': totalFuelings, totalSpent, totalLiters, averagePrice
src/services/get_week_pending_goals_service.ts(3,10): error TS2305: Module '"../controllers/goalsController"' has no exported member 'GetWeekPendingGoalsRequest'.
src/services/get_week_pending_goals_service.ts(27,37): error TS2551: Property 'valor_objetivo' does not exist on type 'SQLiteTableWithColumns<{ name: "metas"; schema: undefined; columns: { id: SQLiteColumn<{ name: "id"; tableName: "metas"; dataType: "string"; columnType: "SQLiteText"; data: string; driverParam: string; notNull: true; hasDefault: true; ... 6 more ...; generated: undefined; }, {}, { ...; }>; ... 16 more ...; deletedAt...'. Did you mean 'valorObjetivo'?
src/services/get_week_pending_goals_service.ts(28,30): error TS2551: Property 'valor_atual' does not exist on type 'SQLiteTableWithColumns<{ name: "metas"; schema: undefined; columns: { id: SQLiteColumn<{ name: "id"; tableName: "metas"; dataType: "string"; columnType: "SQLiteText"; data: string; driverParam: string; notNull: true; hasDefault: true; ... 6 more ...; generated: undefined; }, {}, { ...; }>; ... 16 more ...; deletedAt...'. Did you mean 'valorAtual'?
src/services/get_week_pending_goals_service.ts(33,9): error TS2769: No overload matches this call.
  Overload 1 of 3, '(left: SQLiteColumn<{ name: "periodoMeta"; tableName: "metas"; dataType: "string"; columnType: "SQLiteText"; data: "semanal" | "mensal" | "trimestral" | "anual"; driverParam: string; notNull: true; hasDefault: false; ... 6 more ...; generated: undefined; }, {}, { ...; }>, right: "semanal" | ... 3 more ... | SQLWrapper): SQL<...>', gave the following error.
    Argument of type '"Semanal"' is not assignable to parameter of type '"semanal" | "mensal" | "trimestral" | "anual" | SQLWrapper'.
  Overload 2 of 3, '(left: Aliased<string>, right: string | SQLWrapper): SQL<unknown>', gave the following error.
    Argument of type 'SQLiteColumn<{ name: "periodoMeta"; tableName: "metas"; dataType: "string"; columnType: "SQLiteText"; data: "semanal" | "mensal" | "trimestral" | "anual"; driverParam: string; notNull: true; hasDefault: false; ... 6 more ...; generated: undefined; }, {}, { ...; }>' is not assignable to parameter of type 'Aliased<string>'.
      Type 'SQLiteColumn<{ name: "periodoMeta"; tableName: "metas"; dataType: "string"; columnType: "SQLiteText"; data: "semanal" | "mensal" | "trimestral" | "anual"; driverParam: string; notNull: true; hasDefault: false; ... 6 more ...; generated: undefined; }, {}, { ...; }>' is missing the following properties from type 'Aliased<string>': sql, fieldAlias
  Overload 3 of 3, '(left: never, right: unknown): SQL<unknown>', gave the following error.
    Argument of type 'SQLiteColumn<{ name: "periodoMeta"; tableName: "metas"; dataType: "string"; columnType: "SQLiteText"; data: "semanal" | "mensal" | "trimestral" | "anual"; driverParam: string; notNull: true; hasDefault: false; ... 6 more ...; generated: undefined; }, {}, { ...; }>' is not assignable to parameter of type 'never'.
src/services/get_week_pending_goals_service.ts(34,9): error TS2769: No overload matches this call.
  Overload 1 of 3, '(left: SQLiteColumn<{ name: "dataInicio"; tableName: "metas"; dataType: "date"; columnType: "SQLiteTimestamp"; data: Date; driverParam: number; notNull: true; hasDefault: false; isPrimaryKey: false; ... 5 more ...; generated: undefined; }, {}, {}>, right: Date | SQLWrapper): SQL<...>', gave the following error.
    Argument of type 'string' is not assignable to parameter of type 'Date | SQLWrapper'.
  Overload 2 of 3, '(left: Aliased<string>, right: string | SQLWrapper): SQL<unknown>', gave the following error.
    Argument of type 'SQLiteColumn<{ name: "dataInicio"; tableName: "metas"; dataType: "date"; columnType: "SQLiteTimestamp"; data: Date; driverParam: number; notNull: true; hasDefault: false; isPrimaryKey: false; isAutoincrement: false; ... 4 more ...; generated: undefined; }, {}, {}>' is not assignable to parameter of type 'Aliased<string>'.
      Type 'SQLiteColumn<{ name: "dataInicio"; tableName: "metas"; dataType: "date"; columnType: "SQLiteTimestamp"; data: Date; driverParam: number; notNull: true; hasDefault: false; isPrimaryKey: false; isAutoincrement: false; ... 4 more ...; generated: undefined; }, {}, {}>' is missing the following properties from type 'Aliased<string>': sql, fieldAlias
  Overload 3 of 3, '(left: never, right: unknown): SQL<unknown>', gave the following error.
    Argument of type 'SQLiteColumn<{ name: "dataInicio"; tableName: "metas"; dataType: "date"; columnType: "SQLiteTimestamp"; data: Date; driverParam: number; notNull: true; hasDefault: false; isPrimaryKey: false; isAutoincrement: false; ... 4 more ...; generated: undefined; }, {}, {}>' is not assignable to parameter of type 'never'.
src/services/get_week_pending_goals_service.ts(35,9): error TS2769: No overload matches this call.
  Overload 1 of 3, '(left: SQLiteColumn<{ name: "dataFim"; tableName: "metas"; dataType: "date"; columnType: "SQLiteTimestamp"; data: Date; driverParam: number; notNull: true; hasDefault: false; isPrimaryKey: false; isAutoincrement: false; ... 4 more ...; generated: undefined; }, {}, {}>, right: Date | SQLWrapper): SQL<...>', gave the following error.
    Argument of type 'string' is not assignable to parameter of type 'Date | SQLWrapper'.
  Overload 2 of 3, '(left: Aliased<string>, right: string | SQLWrapper): SQL<unknown>', gave the following error.
    Argument of type 'SQLiteColumn<{ name: "dataFim"; tableName: "metas"; dataType: "date"; columnType: "SQLiteTimestamp"; data: Date; driverParam: number; notNull: true; hasDefault: false; isPrimaryKey: false; isAutoincrement: false; ... 4 more ...; generated: undefined; }, {}, {}>' is not assignable to parameter of type 'Aliased<string>'.
      Type 'SQLiteColumn<{ name: "dataFim"; tableName: "metas"; dataType: "date"; columnType: "SQLiteTimestamp"; data: Date; driverParam: number; notNull: true; hasDefault: false; isPrimaryKey: false; isAutoincrement: false; ... 4 more ...; generated: undefined; }, {}, {}>' is missing the following properties from type 'Aliased<string>': sql, fieldAlias
  Overload 3 of 3, '(left: never, right: unknown): SQL<unknown>', gave the following error.
    Argument of type 'SQLiteColumn<{ name: "dataFim"; tableName: "metas"; dataType: "date"; columnType: "SQLiteTimestamp"; data: Date; driverParam: number; notNull: true; hasDefault: false; isPrimaryKey: false; isAutoincrement: false; ... 4 more ...; generated: undefined; }, {}, {}>' is not assignable to parameter of type 'never'.
src/services/get_week_pending_goals_service.ts(36,9): error TS2769: No overload matches this call.
  Overload 1 of 3, '(left: SQLiteColumn<{ name: "statusMeta"; tableName: "metas"; dataType: "string"; columnType: "SQLiteText"; data: "ativa" | "pausada" | "concluida" | "expirada"; driverParam: string; notNull: true; hasDefault: true; ... 6 more ...; generated: undefined; }, {}, { ...; }>, right: "ativa" | ... 3 more ... | SQLWrapper): SQL<...>', gave the following error.
    Argument of type '"Ativa"' is not assignable to parameter of type '"ativa" | "pausada" | "concluida" | "expirada" | SQLWrapper'.
  Overload 2 of 3, '(left: Aliased<string>, right: string | SQLWrapper): SQL<unknown>', gave the following error.
    Argument of type 'SQLiteColumn<{ name: "statusMeta"; tableName: "metas"; dataType: "string"; columnType: "SQLiteText"; data: "ativa" | "pausada" | "concluida" | "expirada"; driverParam: string; notNull: true; hasDefault: true; ... 6 more ...; generated: undefined; }, {}, { ...; }>' is not assignable to parameter of type 'Aliased<string>'.
      Type 'SQLiteColumn<{ name: "statusMeta"; tableName: "metas"; dataType: "string"; columnType: "SQLiteText"; data: "ativa" | "pausada" | "concluida" | "expirada"; driverParam: string; notNull: true; hasDefault: true; ... 6 more ...; generated: undefined; }, {}, { ...; }>' is missing the following properties from type 'Aliased<string>': sql, fieldAlias
  Overload 3 of 3, '(left: never, right: unknown): SQL<unknown>', gave the following error.
    Argument of type 'SQLiteColumn<{ name: "statusMeta"; tableName: "metas"; dataType: "string"; columnType: "SQLiteText"; data: "ativa" | "pausada" | "concluida" | "expirada"; driverParam: string; notNull: true; hasDefault: true; ... 6 more ...; generated: undefined; }, {}, { ...; }>' is not assignable to parameter of type 'never'.
src/services/get_week_pending_goals_service.ts(37,21): error TS2551: Property 'valor_atual' does not exist on type 'SQLiteTableWithColumns<{ name: "metas"; schema: undefined; columns: { id: SQLiteColumn<{ name: "id"; tableName: "metas"; dataType: "string"; columnType: "SQLiteText"; data: string; driverParam: string; notNull: true; hasDefault: true; ... 6 more ...; generated: undefined; }, {}, { ...; }>; ... 16 more ...; deletedAt...'. Did you mean 'valorAtual'?
src/services/get_week_pending_goals_service.ts(37,44): error TS2551: Property 'valor_objetivo' does not exist on type 'SQLiteTableWithColumns<{ name: "metas"; schema: undefined; columns: { id: SQLiteColumn<{ name: "id"; tableName: "metas"; dataType: "string"; columnType: "SQLiteText"; data: string; driverParam: string; notNull: true; hasDefault: true; ... 6 more ...; generated: undefined; }, {}, { ...; }>; ... 16 more ...; deletedAt...'. Did you mean 'valorObjetivo'?
src/services/get_week_summary_service.ts(4,15): error TS2305: Module '"../controllers/goalsController"' has no exported member 'GetWeekSummaryRequest'.
src/services/get_week_summary_service.ts(33,37): error TS2551: Property 'valor_objetivo' does not exist on type 'SQLiteTableWithColumns<{ name: "metas"; schema: undefined; columns: { id: SQLiteColumn<{ name: "id"; tableName: "metas"; dataType: "string"; columnType: "SQLiteText"; data: string; driverParam: string; notNull: true; hasDefault: true; ... 6 more ...; generated: undefined; }, {}, { ...; }>; ... 16 more ...; deletedAt...'. Did you mean 'valorObjetivo'?
src/services/get_week_summary_service.ts(39,28): error TS2551: Property 'id_meta' does not exist on type 'SQLiteTableWithColumns<{ name: "progresso_metas"; schema: undefined; columns: { id: SQLiteColumn<{ name: "id"; tableName: "progresso_metas"; dataType: "string"; columnType: "SQLiteText"; data: string; driverParam: string; notNull: true; ... 7 more ...; generated: undefined; }, {}, { ...; }>; ... 8 more ...; createdA...'. Did you mean 'idMeta'?
src/services/get_week_summary_service.ts(41,44): error TS2551: Property 'valor_objetivo' does not exist on type 'SQLiteTableWithColumns<{ name: "metas"; schema: undefined; columns: { id: SQLiteColumn<{ name: "id"; tableName: "metas"; dataType: "string"; columnType: "SQLiteText"; data: string; driverParam: string; notNull: true; hasDefault: true; ... 6 more ...; generated: undefined; }, {}, { ...; }>; ... 16 more ...; deletedAt...'. Did you mean 'valorObjetivo'?
src/services/get_week_summary_service.ts(46,30): error TS2551: Property 'id_meta' does not exist on type 'SQLiteTableWithColumns<{ name: "progresso_metas"; schema: undefined; columns: { id: SQLiteColumn<{ name: "id"; tableName: "progresso_metas"; dataType: "string"; columnType: "SQLiteText"; data: string; driverParam: string; notNull: true; ... 7 more ...; generated: undefined; }, {}, { ...; }>; ... 8 more ...; createdA...'. Did you mean 'idMeta'?
src/services/get_week_summary_service.ts(49,37): error TS2551: Property 'valor_objetivo' does not exist on type 'SQLiteTableWithColumns<{ name: "metas"; schema: undefined; columns: { id: SQLiteColumn<{ name: "id"; tableName: "metas"; dataType: "string"; columnType: "SQLiteText"; data: string; driverParam: string; notNull: true; hasDefault: true; ... 6 more ...; generated: undefined; }, {}, { ...; }>; ... 16 more ...; deletedAt...'. Did you mean 'valorObjetivo'?
src/services/get_week_summary_service.ts(52,51): error TS2551: Property 'id_meta' does not exist on type 'SQLiteTableWithColumns<{ name: "progresso_metas"; schema: undefined; columns: { id: SQLiteColumn<{ name: "id"; tableName: "progresso_metas"; dataType: "string"; columnType: "SQLiteText"; data: string; driverParam: string; notNull: true; ... 7 more ...; generated: undefined; }, {}, { ...; }>; ... 8 more ...; createdA...'. Did you mean 'idMeta'?
src/services/journeyService.ts(24,61): error TS2769: No overload matches this call.
  Overload 1 of 2, '(value: { idUsuario: string | SQL<unknown> | Placeholder<string, any>; idVeiculo: string | SQL<unknown> | Placeholder<string, any>; dataInicio: SQL<unknown> | Date | Placeholder<...>; ... 10 more ...; createdAt?: SQL<...> | ... 1 more ... | Placeholder<...>; }): SQLiteInsertBase<...>', gave the following error.
    Argument of type '{ id: `${string}-${string}-${string}-${string}-${string}`; idUsuario: string; idVeiculo: string; dataInicio: Date; km_inicio: number; dataFim: any; km_fim: any; ganhoBruto: any; kmTotal: any; tempo_total: any; observacoes: string; }' is not assignable to parameter of type '{ idUsuario: string | SQL<unknown> | Placeholder<string, any>; idVeiculo: string | SQL<unknown> | Placeholder<string, any>; dataInicio: SQL<unknown> | Date | Placeholder<...>; ... 10 more ...; createdAt?: SQL<...> | ... 1 more ... | Placeholder<...>; }'.
      Property 'kmInicio' is missing in type '{ id: `${string}-${string}-${string}-${string}-${string}`; idUsuario: string; idVeiculo: string; dataInicio: Date; km_inicio: number; dataFim: any; km_fim: any; ganhoBruto: any; kmTotal: any; tempo_total: any; observacoes: string; }' but required in type '{ idUsuario: string | SQL<unknown> | Placeholder<string, any>; idVeiculo: string | SQL<unknown> | Placeholder<string, any>; dataInicio: SQL<unknown> | Date | Placeholder<...>; ... 10 more ...; createdAt?: SQL<...> | ... 1 more ... | Placeholder<...>; }'.
  Overload 2 of 2, '(values: { idUsuario: string | SQL<unknown> | Placeholder<string, any>; idVeiculo: string | SQL<unknown> | Placeholder<string, any>; dataInicio: SQL<unknown> | Date | Placeholder<...>; ... 10 more ...; createdAt?: SQL<...> | ... 1 more ... | Placeholder<...>; }[]): SQLiteInsertBase<...>', gave the following error.
    Argument of type '{ id: `${string}-${string}-${string}-${string}-${string}`; idUsuario: string; idVeiculo: string; dataInicio: Date; km_inicio: number; dataFim: any; km_fim: any; ganhoBruto: any; kmTotal: any; tempo_total: any; observacoes: string; }' is not assignable to parameter of type '{ idUsuario: string | SQL<unknown> | Placeholder<string, any>; idVeiculo: string | SQL<unknown> | Placeholder<string, any>; dataInicio: SQL<unknown> | Date | Placeholder<...>; ... 10 more ...; createdAt?: SQL<...> | ... 1 more ... | Placeholder<...>; }[]'.
      Type '{ id: `${string}-${string}-${string}-${string}-${string}`; idUsuario: string; idVeiculo: string; dataInicio: Date; km_inicio: number; dataFim: any; km_fim: any; ganhoBruto: any; kmTotal: any; tempo_total: any; observacoes: string; }' is missing the following properties from type '{ idUsuario: string | SQL<unknown> | Placeholder<string, any>; idVeiculo: string | SQL<unknown> | Placeholder<string, any>; dataInicio: SQL<unknown> | Date | Placeholder<...>; ... 10 more ...; createdAt?: SQL<...> | ... 1 more ... | Placeholder<...>; }[]': length, pop, push, concat, and 35 more.
src/services/journeyService.ts(42,25): error TS2304: Cannot find name 'ne'.
src/services/journeyService.ts(56,19): error TS2551: Property 'veiculo_id' does not exist on type 'JourneyFilters'. Did you mean 'veiculoId'?
src/services/journeyService.ts(57,56): error TS2551: Property 'veiculo_id' does not exist on type 'JourneyFilters'. Did you mean 'veiculoId'?
src/services/journeyService.ts(95,22): error TS2551: Property 'km_fim' does not exist on type 'Partial<{ idUsuario: string; idVeiculo: string; dataInicio: Date; kmInicio: number; id?: string; updatedAt?: Date; deletedAt?: Date; dataFim?: Date; kmFim?: number; ganhoBruto?: number; kmTotal?: number; tempoTotal?: number; observacoes?: string; createdAt?: Date; }>'. Did you mean 'kmFim'?
src/services/journeyService.ts(97,51): error TS2551: Property 'km_inicio' does not exist on type '{ id: string; idUsuario: string; idVeiculo: string; dataInicio: Date; kmInicio: number; dataFim: Date; kmFim: number; ganhoBruto: number; kmTotal: number; tempoTotal: number; observacoes: string; createdAt: Date; updatedAt: Date; deletedAt: Date; }'. Did you mean 'kmInicio'?
src/services/journeyService.ts(98,71): error TS2551: Property 'km_inicio' does not exist on type '{ id: string; idUsuario: string; idVeiculo: string; dataInicio: Date; kmInicio: number; dataFim: Date; kmFim: number; ganhoBruto: number; kmTotal: number; tempoTotal: number; observacoes: string; createdAt: Date; updatedAt: Date; deletedAt: Date; }'. Did you mean 'kmInicio'?
src/services/journeyService.ts(117,22): error TS2551: Property 'tempo_total' does not exist on type 'Partial<{ idUsuario: string; idVeiculo: string; dataInicio: Date; kmInicio: number; id?: string; updatedAt?: Date; deletedAt?: Date; dataFim?: Date; kmFim?: number; ganhoBruto?: number; kmTotal?: number; tempoTotal?: number; observacoes?: string; createdAt?: Date; }>'. Did you mean 'tempoTotal'?
src/services/notificationService.ts(33,42): error TS2769: No overload matches this call.
  Overload 1 of 2, '(value: { idUsuario: string | SQL<unknown> | Placeholder<string, any>; titulo: string | SQL<unknown> | Placeholder<string, any>; mensagem: string | SQL<unknown> | Placeholder<...>; ... 7 more ...; expiresAt?: SQL<...> | ... 1 more ... | Placeholder<...>; }): SQLiteInsertBase<...>', gave the following error.
    Argument of type '{ id: string; idUsuario: string; tipo: "Sistema" | "Alerta" | "Promocao" | "Suporte"; titulo: string; mensagem: string; dados_extras: string; lida: boolean; data_envio: string; }' is not assignable to parameter of type '{ idUsuario: string | SQL<unknown> | Placeholder<string, any>; titulo: string | SQL<unknown> | Placeholder<string, any>; mensagem: string | SQL<unknown> | Placeholder<...>; ... 7 more ...; expiresAt?: SQL<...> | ... 1 more ... | Placeholder<...>; }'.
      Types of property 'tipo' are incompatible.
        Type '"Sistema" | "Alerta" | "Promocao" | "Suporte"' is not assignable to type '"sistema" | "alerta" | "promocao" | "suporte" | SQL<unknown> | Placeholder<string, any>'.
          Type '"Sistema"' is not assignable to type '"sistema" | "alerta" | "promocao" | "suporte" | SQL<unknown> | Placeholder<string, any>'. Did you mean '"sistema"'?
  Overload 2 of 2, '(values: { idUsuario: string | SQL<unknown> | Placeholder<string, any>; titulo: string | SQL<unknown> | Placeholder<string, any>; mensagem: string | SQL<unknown> | Placeholder<...>; ... 7 more ...; expiresAt?: SQL<...> | ... 1 more ... | Placeholder<...>; }[]): SQLiteInsertBase<...>', gave the following error.
    Argument of type '{ id: string; idUsuario: string; tipo: "Sistema" | "Alerta" | "Promocao" | "Suporte"; titulo: string; mensagem: string; dados_extras: string; lida: boolean; data_envio: string; }' is not assignable to parameter of type '{ idUsuario: string | SQL<unknown> | Placeholder<string, any>; titulo: string | SQL<unknown> | Placeholder<string, any>; mensagem: string | SQL<unknown> | Placeholder<...>; ... 7 more ...; expiresAt?: SQL<...> | ... 1 more ... | Placeholder<...>; }[]'.
      Type '{ id: string; idUsuario: string; tipo: "Sistema" | "Alerta" | "Promocao" | "Suporte"; titulo: string; mensagem: string; dados_extras: string; lida: boolean; data_envio: string; }' is missing the following properties from type '{ idUsuario: string | SQL<unknown> | Placeholder<string, any>; titulo: string | SQL<unknown> | Placeholder<string, any>; mensagem: string | SQL<unknown> | Placeholder<...>; ... 7 more ...; expiresAt?: SQL<...> | ... 1 more ... | Placeholder<...>; }[]': length, pop, push, concat, and 35 more.
src/services/notificationService.ts(77,34): error TS2551: Property 'data_envio' does not exist on type 'SQLiteTableWithColumns<{ name: "notificacoes"; schema: undefined; columns: { id: SQLiteColumn<{ name: "id"; tableName: "notificacoes"; dataType: "string"; columnType: "SQLiteText"; data: string; driverParam: string; notNull: true; ... 7 more ...; generated: undefined; }, {}, { ...; }>; ... 9 more ...; deletedAt: SQL...'. Did you mean 'dataEnvio'?
src/services/notificationService.ts(83,34): error TS2551: Property 'dados_extras' does not exist on type '{ id: string; idUsuario: string; titulo: string; mensagem: string; tipo: "sistema" | "alerta" | "promocao" | "suporte"; lida: boolean; dataEnvio: Date; dataLeitura: Date; dadosExtras: string; expiresAt: Date; deletedAt: Date; }'. Did you mean 'dadosExtras'?
src/services/notificationService.ts(83,73): error TS2551: Property 'dados_extras' does not exist on type '{ id: string; idUsuario: string; titulo: string; mensagem: string; tipo: "sistema" | "alerta" | "promocao" | "suporte"; lida: boolean; dataEnvio: Date; dataLeitura: Date; dadosExtras: string; expiresAt: Date; deletedAt: Date; }'. Did you mean 'dadosExtras'?
src/services/notificationService.ts(95,9): error TS2561: Object literal may only specify known properties, but 'data_leitura' does not exist in type '{ idUsuario?: string | SQL<unknown> | SQLiteColumn<ColumnBaseConfig<ColumnDataType, string>, {}, {}>; titulo?: string | SQL<unknown> | SQLiteColumn<...>; ... 8 more ...; expiresAt?: SQL<...> | ... 1 more ... | SQLiteColumn<...>; }'. Did you mean to write 'dataLeitura'?
src/services/notificationService.ts(116,9): error TS2561: Object literal may only specify known properties, but 'data_leitura' does not exist in type '{ idUsuario?: string | SQL<unknown> | SQLiteColumn<ColumnBaseConfig<ColumnDataType, string>, {}, {}>; titulo?: string | SQL<unknown> | SQLiteColumn<...>; ... 8 more ...; expiresAt?: SQL<...> | ... 1 more ... | SQLiteColumn<...>; }'. Did you mean to write 'dataLeitura'?
src/services/notificationService.ts(154,9): error TS2322: Type 'string' is not assignable to type 'SQL<unknown> | Date | SQLiteColumn<ColumnBaseConfig<ColumnDataType, string>, {}, {}>'.
src/services/notificationService.ts(176,9): error TS2322: Type 'string' is not assignable to type 'SQL<unknown> | Date | SQLiteColumn<ColumnBaseConfig<ColumnDataType, string>, {}, {}>'.
src/services/notificationService.ts(180,28): error TS2551: Property 'data_envio' does not exist on type 'SQLiteTableWithColumns<{ name: "notificacoes"; schema: undefined; columns: { id: SQLiteColumn<{ name: "id"; tableName: "notificacoes"; dataType: "string"; columnType: "SQLiteText"; data: string; driverParam: string; notNull: true; ... 7 more ...; generated: undefined; }, {}, { ...; }>; ... 9 more ...; deletedAt: SQL...'. Did you mean 'dataEnvio'?
src/services/notificationService.ts(204,13): error TS2769: No overload matches this call.
  Overload 1 of 3, '(left: SQLiteColumn<{ name: "tipoNotificacao"; tableName: "notificacoes"; dataType: "string"; columnType: "SQLiteText"; data: "sistema" | "alerta" | "promocao" | "suporte"; driverParam: string; notNull: true; ... 7 more ...; generated: undefined; }, {}, { ...; }>, right: "sistema" | ... 3 more ... | SQLWrapper): SQL<...>', gave the following error.
    Argument of type '"Sistema"' is not assignable to parameter of type '"sistema" | "alerta" | "promocao" | "suporte" | SQLWrapper'.
  Overload 2 of 3, '(left: Aliased<string>, right: string | SQLWrapper): SQL<unknown>', gave the following error.
    Argument of type 'SQLiteColumn<{ name: "tipoNotificacao"; tableName: "notificacoes"; dataType: "string"; columnType: "SQLiteText"; data: "sistema" | "alerta" | "promocao" | "suporte"; driverParam: string; notNull: true; ... 7 more ...; generated: undefined; }, {}, { ...; }>' is not assignable to parameter of type 'Aliased<string>'.
      Type 'SQLiteColumn<{ name: "tipoNotificacao"; tableName: "notificacoes"; dataType: "string"; columnType: "SQLiteText"; data: "sistema" | "alerta" | "promocao" | "suporte"; driverParam: string; notNull: true; ... 7 more ...; generated: undefined; }, {}, { ...; }>' is missing the following properties from type 'Aliased<string>': sql, fieldAlias
  Overload 3 of 3, '(left: never, right: unknown): SQL<unknown>', gave the following error.
    Argument of type 'SQLiteColumn<{ name: "tipoNotificacao"; tableName: "notificacoes"; dataType: "string"; columnType: "SQLiteText"; data: "sistema" | "alerta" | "promocao" | "suporte"; driverParam: string; notNull: true; ... 7 more ...; generated: undefined; }, {}, { ...; }>' is not assignable to parameter of type 'never'.
src/services/notificationService.ts(205,30): error TS2551: Property 'data_envio' does not exist on type 'SQLiteTableWithColumns<{ name: "notificacoes"; schema: undefined; columns: { id: SQLiteColumn<{ name: "id"; tableName: "notificacoes"; dataType: "string"; columnType: "SQLiteText"; data: string; driverParam: string; notNull: true; ... 7 more ...; generated: undefined; }, {}, { ...; }>; ... 9 more ...; deletedAt: SQL...'. Did you mean 'dataEnvio'?
src/services/notificationService.ts(255,13): error TS2769: No overload matches this call.
  Overload 1 of 3, '(left: SQLiteColumn<{ name: "tipoNotificacao"; tableName: "notificacoes"; dataType: "string"; columnType: "SQLiteText"; data: "sistema" | "alerta" | "promocao" | "suporte"; driverParam: string; notNull: true; ... 7 more ...; generated: undefined; }, {}, { ...; }>, right: "sistema" | ... 3 more ... | SQLWrapper): SQL<...>', gave the following error.
    Argument of type '"Alerta"' is not assignable to parameter of type '"sistema" | "alerta" | "promocao" | "suporte" | SQLWrapper'.
  Overload 2 of 3, '(left: Aliased<string>, right: string | SQLWrapper): SQL<unknown>', gave the following error.
    Argument of type 'SQLiteColumn<{ name: "tipoNotificacao"; tableName: "notificacoes"; dataType: "string"; columnType: "SQLiteText"; data: "sistema" | "alerta" | "promocao" | "suporte"; driverParam: string; notNull: true; ... 7 more ...; generated: undefined; }, {}, { ...; }>' is not assignable to parameter of type 'Aliased<string>'.
      Type 'SQLiteColumn<{ name: "tipoNotificacao"; tableName: "notificacoes"; dataType: "string"; columnType: "SQLiteText"; data: "sistema" | "alerta" | "promocao" | "suporte"; driverParam: string; notNull: true; ... 7 more ...; generated: undefined; }, {}, { ...; }>' is missing the following properties from type 'Aliased<string>': sql, fieldAlias
  Overload 3 of 3, '(left: never, right: unknown): SQL<unknown>', gave the following error.
    Argument of type 'SQLiteColumn<{ name: "tipoNotificacao"; tableName: "notificacoes"; dataType: "string"; columnType: "SQLiteText"; data: "sistema" | "alerta" | "promocao" | "suporte"; driverParam: string; notNull: true; ... 7 more ...; generated: undefined; }, {}, { ...; }>' is not assignable to parameter of type 'never'.
src/services/notificationService.ts(256,30): error TS2551: Property 'data_envio' does not exist on type 'SQLiteTableWithColumns<{ name: "notificacoes"; schema: undefined; columns: { id: SQLiteColumn<{ name: "id"; tableName: "notificacoes"; dataType: "string"; columnType: "SQLiteText"; data: string; driverParam: string; notNull: true; ... 7 more ...; generated: undefined; }, {}, { ...; }>; ... 9 more ...; deletedAt: SQL...'. Did you mean 'dataEnvio'?
src/services/reportsService.ts(5,30): error TS2307: Cannot find module '../utils/queryBuilder' or its corresponding type declarations.
src/services/reportsService.ts(6,27): error TS2307: Cannot find module '../utils/dateUtils' or its corresponding type declarations.
src/services/reportsService.ts(7,38): error TS2307: Cannot find module '../utils/statisticsCalculator' or its corresponding type declarations.
src/services/reportsService.ts(8,10): error TS2724: '"../utils/logger"' has no exported member named 'Logger'. Did you mean 'logger'?
src/services/reportsService.ts(436,34): error TS2551: Property 'tempo_total' does not exist on type 'SQLiteTableWithColumns<{ name: "jornadas"; schema: undefined; columns: { id: SQLiteColumn<{ name: "id"; tableName: "jornadas"; dataType: "string"; columnType: "SQLiteText"; data: string; driverParam: string; notNull: true; hasDefault: true; ... 6 more ...; generated: undefined; }, {}, { ...; }>; ... 12 more ...; del...'. Did you mean 'tempoTotal'?
src/services/reportsService.ts(477,24): error TS2304: Cannot find name 'avg'.
src/services/reportsService.ts(478,16): error TS2304: Cannot find name 'avg'.
src/services/reportsService.ts(479,19): error TS2304: Cannot find name 'avg'.
src/services/reportsService.ts(479,32): error TS2551: Property 'tempo_total' does not exist on type 'SQLiteTableWithColumns<{ name: "jornadas"; schema: undefined; columns: { id: SQLiteColumn<{ name: "id"; tableName: "jornadas"; dataType: "string"; columnType: "SQLiteText"; data: string; driverParam: string; notNull: true; hasDefault: true; ... 6 more ...; generated: undefined; }, {}, { ...; }>; ... 12 more ...; del...'. Did you mean 'tempoTotal'?
src/services/reportsService.ts(539,9): error TS2304: Cannot find name 'ne'.
src/services/reportsService.ts(540,9): error TS2304: Cannot find name 'sql'.
src/services/reportsService.ts(540,24): error TS2551: Property 'km_fim' does not exist on type 'SQLiteTableWithColumns<{ name: "jornadas"; schema: undefined; columns: { id: SQLiteColumn<{ name: "id"; tableName: "jornadas"; dataType: "string"; columnType: "SQLiteText"; data: string; driverParam: string; notNull: true; hasDefault: true; ... 6 more ...; generated: undefined; }, {}, { ...; }>; ... 12 more ...; del...'. Did you mean 'kmFim'?
src/services/reportsService.ts(540,45): error TS2551: Property 'km_inicio' does not exist on type 'SQLiteTableWithColumns<{ name: "jornadas"; schema: undefined; columns: { id: SQLiteColumn<{ name: "id"; tableName: "jornadas"; dataType: "string"; columnType: "SQLiteText"; data: string; driverParam: string; notNull: true; hasDefault: true; ... 6 more ...; generated: undefined; }, {}, { ...; }>; ... 12 more ...; del...'. Did you mean 'kmInicio'?
src/services/reportsService.ts(551,24): error TS2551: Property 'km_inicio' does not exist on type '{ id: string; idUsuario: string; idVeiculo: string; dataInicio: Date; kmInicio: number; dataFim: Date; kmFim: number; ganhoBruto: number; kmTotal: number; tempoTotal: number; observacoes: string; createdAt: Date; updatedAt: Date; deletedAt: Date; }'. Did you mean 'kmInicio'?
src/services/reportsService.ts(552,21): error TS2551: Property 'km_fim' does not exist on type '{ id: string; idUsuario: string; idVeiculo: string; dataInicio: Date; kmInicio: number; dataFim: Date; kmFim: number; ganhoBruto: number; kmTotal: number; tempoTotal: number; observacoes: string; createdAt: Date; updatedAt: Date; deletedAt: Date; }'. Did you mean 'kmFim'?
src/services/reportsService.ts(564,9): error TS2304: Cannot find name 'sql'.
src/services/reportsService.ts(613,39): error TS2339: Property 'execute' does not exist on type 'BetterSQLite3Database<typeof import("/home/ubuntu/GiroPro/backend/src/db/schema")> & { $client: Database; }'.
src/services/reportsService.ts(613,47): error TS2304: Cannot find name 'sql'.
src/services/vehicleService.ts(24,55): error TS2769: No overload matches this call.
  Overload 1 of 2, '(value: { tipoCombustivel: "gasolina" | "etanol" | "diesel" | "gnv" | "flex" | SQL<unknown> | Placeholder<string, any>; tipoUso: "proprio" | "alugado" | "financiado" | SQL<...> | Placeholder<...>; ... 11 more ...; mediaConsumo?: number | ... 1 more ... | Placeholder<...>; }): SQLiteInsertBase<...>', gave the following error.
    Argument of type '{ id: `${string}-${string}-${string}-${string}-${string}`; idUsuario: string; marca: string; modelo: string; ano: number; placa: string; tipoCombustivel: "Gasolina" | "Etanol" | "Diesel" | "GNV" | "Flex"; tipoUso: "Proprio" | ... 1 more ... | "Financiado"; dataCadastro: Date; }' is not assignable to parameter of type '{ tipoCombustivel: "gasolina" | "etanol" | "diesel" | "gnv" | "flex" | SQL<unknown> | Placeholder<string, any>; tipoUso: "proprio" | "alugado" | "financiado" | SQL<unknown> | Placeholder<...>; ... 11 more ...; mediaConsumo?: number | ... 1 more ... | Placeholder<...>; }'.
      Types of property 'tipoCombustivel' are incompatible.
        Type '"Gasolina" | "Etanol" | "Diesel" | "GNV" | "Flex"' is not assignable to type '"gasolina" | "etanol" | "diesel" | "gnv" | "flex" | SQL<unknown> | Placeholder<string, any>'.
          Type '"Gasolina"' is not assignable to type '"gasolina" | "etanol" | "diesel" | "gnv" | "flex" | SQL<unknown> | Placeholder<string, any>'. Did you mean '"gasolina"'?
  Overload 2 of 2, '(values: { tipoCombustivel: "gasolina" | "etanol" | "diesel" | "gnv" | "flex" | SQL<unknown> | Placeholder<string, any>; tipoUso: "proprio" | "alugado" | "financiado" | SQL<...> | Placeholder<...>; ... 11 more ...; mediaConsumo?: number | ... 1 more ... | Placeholder<...>; }[]): SQLiteInsertBase<...>', gave the following error.
    Argument of type '{ id: `${string}-${string}-${string}-${string}-${string}`; idUsuario: string; marca: string; modelo: string; ano: number; placa: string; tipoCombustivel: "Gasolina" | "Etanol" | "Diesel" | "GNV" | "Flex"; tipoUso: "Proprio" | ... 1 more ... | "Financiado"; dataCadastro: Date; }' is not assignable to parameter of type '{ tipoCombustivel: "gasolina" | "etanol" | "diesel" | "gnv" | "flex" | SQL<unknown> | Placeholder<string, any>; tipoUso: "proprio" | "alugado" | "financiado" | SQL<unknown> | Placeholder<...>; ... 11 more ...; mediaConsumo?: number | ... 1 more ... | Placeholder<...>; }[]'.
      Type '{ id: `${string}-${string}-${string}-${string}-${string}`; idUsuario: string; marca: string; modelo: string; ano: number; placa: string; tipoCombustivel: "Gasolina" | "Etanol" | "Diesel" | "GNV" | "Flex"; tipoUso: "Proprio" | ... 1 more ... | "Financiado"; dataCadastro: Date; }' is missing the following properties from type '{ tipoCombustivel: "gasolina" | "etanol" | "diesel" | "gnv" | "flex" | SQL<unknown> | Placeholder<string, any>; tipoUso: "proprio" | "alugado" | "financiado" | SQL<unknown> | Placeholder<...>; ... 11 more ...; mediaConsumo?: number | ... 1 more ... | Placeholder<...>; }[]': length, pop, push, concat, and 35 more.
src/tests/e2e/user-journey.test.ts(2,17): error TS2307: Cannot find module '../../app' or its corresponding type declarations.
src/tests/integration/auth.test.ts(2,17): error TS2307: Cannot find module '../../app' or its corresponding type declarations.
src/tests/integration/dashboard.test.ts(2,17): error TS2307: Cannot find module '../../app' or its corresponding type declarations.
src/tests/integration/dashboard.test.ts(64,38): error TS2769: No overload matches this call.
  Overload 1 of 2, '(value: { idUsuario: string | SQL<unknown> | Placeholder<string, any>; idVeiculo: string | SQL<unknown> | Placeholder<string, any>; dataInicio: SQL<unknown> | Date | Placeholder<...>; ... 10 more ...; createdAt?: SQL<...> | ... 1 more ... | Placeholder<...>; }): SQLiteInsertBase<...>', gave the following error.
    Argument of type '{ id: string; idUsuario: string; idVeiculo: string; dataInicio: number; dataFim: number; kmInicio: number; kmFim: number; ganhoBruto: number; kmTotal: number; tempoTotal: number; observacoes: string; }[]' is not assignable to parameter of type '{ idUsuario: string | SQL<unknown> | Placeholder<string, any>; idVeiculo: string | SQL<unknown> | Placeholder<string, any>; dataInicio: SQL<unknown> | Date | Placeholder<...>; ... 10 more ...; createdAt?: SQL<...> | ... 1 more ... | Placeholder<...>; }'.
      Type '{ id: string; idUsuario: string; idVeiculo: string; dataInicio: number; dataFim: number; kmInicio: number; kmFim: number; ganhoBruto: number; kmTotal: number; tempoTotal: number; observacoes: string; }[]' is missing the following properties from type '{ idUsuario: string | SQL<unknown> | Placeholder<string, any>; idVeiculo: string | SQL<unknown> | Placeholder<string, any>; dataInicio: SQL<unknown> | Date | Placeholder<...>; ... 10 more ...; createdAt?: SQL<...> | ... 1 more ... | Placeholder<...>; }': idUsuario, idVeiculo, dataInicio, kmInicio
src/tests/integration/dashboard.test.ts(81,37): error TS2769: No overload matches this call.
  Overload 1 of 2, '(value: { tipoCombustivel: "gasolina" | "etanol" | "diesel" | "gnv" | "flex" | SQL<unknown> | Placeholder<string, any>; idUsuario: string | SQL<unknown> | Placeholder<string, any>; ... 10 more ...; nomePosto?: string | ... 1 more ... | Placeholder<...>; }): SQLiteInsertBase<...>', gave the following error.
    Argument of type '{ id: string; idUsuario: string; idVeiculo: string; dataAbastecimento: number; quantidadeLitros: number; valorTotal: number; valorLitro: number; nomePosto: string; kmAtual: number; tipoCombustivel: "gasolina"; }[]' is not assignable to parameter of type '{ tipoCombustivel: "gasolina" | "etanol" | "diesel" | "gnv" | "flex" | SQL<unknown> | Placeholder<string, any>; idUsuario: string | SQL<unknown> | Placeholder<string, any>; ... 10 more ...; nomePosto?: string | ... 1 more ... | Placeholder<...>; }'.
      Type '{ id: string; idUsuario: string; idVeiculo: string; dataAbastecimento: number; quantidadeLitros: number; valorTotal: number; valorLitro: number; nomePosto: string; kmAtual: number; tipoCombustivel: "gasolina"; }[]' is missing the following properties from type '{ tipoCombustivel: "gasolina" | "etanol" | "diesel" | "gnv" | "flex" | SQL<unknown> | Placeholder<string, any>; idUsuario: string | SQL<unknown> | Placeholder<string, any>; ... 10 more ...; nomePosto?: string | ... 1 more ... | Placeholder<...>; }': tipoCombustivel, idUsuario, idVeiculo, dataAbastecimento, and 3 more.
  Overload 2 of 2, '(values: { tipoCombustivel: "gasolina" | "etanol" | "diesel" | "gnv" | "flex" | SQL<unknown> | Placeholder<string, any>; idUsuario: string | SQL<unknown> | Placeholder<string, any>; ... 10 more ...; nomePosto?: string | ... 1 more ... | Placeholder<...>; }[]): SQLiteInsertBase<...>', gave the following error.
    Type 'number' is not assignable to type 'SQL<unknown> | Date | Placeholder<string, any>'.
src/tests/integration/dashboard.test.ts(97,31): error TS2769: No overload matches this call.
  Overload 1 of 2, '(value: { tipoDespesa: "manutencao" | "pneus" | "seguro" | "outros" | SQL<unknown> | Placeholder<string, any>; idUsuario: string | SQL<unknown> | Placeholder<string, any>; ... 7 more ...; descricao?: string | ... 1 more ... | Placeholder<...>; }): SQLiteInsertBase<...>', gave the following error.
    Argument of type '{ id: string; idUsuario: string; idVeiculo: string; dataDespesa: number; tipoDespesa: "manutencao"; descricao: string; valorDespesa: number; }[]' is not assignable to parameter of type '{ tipoDespesa: "manutencao" | "pneus" | "seguro" | "outros" | SQL<unknown> | Placeholder<string, any>; idUsuario: string | SQL<unknown> | Placeholder<string, any>; ... 7 more ...; descricao?: string | ... 1 more ... | Placeholder<...>; }'.
      Type '{ id: string; idUsuario: string; idVeiculo: string; dataDespesa: number; tipoDespesa: "manutencao"; descricao: string; valorDespesa: number; }[]' is missing the following properties from type '{ tipoDespesa: "manutencao" | "pneus" | "seguro" | "outros" | SQL<unknown> | Placeholder<string, any>; idUsuario: string | SQL<unknown> | Placeholder<string, any>; ... 7 more ...; descricao?: string | ... 1 more ... | Placeholder<...>; }': tipoDespesa, idUsuario, dataDespesa, valorDespesa
  Overload 2 of 2, '(values: { tipoDespesa: "manutencao" | "pneus" | "seguro" | "outros" | SQL<unknown> | Placeholder<string, any>; idUsuario: string | SQL<unknown> | Placeholder<string, any>; ... 7 more ...; descricao?: string | ... 1 more ... | Placeholder<...>; }[]): SQLiteInsertBase<...>', gave the following error.
    Type 'number' is not assignable to type 'SQL<unknown> | Date | Placeholder<string, any>'.
